<?xml version="1.0" encoding="UTF-8"?>
<TestRun id="5f10ac94-4a63-49fe-a979-e1dc15af2328" name="mike@Helens-iMac.local 2020-05-01T10:20:15.487Z" runUser="mike" xmlns="http://microsoft.com/schemas/VisualStudio/TeamTest/2010">
  <TestSettings name="Jest test run" id="7f70eb2e-1245-4abb-b222-5f67e1789b3a"/>
  <Times creation="2020-05-01T10:20:15.487Z" queuing="2020-05-01T10:20:15.487Z" start="2020-05-01T10:20:15.487Z" finish="2020-05-01T10:20:15.487Z"/>
  <ResultSummary outcome="Passed">
    <Counters total="69" executed="69" passed="69" failed="0" error="0"/>
  </ResultSummary>
  <TestDefinitions>
    <UnitTest name="&lt;FileUpload/> / renders without error" id="715cfa1e-4312-447e-8395-ae6be2071136">
      <Execution id="c99bd41e-d4f1-4ae1-a0bd-f1121b7bc62f"/>
      <TestMethod codeBase="Jest_&lt;FileUpload/> / renders without error" name="&lt;FileUpload/> / renders without error" className="&lt;FileUpload/>"/>
    </UnitTest>
    <UnitTest name="&lt;FileUpload/> / Has a label with default text" id="b1b51160-9c74-400c-a6c3-b7fe1173f50e">
      <Execution id="aaa29a09-08c0-4199-8f36-f3ef738fd7c1"/>
      <TestMethod codeBase="Jest_&lt;FileUpload/> / Has a label with default text" name="&lt;FileUpload/> / Has a label with default text" className="&lt;FileUpload/>"/>
    </UnitTest>
    <UnitTest name="&lt;FileUpload/> / When Clicked / opens a file dialog" id="7bcd7567-f889-474e-b058-8df39f35647d">
      <Execution id="426d129b-f9d1-4d3b-93e6-efbbc308a6ca"/>
      <TestMethod codeBase="Jest_&lt;FileUpload/> / When Clicked / opens a file dialog" name="&lt;FileUpload/> / When Clicked / opens a file dialog" className="&lt;FileUpload/>"/>
    </UnitTest>
    <UnitTest name="&lt;FileUpload/> / When Clicked / When file selected / It calls set file " id="c13a3c11-7cba-4636-97fd-ed6839d4a2f6">
      <Execution id="d45006ac-699f-4962-bdad-326727b15a33"/>
      <TestMethod codeBase="Jest_&lt;FileUpload/> / When Clicked / When file selected / It calls set file " name="&lt;FileUpload/> / When Clicked / When file selected / It calls set file " className="&lt;FileUpload/>"/>
    </UnitTest>
    <UnitTest name="&lt;FileUpload/> / When Clicked / When file selected / It starts the workflow" id="c8e99298-d58a-4071-bfb6-eba6eb77c81d">
      <Execution id="e37a3d51-1510-47fe-acfc-56acc8e6d85a"/>
      <TestMethod codeBase="Jest_&lt;FileUpload/> / When Clicked / When file selected / It starts the workflow" name="&lt;FileUpload/> / When Clicked / When file selected / It starts the workflow" className="&lt;FileUpload/>"/>
    </UnitTest>
    <UnitTest name="&lt;RefreshButton/> / renders without error" id="0405d2d9-3434-471e-8cc5-cc2de59acec1">
      <Execution id="c4966600-2fc6-463b-b22c-d73cde7c5d17"/>
      <TestMethod codeBase="Jest_&lt;RefreshButton/> / renders without error" name="&lt;RefreshButton/> / renders without error" className="&lt;RefreshButton/>"/>
    </UnitTest>
    <UnitTest name="&lt;RefreshButton/> / on click / it calls refresh method in the context" id="83513028-acb8-41a2-a50f-813c84e40e6e">
      <Execution id="a8582a16-b7ae-4ad8-ab08-8e2fc7137155"/>
      <TestMethod codeBase="Jest_&lt;RefreshButton/> / on click / it calls refresh method in the context" name="&lt;RefreshButton/> / on click / it calls refresh method in the context" className="&lt;RefreshButton/>"/>
    </UnitTest>
    <UnitTest name="&lt;ResultsButton/> / renders without error" id="1a50035d-0e50-467f-81d0-0b62912db3aa">
      <Execution id="04768207-c17e-49bf-a828-be4817d36f82"/>
      <TestMethod codeBase="Jest_&lt;ResultsButton/> / renders without error" name="&lt;ResultsButton/> / renders without error" className="&lt;ResultsButton/>"/>
    </UnitTest>
    <UnitTest name="&lt;ResultsButton/> / when disabled / should have class disabled" id="74643806-3f98-43f4-9ee7-38f978138bef">
      <Execution id="63d669a9-4177-4138-a65d-0f66821cb937"/>
      <TestMethod codeBase="Jest_&lt;ResultsButton/> / when disabled / should have class disabled" name="&lt;ResultsButton/> / when disabled / should have class disabled" className="&lt;ResultsButton/>"/>
    </UnitTest>
    <UnitTest name="&lt;ResultsButton/> / when not disabled / should not have class disabled" id="86ae23b4-4738-492a-8b21-88792b41846c">
      <Execution id="f9598bfe-0797-4d32-aaab-9b66865cf500"/>
      <TestMethod codeBase="Jest_&lt;ResultsButton/> / when not disabled / should not have class disabled" name="&lt;ResultsButton/> / when not disabled / should not have class disabled" className="&lt;ResultsButton/>"/>
    </UnitTest>
    <UnitTest name="renders The App without error" id="79fc4bb4-d6d0-4dca-9d34-eab03dacb75d">
      <Execution id="aa858d6a-a2f9-41de-b39e-95c4433a02d5"/>
      <TestMethod codeBase="Jest_renders The App without error" name="renders The App without error" className="No suite"/>
    </UnitTest>
    <UnitTest name="&lt;Main/> / it renders without error" id="4fd98a50-d7de-4373-810f-4719b7f71aa3">
      <Execution id="c96ee8cf-725f-4ffe-a19f-219c9408a39b"/>
      <TestMethod codeBase="Jest_&lt;Main/> / it renders without error" name="&lt;Main/> / it renders without error" className="&lt;Main/>"/>
    </UnitTest>
    <UnitTest name="&lt;Main/> / When disabled / Displays the input field" id="acf5fb3d-1d44-4c3d-b3f0-df12244a9d4d">
      <Execution id="c4afd7fa-bac5-429e-a137-237e734298e1"/>
      <TestMethod codeBase="Jest_&lt;Main/> / When disabled / Displays the input field" name="&lt;Main/> / When disabled / Displays the input field" className="&lt;Main/>"/>
    </UnitTest>
    <UnitTest name="&lt;Help/> / renders without error" id="3de3eb45-8273-419a-9eae-15724ae6a856">
      <Execution id="25ba445e-5e90-4834-871c-dc1fcb2fe1bd"/>
      <TestMethod codeBase="Jest_&lt;Help/> / renders without error" name="&lt;Help/> / renders without error" className="&lt;Help/>"/>
    </UnitTest>
    <UnitTest name="&lt;Help/> / Shows help text returned from context" id="ed14e68b-4ef1-424a-ab42-6128481d9288">
      <Execution id="062cae7b-25c5-4ea7-ab05-f96c04df69e8"/>
      <TestMethod codeBase="Jest_&lt;Help/> / Shows help text returned from context" name="&lt;Help/> / Shows help text returned from context" className="&lt;Help/>"/>
    </UnitTest>
    <UnitTest name="&lt;Input/> / it renders without error" id="799c6c2e-3320-4771-9c86-0609fe121561">
      <Execution id="42971258-231e-4709-bf18-2fc6db107420"/>
      <TestMethod codeBase="Jest_&lt;Input/> / it renders without error" name="&lt;Input/> / it renders without error" className="&lt;Input/>"/>
    </UnitTest>
    <UnitTest name="&lt;Input/> / when disabled / has the disabled class" id="a761e8ad-9b0d-4a80-922a-be8aa9d9ee86">
      <Execution id="adfdce8f-4e5b-4465-8931-2d120f739903"/>
      <TestMethod codeBase="Jest_&lt;Input/> / when disabled / has the disabled class" name="&lt;Input/> / when disabled / has the disabled class" className="&lt;Input/>"/>
    </UnitTest>
    <UnitTest name="&lt;Input/> / when disabled / Cannot call uploadData" id="53f16ea2-626e-453e-928a-1ba16b95e0f6">
      <Execution id="1ef071c0-0f97-4225-869f-0ba1f3d39350"/>
      <TestMethod codeBase="Jest_&lt;Input/> / when disabled / Cannot call uploadData" name="&lt;Input/> / when disabled / Cannot call uploadData" className="&lt;Input/>"/>
    </UnitTest>
    <UnitTest name="&lt;Input/> / when enabled / does not have the disabled class" id="f6132680-3146-437c-9160-3a908e4968a3">
      <Execution id="795b6e72-98c3-4711-acab-222688176c4a"/>
      <TestMethod codeBase="Jest_&lt;Input/> / when enabled / does not have the disabled class" name="&lt;Input/> / when enabled / does not have the disabled class" className="&lt;Input/>"/>
    </UnitTest>
    <UnitTest name="&lt;Input/> / when enabled / when clicked / It calls the uploadData function" id="b6fd53a2-f89e-4bc5-89ac-a5ea5efbfe31">
      <Execution id="5101c13c-efd9-4e11-bdcf-5e570c3e46d4"/>
      <TestMethod codeBase="Jest_&lt;Input/> / when enabled / when clicked / It calls the uploadData function" name="&lt;Input/> / when enabled / when clicked / It calls the uploadData function" className="&lt;Input/>"/>
    </UnitTest>
    <UnitTest name="&lt;FlowContainer/> / is disabled by default" id="fe2cde09-6322-4b73-a214-716072ce63fe">
      <Execution id="e75d5af3-a4bf-4de9-874e-9b70f08cb454"/>
      <TestMethod codeBase="Jest_&lt;FlowContainer/> / is disabled by default" name="&lt;FlowContainer/> / is disabled by default" className="&lt;FlowContainer/>"/>
    </UnitTest>
    <UnitTest name="&lt;FlowContainer/> / When First Enabled / Shows the Flow Component" id="b5e3a957-e7cc-4f9a-a5a7-7c15ecba3b20">
      <Execution id="bfb9748c-d4ff-4b86-a0d0-b86bea969656"/>
      <TestMethod codeBase="Jest_&lt;FlowContainer/> / When First Enabled / Shows the Flow Component" name="&lt;FlowContainer/> / When First Enabled / Shows the Flow Component" className="&lt;FlowContainer/>"/>
    </UnitTest>
    <UnitTest name="&lt;Update/> / It renders without error" id="d43658d2-4207-45ea-94f5-97be3cf0b6ac">
      <Execution id="3b88b62e-cf01-43fd-9714-acd29b2a2af0"/>
      <TestMethod codeBase="Jest_&lt;Update/> / It renders without error" name="&lt;Update/> / It renders without error" className="&lt;Update/>"/>
    </UnitTest>
    <UnitTest name="&lt;Update/> / when disabled / The disabled class is applied" id="f6e89e3e-cef7-431f-9392-6bf6d71e52bf">
      <Execution id="984f53cb-c397-4887-9f30-9db70c0fb9a8"/>
      <TestMethod codeBase="Jest_&lt;Update/> / when disabled / The disabled class is applied" name="&lt;Update/> / when disabled / The disabled class is applied" className="&lt;Update/>"/>
    </UnitTest>
    <UnitTest name="&lt;Update/> / when ran / the ran class is appled" id="df7e6320-b1ce-4da1-9c71-03ead3971fa7">
      <Execution id="9516a999-e99c-4712-bdc7-810f753700e1"/>
      <TestMethod codeBase="Jest_&lt;Update/> / when ran / the ran class is appled" name="&lt;Update/> / when ran / the ran class is appled" className="&lt;Update/>"/>
    </UnitTest>
    <UnitTest name="&lt;ScenarioModelling/> / it renders without error" id="a80c5acc-3e11-4a3b-942f-d335742345e7">
      <Execution id="9cb578bf-136e-4eef-af6b-f3805e79777c"/>
      <TestMethod codeBase="Jest_&lt;ScenarioModelling/> / it renders without error" name="&lt;ScenarioModelling/> / it renders without error" className="&lt;ScenarioModelling/>"/>
    </UnitTest>
    <UnitTest name="&lt;ScenarioModelling/> / It has a header" id="4d7cb5b9-e12c-41de-9d03-5024b1c8ae4a">
      <Execution id="823b90ff-bab6-4b04-8043-a4ac9ce5d709"/>
      <TestMethod codeBase="Jest_&lt;ScenarioModelling/> / It has a header" name="&lt;ScenarioModelling/> / It has a header" className="&lt;ScenarioModelling/>"/>
    </UnitTest>
    <UnitTest name="&lt;ScenarioModelling/> / It has a drop down select container" id="95781f2b-cde1-4deb-a569-e785cda95819">
      <Execution id="1f3a77e9-8c70-4420-b09c-1a0f3103fbab"/>
      <TestMethod codeBase="Jest_&lt;ScenarioModelling/> / It has a drop down select container" name="&lt;ScenarioModelling/> / It has a drop down select container" className="&lt;ScenarioModelling/>"/>
    </UnitTest>
    <UnitTest name="&lt;RunButton / it renders without error" id="d25bdb84-f3ad-4b25-b2a8-c28c19ac2607">
      <Execution id="7488b9f5-7681-42a1-9aa1-01fbf138e1d8"/>
      <TestMethod codeBase="Jest_&lt;RunButton / it renders without error" name="&lt;RunButton / it renders without error" className="&lt;RunButton"/>
    </UnitTest>
    <UnitTest name="&lt;RunButton / when disabled / Has the disabled class" id="7404fccf-941b-4274-a3cb-805678a27199">
      <Execution id="54cda9b3-458c-42af-a37e-a8ce431b433d"/>
      <TestMethod codeBase="Jest_&lt;RunButton / when disabled / Has the disabled class" name="&lt;RunButton / when disabled / Has the disabled class" className="&lt;RunButton"/>
    </UnitTest>
    <UnitTest name="&lt;RunButton / when disabled / Cannot call run data" id="35733f13-edac-4add-b0bb-251c541246fe">
      <Execution id="7acd6fb8-2b95-4ee8-aecd-fab083e823b7"/>
      <TestMethod codeBase="Jest_&lt;RunButton / when disabled / Cannot call run data" name="&lt;RunButton / when disabled / Cannot call run data" className="&lt;RunButton"/>
    </UnitTest>
    <UnitTest name="&lt;RunButton / when enabled / Does not have the disabled class" id="c4cde246-9f7c-447c-83b2-3d936615f3e9">
      <Execution id="089abf0d-6c25-4536-afa6-99f3df212328"/>
      <TestMethod codeBase="Jest_&lt;RunButton / when enabled / Does not have the disabled class" name="&lt;RunButton / when enabled / Does not have the disabled class" className="&lt;RunButton"/>
    </UnitTest>
    <UnitTest name="&lt;RunButton / when enabled / Can call run data" id="b98adf8c-7593-480d-8c60-55191770ac69">
      <Execution id="b776d8e1-db43-4ae4-8e4c-9f9506f1c9e7"/>
      <TestMethod codeBase="Jest_&lt;RunButton / when enabled / Can call run data" name="&lt;RunButton / when enabled / Can call run data" className="&lt;RunButton"/>
    </UnitTest>
    <UnitTest name="&lt;RunArrow/> / It renders without error" id="122cf597-8e05-4291-a107-a59dd33f4a57">
      <Execution id="dfbad392-68d6-47b0-92bb-d1bad95d531c"/>
      <TestMethod codeBase="Jest_&lt;RunArrow/> / It renders without error" name="&lt;RunArrow/> / It renders without error" className="&lt;RunArrow/>"/>
    </UnitTest>
    <UnitTest name="&lt;RunArrow/> / when disabled / The disabled class is applied" id="eeb0e06a-6a78-4e1b-b8c2-fb2935146081">
      <Execution id="57310532-d726-44ed-814b-5e695086090b"/>
      <TestMethod codeBase="Jest_&lt;RunArrow/> / when disabled / The disabled class is applied" name="&lt;RunArrow/> / when disabled / The disabled class is applied" className="&lt;RunArrow/>"/>
    </UnitTest>
    <UnitTest name="&lt;RunArrow/> / when ran / the ran class is applied" id="81a6cc96-7c03-4dac-9efd-554ec2fc9fb5">
      <Execution id="63b2563a-3b37-49f6-8d96-bc0ead754fb5"/>
      <TestMethod codeBase="Jest_&lt;RunArrow/> / when ran / the ran class is applied" name="&lt;RunArrow/> / when ran / the ran class is applied" className="&lt;RunArrow/>"/>
    </UnitTest>
    <UnitTest name="&lt;Nav/> / renders without error" id="704e139a-dd25-4dfd-922d-157d6ddfad6f">
      <Execution id="216b9bc6-5ce4-4847-8227-48169e79e834"/>
      <TestMethod codeBase="Jest_&lt;Nav/> / renders without error" name="&lt;Nav/> / renders without error" className="&lt;Nav/>"/>
    </UnitTest>
    <UnitTest name="&lt;ListItem/> / renders without error" id="1f07c43a-6c7f-4bf1-8dee-862918773e81">
      <Execution id="ae09bae6-660c-44de-b896-0f4126ef508d"/>
      <TestMethod codeBase="Jest_&lt;ListItem/> / renders without error" name="&lt;ListItem/> / renders without error" className="&lt;ListItem/>"/>
    </UnitTest>
    <UnitTest name="&lt;ListItem/> / When clicked / calls showNext" id="05015a91-88f1-457c-a187-ebe08aaa1c81">
      <Execution id="d223fdd6-ca47-45e9-ad36-c7042528c7ed"/>
      <TestMethod codeBase="Jest_&lt;ListItem/> / When clicked / calls showNext" name="&lt;ListItem/> / When clicked / calls showNext" className="&lt;ListItem/>"/>
    </UnitTest>
    <UnitTest name="&lt;Button /> / renders without error" id="0e3a2745-d20f-4553-ac75-a048afe0faac">
      <Execution id="d67cbcde-c19d-4503-b23e-e471946537c4"/>
      <TestMethod codeBase="Jest_&lt;Button /> / renders without error" name="&lt;Button /> / renders without error" className="&lt;Button />"/>
    </UnitTest>
    <UnitTest name="&lt;Button /> / can be set to be active" id="6c087b93-081d-4469-92a2-d803375ae04f">
      <Execution id="ab617c45-4c3a-4259-b63b-aa1d3e24e1ca"/>
      <TestMethod codeBase="Jest_&lt;Button /> / can be set to be active" name="&lt;Button /> / can be set to be active" className="&lt;Button />"/>
    </UnitTest>
    <UnitTest name="&lt;Button /> / can accept other classes" id="77fb8322-09de-495a-acf5-884d52ed6219">
      <Execution id="951f1e7f-fba4-4411-b73f-04e886413c47"/>
      <TestMethod codeBase="Jest_&lt;Button /> / can accept other classes" name="&lt;Button /> / can accept other classes" className="&lt;Button />"/>
    </UnitTest>
    <UnitTest name="FlowContext / reducer / When type is START_FLOW / it returns some default state" id="706b5aa0-8fad-4bf6-b5ff-fead1d9da1e5">
      <Execution id="6876e048-c241-4850-b83f-12592fc30010"/>
      <TestMethod codeBase="Jest_FlowContext / reducer / When type is START_FLOW / it returns some default state" name="FlowContext / reducer / When type is START_FLOW / it returns some default state" className="FlowContext"/>
    </UnitTest>
    <UnitTest name="FlowContext / reducer / action creators / Upload Data / uploadData dispatches UPLOADINGDATA action" id="45f098cb-02e4-4f09-8da8-689862dfcdcf">
      <Execution id="1b1357bf-c4c7-418a-a647-84954fbec772"/>
      <TestMethod codeBase="Jest_FlowContext / reducer / action creators / Upload Data / uploadData dispatches UPLOADINGDATA action" name="FlowContext / reducer / action creators / Upload Data / uploadData dispatches UPLOADINGDATA action" className="FlowContext"/>
    </UnitTest>
    <UnitTest name="FlowContext / reducer / action creators / Upload Data / uploadData also fires INPUT_DATA action" id="35858075-68aa-413e-965a-7f38a18d6e04">
      <Execution id="c6bf969c-854e-4a12-9e66-3163fa794bbb"/>
      <TestMethod codeBase="Jest_FlowContext / reducer / action creators / Upload Data / uploadData also fires INPUT_DATA action" name="FlowContext / reducer / action creators / Upload Data / uploadData also fires INPUT_DATA action" className="FlowContext"/>
    </UnitTest>
    <UnitTest name="FlowContext / reducer / action creators / run data / calls RUN_DATA reducer action" id="76035cf5-df34-4521-a81c-6e3ccea3f0a2">
      <Execution id="f9d0dd00-ffb0-41d3-950c-e7ac858efd75"/>
      <TestMethod codeBase="Jest_FlowContext / reducer / action creators / run data / calls RUN_DATA reducer action" name="FlowContext / reducer / action creators / run data / calls RUN_DATA reducer action" className="FlowContext"/>
    </UnitTest>
    <UnitTest name="FlowContext / reducer / action creators / inputData / It dispatches the INPUT_DATA action" id="b4b9aab0-2d81-4c52-a9f2-caf9b61aa40b">
      <Execution id="e6ec59e9-de9a-4592-bfcc-762462d98280"/>
      <TestMethod codeBase="Jest_FlowContext / reducer / action creators / inputData / It dispatches the INPUT_DATA action" name="FlowContext / reducer / action creators / inputData / It dispatches the INPUT_DATA action" className="FlowContext"/>
    </UnitTest>
    <UnitTest name="FlowContext / reducer / action creators / start / It dispatches the START action with a file payload" id="8065e80b-b8c6-4c3d-baba-bf02d76fb848">
      <Execution id="aa1b2a17-175f-4ba5-9466-5b4befd90410"/>
      <TestMethod codeBase="Jest_FlowContext / reducer / action creators / start / It dispatches the START action with a file payload" name="FlowContext / reducer / action creators / start / It dispatches the START action with a file payload" className="FlowContext"/>
    </UnitTest>
    <UnitTest name="&lt;List/> / It renders without error" id="aafa4fc2-b3b7-4695-bfca-260b7cceccda">
      <Execution id="110d1f8a-e70e-4de7-ba7b-0b31fad7b348"/>
      <TestMethod codeBase="Jest_&lt;List/> / It renders without error" name="&lt;List/> / It renders without error" className="&lt;List/>"/>
    </UnitTest>
    <UnitTest name="&lt;List/> / Drop Down List / Displays a default selection" id="b7b2c365-f2e9-4253-8695-ffa1e368cdea">
      <Execution id="76686450-b58b-4ca9-8d82-cc99f546ff20"/>
      <TestMethod codeBase="Jest_&lt;List/> / Drop Down List / Displays a default selection" name="&lt;List/> / Drop Down List / Displays a default selection" className="&lt;List/>"/>
    </UnitTest>
    <UnitTest name="&lt;List/> / Drop Down List / On Click / Displays a collection of items" id="6dd0a8ae-7415-48f1-967f-d0f7fb5c5e51">
      <Execution id="7bc3fc3a-609e-4b9f-8cb4-116f8a7241f6"/>
      <TestMethod codeBase="Jest_&lt;List/> / Drop Down List / On Click / Displays a collection of items" name="&lt;List/> / Drop Down List / On Click / Displays a collection of items" className="&lt;List/>"/>
    </UnitTest>
    <UnitTest name="&lt;Header/> / renders without error" id="6573f639-7e5c-4c70-88c2-328278498cb9">
      <Execution id="eca3a2f9-7602-4aeb-8b1a-f46df913f242"/>
      <TestMethod codeBase="Jest_&lt;Header/> / renders without error" name="&lt;Header/> / renders without error" className="&lt;Header/>"/>
    </UnitTest>
    <UnitTest name="&lt;Header/> / Displays a user name" id="0c668f9f-20e0-4909-8807-2418377d27cc">
      <Execution id="7262df58-479d-4561-bc37-a5be87272844"/>
      <TestMethod codeBase="Jest_&lt;Header/> / Displays a user name" name="&lt;Header/> / Displays a user name" className="&lt;Header/>"/>
    </UnitTest>
    <UnitTest name="&lt;Arrow /> / it renders without error" id="e643db74-094f-47ae-a4aa-747bbe7ab958">
      <Execution id="224dd20f-3b44-406f-a191-1114a5ef6b88"/>
      <TestMethod codeBase="Jest_&lt;Arrow /> / it renders without error" name="&lt;Arrow /> / it renders without error" className="&lt;Arrow />"/>
    </UnitTest>
    <UnitTest name="&lt;Arrow /> / renders without Error when passed a valid set of paths" id="92c4658f-aa29-437b-a514-0360f9e0ffc6">
      <Execution id="bcd0177d-acaf-42cf-b706-eca93c126f2a"/>
      <TestMethod codeBase="Jest_&lt;Arrow /> / renders without Error when passed a valid set of paths" name="&lt;Arrow /> / renders without Error when passed a valid set of paths" className="&lt;Arrow />"/>
    </UnitTest>
    <UnitTest name="&lt;Arrow /> / takes a child path element and renders it" id="f1f13f33-7abc-4af7-81ba-91c14a294341">
      <Execution id="5b1f2013-697c-4f36-98c0-190a0b385edc"/>
      <TestMethod codeBase="Jest_&lt;Arrow /> / takes a child path element and renders it" name="&lt;Arrow /> / takes a child path element and renders it" className="&lt;Arrow />"/>
    </UnitTest>
    <UnitTest name="&lt;Form/> / renders without error" id="b4d3438d-97d1-4425-9789-040c2f5c9fc8">
      <Execution id="5591e857-5eaf-493f-8740-03b071e96365"/>
      <TestMethod codeBase="Jest_&lt;Form/> / renders without error" name="&lt;Form/> / renders without error" className="&lt;Form/>"/>
    </UnitTest>
    <UnitTest name="&lt;Form/> / renders a form field for every field item" id="69ab4d8d-3be6-4b31-8691-3f4057315969">
      <Execution id="71564bda-aac3-497c-aef5-c3965ae11b92"/>
      <TestMethod codeBase="Jest_&lt;Form/> / renders a form field for every field item" name="&lt;Form/> / renders a form field for every field item" className="&lt;Form/>"/>
    </UnitTest>
    <UnitTest name="getColumnItem / returns the correct columnItem for items on first tier" id="c8a994dc-817a-4531-90c7-529ee9a50949">
      <Execution id="ab02ec16-623e-448c-ab21-b9d220d9eb79"/>
      <TestMethod codeBase="Jest_getColumnItem / returns the correct columnItem for items on first tier" name="getColumnItem / returns the correct columnItem for items on first tier" className="getColumnItem"/>
    </UnitTest>
    <UnitTest name="getColumnItem / return the correct column item for items on the 5th tier" id="8a0125a3-bc38-4034-82a7-4f2babe67a03">
      <Execution id="67639771-0865-419e-be79-0aea3e5904cd"/>
      <TestMethod codeBase="Jest_getColumnItem / return the correct column item for items on the 5th tier" name="getColumnItem / return the correct column item for items on the 5th tier" className="getColumnItem"/>
    </UnitTest>
    <UnitTest name="buildColumnItem / When input options is the same length as the column number / it appends a new column item" id="caabbee0-3fef-4036-a5f0-0acca980c481">
      <Execution id="4b969b00-d8bd-48dc-878d-289bd780cea7"/>
      <TestMethod codeBase="Jest_buildColumnItem / When input options is the same length as the column number / it appends a new column item" name="buildColumnItem / When input options is the same length as the column number / it appends a new column item" className="buildColumnItem"/>
    </UnitTest>
    <UnitTest name="buildColumnItem / When input options is the same length as the column number / The new item has column index of 2" id="e87e1c1f-e6f5-4d68-b861-a4c3547de34d">
      <Execution id="c00dccaf-31ae-48e7-ae20-01c584d3d63e"/>
      <TestMethod codeBase="Jest_buildColumnItem / When input options is the same length as the column number / The new item has column index of 2" name="buildColumnItem / When input options is the same length as the column number / The new item has column index of 2" className="buildColumnItem"/>
    </UnitTest>
    <UnitTest name="buildColumnItem / When input options length is greater than selected option / When an item is selected from the first column / it returns a list with 2 elements" id="a174c11d-e87a-445c-9e07-200d9f79ca5b">
      <Execution id="36e47941-839f-4b83-bd35-0f80b52164d3"/>
      <TestMethod codeBase="Jest_buildColumnItem / When input options length is greater than selected option / When an item is selected from the first column / it returns a list with 2 elements" name="buildColumnItem / When input options length is greater than selected option / When an item is selected from the first column / it returns a list with 2 elements" className="buildColumnItem"/>
    </UnitTest>
    <UnitTest name="buildColumnItem / When input options length is greater than selected option / When an item is selected from the first column / The 2nd element has a idx of 2" id="e85f7f7f-1f87-4020-8ad3-5f850cbf43c3">
      <Execution id="057c8152-d51c-41aa-b69e-710b17ef4649"/>
      <TestMethod codeBase="Jest_buildColumnItem / When input options length is greater than selected option / When an item is selected from the first column / The 2nd element has a idx of 2" name="buildColumnItem / When input options length is greater than selected option / When an item is selected from the first column / The 2nd element has a idx of 2" className="buildColumnItem"/>
    </UnitTest>
    <UnitTest name="&lt;FormField/> / it renders without error" id="bc848667-c90b-4253-b58f-a097d47819f1">
      <Execution id="57d6624b-ab0a-422a-9ded-50694ef7e9f6"/>
      <TestMethod codeBase="Jest_&lt;FormField/> / it renders without error" name="&lt;FormField/> / it renders without error" className="&lt;FormField/>"/>
    </UnitTest>
    <UnitTest name="Scenario Context / ScenarioReducer / Returns a default state" id="59057207-796f-4fc6-a6d9-45a12208432c">
      <Execution id="5b4caf76-0d52-4409-b78b-549f7f62308c"/>
      <TestMethod codeBase="Jest_Scenario Context / ScenarioReducer / Returns a default state" name="Scenario Context / ScenarioReducer / Returns a default state" className="Scenario Context"/>
    </UnitTest>
    <UnitTest name="Scenario Context / ScenarioReducer / When Type is SHOW_SCENARIOS / Adds scenarioOptions to the state" id="191cdf5f-d3f9-4732-aec3-80492149c65e">
      <Execution id="6c31f59c-f2e5-4f96-b4f6-789f0dcc3334"/>
      <TestMethod codeBase="Jest_Scenario Context / ScenarioReducer / When Type is SHOW_SCENARIOS / Adds scenarioOptions to the state" name="Scenario Context / ScenarioReducer / When Type is SHOW_SCENARIOS / Adds scenarioOptions to the state" className="Scenario Context"/>
    </UnitTest>
    <UnitTest name="Scenario Context / Action Creators / showScenarios / It dispatches the showScenarios action" id="4c8cc660-5336-455a-a657-b7cb573e85f1">
      <Execution id="1be12eae-6570-43fa-87c6-c7f11e678d02"/>
      <TestMethod codeBase="Jest_Scenario Context / Action Creators / showScenarios / It dispatches the showScenarios action" name="Scenario Context / Action Creators / showScenarios / It dispatches the showScenarios action" className="Scenario Context"/>
    </UnitTest>
    <UnitTest name="dataContextFactory / Returns a Context Object and a provider / That does not throw an error when wrapping another element" id="c25e0caf-3c15-4d48-aa6d-2e5184c4b917">
      <Execution id="fbf01b49-be93-471d-9694-3d870e47e2dd"/>
      <TestMethod codeBase="Jest_dataContextFactory / Returns a Context Object and a provider / That does not throw an error when wrapping another element" name="dataContextFactory / Returns a Context Object and a provider / That does not throw an error when wrapping another element" className="dataContextFactory"/>
    </UnitTest>
  </TestDefinitions>
  <TestLists>
    <TestList name="Results Not in a List" id="8c84fa94-04c1-424b-9868-57a2d4851a1d"/>
    <TestList name="All Loaded Results" id="19431567-8539-422a-85d7-44ee4e166bda"/>
  </TestLists>
  <TestEntries>
    <TestEntry testId="715cfa1e-4312-447e-8395-ae6be2071136" executionId="c99bd41e-d4f1-4ae1-a0bd-f1121b7bc62f" testListId="8c84fa94-04c1-424b-9868-57a2d4851a1d"/>
    <TestEntry testId="b1b51160-9c74-400c-a6c3-b7fe1173f50e" executionId="aaa29a09-08c0-4199-8f36-f3ef738fd7c1" testListId="8c84fa94-04c1-424b-9868-57a2d4851a1d"/>
    <TestEntry testId="7bcd7567-f889-474e-b058-8df39f35647d" executionId="426d129b-f9d1-4d3b-93e6-efbbc308a6ca" testListId="8c84fa94-04c1-424b-9868-57a2d4851a1d"/>
    <TestEntry testId="c13a3c11-7cba-4636-97fd-ed6839d4a2f6" executionId="d45006ac-699f-4962-bdad-326727b15a33" testListId="8c84fa94-04c1-424b-9868-57a2d4851a1d"/>
    <TestEntry testId="c8e99298-d58a-4071-bfb6-eba6eb77c81d" executionId="e37a3d51-1510-47fe-acfc-56acc8e6d85a" testListId="8c84fa94-04c1-424b-9868-57a2d4851a1d"/>
    <TestEntry testId="0405d2d9-3434-471e-8cc5-cc2de59acec1" executionId="c4966600-2fc6-463b-b22c-d73cde7c5d17" testListId="8c84fa94-04c1-424b-9868-57a2d4851a1d"/>
    <TestEntry testId="83513028-acb8-41a2-a50f-813c84e40e6e" executionId="a8582a16-b7ae-4ad8-ab08-8e2fc7137155" testListId="8c84fa94-04c1-424b-9868-57a2d4851a1d"/>
    <TestEntry testId="1a50035d-0e50-467f-81d0-0b62912db3aa" executionId="04768207-c17e-49bf-a828-be4817d36f82" testListId="8c84fa94-04c1-424b-9868-57a2d4851a1d"/>
    <TestEntry testId="74643806-3f98-43f4-9ee7-38f978138bef" executionId="63d669a9-4177-4138-a65d-0f66821cb937" testListId="8c84fa94-04c1-424b-9868-57a2d4851a1d"/>
    <TestEntry testId="86ae23b4-4738-492a-8b21-88792b41846c" executionId="f9598bfe-0797-4d32-aaab-9b66865cf500" testListId="8c84fa94-04c1-424b-9868-57a2d4851a1d"/>
    <TestEntry testId="79fc4bb4-d6d0-4dca-9d34-eab03dacb75d" executionId="aa858d6a-a2f9-41de-b39e-95c4433a02d5" testListId="8c84fa94-04c1-424b-9868-57a2d4851a1d"/>
    <TestEntry testId="4fd98a50-d7de-4373-810f-4719b7f71aa3" executionId="c96ee8cf-725f-4ffe-a19f-219c9408a39b" testListId="8c84fa94-04c1-424b-9868-57a2d4851a1d"/>
    <TestEntry testId="acf5fb3d-1d44-4c3d-b3f0-df12244a9d4d" executionId="c4afd7fa-bac5-429e-a137-237e734298e1" testListId="8c84fa94-04c1-424b-9868-57a2d4851a1d"/>
    <TestEntry testId="3de3eb45-8273-419a-9eae-15724ae6a856" executionId="25ba445e-5e90-4834-871c-dc1fcb2fe1bd" testListId="8c84fa94-04c1-424b-9868-57a2d4851a1d"/>
    <TestEntry testId="ed14e68b-4ef1-424a-ab42-6128481d9288" executionId="062cae7b-25c5-4ea7-ab05-f96c04df69e8" testListId="8c84fa94-04c1-424b-9868-57a2d4851a1d"/>
    <TestEntry testId="799c6c2e-3320-4771-9c86-0609fe121561" executionId="42971258-231e-4709-bf18-2fc6db107420" testListId="8c84fa94-04c1-424b-9868-57a2d4851a1d"/>
    <TestEntry testId="a761e8ad-9b0d-4a80-922a-be8aa9d9ee86" executionId="adfdce8f-4e5b-4465-8931-2d120f739903" testListId="8c84fa94-04c1-424b-9868-57a2d4851a1d"/>
    <TestEntry testId="53f16ea2-626e-453e-928a-1ba16b95e0f6" executionId="1ef071c0-0f97-4225-869f-0ba1f3d39350" testListId="8c84fa94-04c1-424b-9868-57a2d4851a1d"/>
    <TestEntry testId="f6132680-3146-437c-9160-3a908e4968a3" executionId="795b6e72-98c3-4711-acab-222688176c4a" testListId="8c84fa94-04c1-424b-9868-57a2d4851a1d"/>
    <TestEntry testId="b6fd53a2-f89e-4bc5-89ac-a5ea5efbfe31" executionId="5101c13c-efd9-4e11-bdcf-5e570c3e46d4" testListId="8c84fa94-04c1-424b-9868-57a2d4851a1d"/>
    <TestEntry testId="fe2cde09-6322-4b73-a214-716072ce63fe" executionId="e75d5af3-a4bf-4de9-874e-9b70f08cb454" testListId="8c84fa94-04c1-424b-9868-57a2d4851a1d"/>
    <TestEntry testId="b5e3a957-e7cc-4f9a-a5a7-7c15ecba3b20" executionId="bfb9748c-d4ff-4b86-a0d0-b86bea969656" testListId="8c84fa94-04c1-424b-9868-57a2d4851a1d"/>
    <TestEntry testId="d43658d2-4207-45ea-94f5-97be3cf0b6ac" executionId="3b88b62e-cf01-43fd-9714-acd29b2a2af0" testListId="8c84fa94-04c1-424b-9868-57a2d4851a1d"/>
    <TestEntry testId="f6e89e3e-cef7-431f-9392-6bf6d71e52bf" executionId="984f53cb-c397-4887-9f30-9db70c0fb9a8" testListId="8c84fa94-04c1-424b-9868-57a2d4851a1d"/>
    <TestEntry testId="df7e6320-b1ce-4da1-9c71-03ead3971fa7" executionId="9516a999-e99c-4712-bdc7-810f753700e1" testListId="8c84fa94-04c1-424b-9868-57a2d4851a1d"/>
    <TestEntry testId="a80c5acc-3e11-4a3b-942f-d335742345e7" executionId="9cb578bf-136e-4eef-af6b-f3805e79777c" testListId="8c84fa94-04c1-424b-9868-57a2d4851a1d"/>
    <TestEntry testId="4d7cb5b9-e12c-41de-9d03-5024b1c8ae4a" executionId="823b90ff-bab6-4b04-8043-a4ac9ce5d709" testListId="8c84fa94-04c1-424b-9868-57a2d4851a1d"/>
    <TestEntry testId="95781f2b-cde1-4deb-a569-e785cda95819" executionId="1f3a77e9-8c70-4420-b09c-1a0f3103fbab" testListId="8c84fa94-04c1-424b-9868-57a2d4851a1d"/>
    <TestEntry testId="d25bdb84-f3ad-4b25-b2a8-c28c19ac2607" executionId="7488b9f5-7681-42a1-9aa1-01fbf138e1d8" testListId="8c84fa94-04c1-424b-9868-57a2d4851a1d"/>
    <TestEntry testId="7404fccf-941b-4274-a3cb-805678a27199" executionId="54cda9b3-458c-42af-a37e-a8ce431b433d" testListId="8c84fa94-04c1-424b-9868-57a2d4851a1d"/>
    <TestEntry testId="35733f13-edac-4add-b0bb-251c541246fe" executionId="7acd6fb8-2b95-4ee8-aecd-fab083e823b7" testListId="8c84fa94-04c1-424b-9868-57a2d4851a1d"/>
    <TestEntry testId="c4cde246-9f7c-447c-83b2-3d936615f3e9" executionId="089abf0d-6c25-4536-afa6-99f3df212328" testListId="8c84fa94-04c1-424b-9868-57a2d4851a1d"/>
    <TestEntry testId="b98adf8c-7593-480d-8c60-55191770ac69" executionId="b776d8e1-db43-4ae4-8e4c-9f9506f1c9e7" testListId="8c84fa94-04c1-424b-9868-57a2d4851a1d"/>
    <TestEntry testId="122cf597-8e05-4291-a107-a59dd33f4a57" executionId="dfbad392-68d6-47b0-92bb-d1bad95d531c" testListId="8c84fa94-04c1-424b-9868-57a2d4851a1d"/>
    <TestEntry testId="eeb0e06a-6a78-4e1b-b8c2-fb2935146081" executionId="57310532-d726-44ed-814b-5e695086090b" testListId="8c84fa94-04c1-424b-9868-57a2d4851a1d"/>
    <TestEntry testId="81a6cc96-7c03-4dac-9efd-554ec2fc9fb5" executionId="63b2563a-3b37-49f6-8d96-bc0ead754fb5" testListId="8c84fa94-04c1-424b-9868-57a2d4851a1d"/>
    <TestEntry testId="704e139a-dd25-4dfd-922d-157d6ddfad6f" executionId="216b9bc6-5ce4-4847-8227-48169e79e834" testListId="8c84fa94-04c1-424b-9868-57a2d4851a1d"/>
    <TestEntry testId="1f07c43a-6c7f-4bf1-8dee-862918773e81" executionId="ae09bae6-660c-44de-b896-0f4126ef508d" testListId="8c84fa94-04c1-424b-9868-57a2d4851a1d"/>
    <TestEntry testId="05015a91-88f1-457c-a187-ebe08aaa1c81" executionId="d223fdd6-ca47-45e9-ad36-c7042528c7ed" testListId="8c84fa94-04c1-424b-9868-57a2d4851a1d"/>
    <TestEntry testId="0e3a2745-d20f-4553-ac75-a048afe0faac" executionId="d67cbcde-c19d-4503-b23e-e471946537c4" testListId="8c84fa94-04c1-424b-9868-57a2d4851a1d"/>
    <TestEntry testId="6c087b93-081d-4469-92a2-d803375ae04f" executionId="ab617c45-4c3a-4259-b63b-aa1d3e24e1ca" testListId="8c84fa94-04c1-424b-9868-57a2d4851a1d"/>
    <TestEntry testId="77fb8322-09de-495a-acf5-884d52ed6219" executionId="951f1e7f-fba4-4411-b73f-04e886413c47" testListId="8c84fa94-04c1-424b-9868-57a2d4851a1d"/>
    <TestEntry testId="706b5aa0-8fad-4bf6-b5ff-fead1d9da1e5" executionId="6876e048-c241-4850-b83f-12592fc30010" testListId="8c84fa94-04c1-424b-9868-57a2d4851a1d"/>
    <TestEntry testId="45f098cb-02e4-4f09-8da8-689862dfcdcf" executionId="1b1357bf-c4c7-418a-a647-84954fbec772" testListId="8c84fa94-04c1-424b-9868-57a2d4851a1d"/>
    <TestEntry testId="35858075-68aa-413e-965a-7f38a18d6e04" executionId="c6bf969c-854e-4a12-9e66-3163fa794bbb" testListId="8c84fa94-04c1-424b-9868-57a2d4851a1d"/>
    <TestEntry testId="76035cf5-df34-4521-a81c-6e3ccea3f0a2" executionId="f9d0dd00-ffb0-41d3-950c-e7ac858efd75" testListId="8c84fa94-04c1-424b-9868-57a2d4851a1d"/>
    <TestEntry testId="b4b9aab0-2d81-4c52-a9f2-caf9b61aa40b" executionId="e6ec59e9-de9a-4592-bfcc-762462d98280" testListId="8c84fa94-04c1-424b-9868-57a2d4851a1d"/>
    <TestEntry testId="8065e80b-b8c6-4c3d-baba-bf02d76fb848" executionId="aa1b2a17-175f-4ba5-9466-5b4befd90410" testListId="8c84fa94-04c1-424b-9868-57a2d4851a1d"/>
    <TestEntry testId="aafa4fc2-b3b7-4695-bfca-260b7cceccda" executionId="110d1f8a-e70e-4de7-ba7b-0b31fad7b348" testListId="8c84fa94-04c1-424b-9868-57a2d4851a1d"/>
    <TestEntry testId="b7b2c365-f2e9-4253-8695-ffa1e368cdea" executionId="76686450-b58b-4ca9-8d82-cc99f546ff20" testListId="8c84fa94-04c1-424b-9868-57a2d4851a1d"/>
    <TestEntry testId="6dd0a8ae-7415-48f1-967f-d0f7fb5c5e51" executionId="7bc3fc3a-609e-4b9f-8cb4-116f8a7241f6" testListId="8c84fa94-04c1-424b-9868-57a2d4851a1d"/>
    <TestEntry testId="6573f639-7e5c-4c70-88c2-328278498cb9" executionId="eca3a2f9-7602-4aeb-8b1a-f46df913f242" testListId="8c84fa94-04c1-424b-9868-57a2d4851a1d"/>
    <TestEntry testId="0c668f9f-20e0-4909-8807-2418377d27cc" executionId="7262df58-479d-4561-bc37-a5be87272844" testListId="8c84fa94-04c1-424b-9868-57a2d4851a1d"/>
    <TestEntry testId="e643db74-094f-47ae-a4aa-747bbe7ab958" executionId="224dd20f-3b44-406f-a191-1114a5ef6b88" testListId="8c84fa94-04c1-424b-9868-57a2d4851a1d"/>
    <TestEntry testId="92c4658f-aa29-437b-a514-0360f9e0ffc6" executionId="bcd0177d-acaf-42cf-b706-eca93c126f2a" testListId="8c84fa94-04c1-424b-9868-57a2d4851a1d"/>
    <TestEntry testId="f1f13f33-7abc-4af7-81ba-91c14a294341" executionId="5b1f2013-697c-4f36-98c0-190a0b385edc" testListId="8c84fa94-04c1-424b-9868-57a2d4851a1d"/>
    <TestEntry testId="b4d3438d-97d1-4425-9789-040c2f5c9fc8" executionId="5591e857-5eaf-493f-8740-03b071e96365" testListId="8c84fa94-04c1-424b-9868-57a2d4851a1d"/>
    <TestEntry testId="69ab4d8d-3be6-4b31-8691-3f4057315969" executionId="71564bda-aac3-497c-aef5-c3965ae11b92" testListId="8c84fa94-04c1-424b-9868-57a2d4851a1d"/>
    <TestEntry testId="c8a994dc-817a-4531-90c7-529ee9a50949" executionId="ab02ec16-623e-448c-ab21-b9d220d9eb79" testListId="8c84fa94-04c1-424b-9868-57a2d4851a1d"/>
    <TestEntry testId="8a0125a3-bc38-4034-82a7-4f2babe67a03" executionId="67639771-0865-419e-be79-0aea3e5904cd" testListId="8c84fa94-04c1-424b-9868-57a2d4851a1d"/>
    <TestEntry testId="caabbee0-3fef-4036-a5f0-0acca980c481" executionId="4b969b00-d8bd-48dc-878d-289bd780cea7" testListId="8c84fa94-04c1-424b-9868-57a2d4851a1d"/>
    <TestEntry testId="e87e1c1f-e6f5-4d68-b861-a4c3547de34d" executionId="c00dccaf-31ae-48e7-ae20-01c584d3d63e" testListId="8c84fa94-04c1-424b-9868-57a2d4851a1d"/>
    <TestEntry testId="a174c11d-e87a-445c-9e07-200d9f79ca5b" executionId="36e47941-839f-4b83-bd35-0f80b52164d3" testListId="8c84fa94-04c1-424b-9868-57a2d4851a1d"/>
    <TestEntry testId="e85f7f7f-1f87-4020-8ad3-5f850cbf43c3" executionId="057c8152-d51c-41aa-b69e-710b17ef4649" testListId="8c84fa94-04c1-424b-9868-57a2d4851a1d"/>
    <TestEntry testId="bc848667-c90b-4253-b58f-a097d47819f1" executionId="57d6624b-ab0a-422a-9ded-50694ef7e9f6" testListId="8c84fa94-04c1-424b-9868-57a2d4851a1d"/>
    <TestEntry testId="59057207-796f-4fc6-a6d9-45a12208432c" executionId="5b4caf76-0d52-4409-b78b-549f7f62308c" testListId="8c84fa94-04c1-424b-9868-57a2d4851a1d"/>
    <TestEntry testId="191cdf5f-d3f9-4732-aec3-80492149c65e" executionId="6c31f59c-f2e5-4f96-b4f6-789f0dcc3334" testListId="8c84fa94-04c1-424b-9868-57a2d4851a1d"/>
    <TestEntry testId="4c8cc660-5336-455a-a657-b7cb573e85f1" executionId="1be12eae-6570-43fa-87c6-c7f11e678d02" testListId="8c84fa94-04c1-424b-9868-57a2d4851a1d"/>
    <TestEntry testId="c25e0caf-3c15-4d48-aa6d-2e5184c4b917" executionId="fbf01b49-be93-471d-9694-3d870e47e2dd" testListId="8c84fa94-04c1-424b-9868-57a2d4851a1d"/>
  </TestEntries>
  <Results>
    <UnitTestResult testId="715cfa1e-4312-447e-8395-ae6be2071136" executionId="c99bd41e-d4f1-4ae1-a0bd-f1121b7bc62f" testName="&lt;FileUpload/> / renders without error" computerName="Helens-iMac.local" duration="00:00:00.596" startTime="2020-05-01T10:20:16.359Z" endTime="2020-05-01T10:20:16.955Z" testType="13cdc9d9-ddb5-4fa4-a97d-d965ccfc6d4b" outcome="Passed" testListId="8c84fa94-04c1-424b-9868-57a2d4851a1d"/>
    <UnitTestResult testId="b1b51160-9c74-400c-a6c3-b7fe1173f50e" executionId="aaa29a09-08c0-4199-8f36-f3ef738fd7c1" testName="&lt;FileUpload/> / Has a label with default text" computerName="Helens-iMac.local" duration="00:00:00.596" startTime="2020-05-01T10:20:16.955Z" endTime="2020-05-01T10:20:17.551Z" testType="13cdc9d9-ddb5-4fa4-a97d-d965ccfc6d4b" outcome="Passed" testListId="8c84fa94-04c1-424b-9868-57a2d4851a1d"/>
    <UnitTestResult testId="7bcd7567-f889-474e-b058-8df39f35647d" executionId="426d129b-f9d1-4d3b-93e6-efbbc308a6ca" testName="&lt;FileUpload/> / When Clicked / opens a file dialog" computerName="Helens-iMac.local" duration="00:00:00.596" startTime="2020-05-01T10:20:17.551Z" endTime="2020-05-01T10:20:18.147Z" testType="13cdc9d9-ddb5-4fa4-a97d-d965ccfc6d4b" outcome="Passed" testListId="8c84fa94-04c1-424b-9868-57a2d4851a1d"/>
    <UnitTestResult testId="c13a3c11-7cba-4636-97fd-ed6839d4a2f6" executionId="d45006ac-699f-4962-bdad-326727b15a33" testName="&lt;FileUpload/> / When Clicked / When file selected / It calls set file " computerName="Helens-iMac.local" duration="00:00:00.596" startTime="2020-05-01T10:20:18.147Z" endTime="2020-05-01T10:20:18.743Z" testType="13cdc9d9-ddb5-4fa4-a97d-d965ccfc6d4b" outcome="Passed" testListId="8c84fa94-04c1-424b-9868-57a2d4851a1d"/>
    <UnitTestResult testId="c8e99298-d58a-4071-bfb6-eba6eb77c81d" executionId="e37a3d51-1510-47fe-acfc-56acc8e6d85a" testName="&lt;FileUpload/> / When Clicked / When file selected / It starts the workflow" computerName="Helens-iMac.local" duration="00:00:00.596" startTime="2020-05-01T10:20:18.743Z" endTime="2020-05-01T10:20:19.339Z" testType="13cdc9d9-ddb5-4fa4-a97d-d965ccfc6d4b" outcome="Passed" testListId="8c84fa94-04c1-424b-9868-57a2d4851a1d"/>
    <UnitTestResult testId="0405d2d9-3434-471e-8cc5-cc2de59acec1" executionId="c4966600-2fc6-463b-b22c-d73cde7c5d17" testName="&lt;RefreshButton/> / renders without error" computerName="Helens-iMac.local" duration="00:00:00.405" startTime="2020-05-01T10:20:19.360Z" endTime="2020-05-01T10:20:19.765Z" testType="13cdc9d9-ddb5-4fa4-a97d-d965ccfc6d4b" outcome="Passed" testListId="8c84fa94-04c1-424b-9868-57a2d4851a1d"/>
    <UnitTestResult testId="83513028-acb8-41a2-a50f-813c84e40e6e" executionId="a8582a16-b7ae-4ad8-ab08-8e2fc7137155" testName="&lt;RefreshButton/> / on click / it calls refresh method in the context" computerName="Helens-iMac.local" duration="00:00:00.405" startTime="2020-05-01T10:20:19.765Z" endTime="2020-05-01T10:20:20.170Z" testType="13cdc9d9-ddb5-4fa4-a97d-d965ccfc6d4b" outcome="Passed" testListId="8c84fa94-04c1-424b-9868-57a2d4851a1d"/>
    <UnitTestResult testId="1a50035d-0e50-467f-81d0-0b62912db3aa" executionId="04768207-c17e-49bf-a828-be4817d36f82" testName="&lt;ResultsButton/> / renders without error" computerName="Helens-iMac.local" duration="00:00:00.142" startTime="2020-05-01T10:20:20.186Z" endTime="2020-05-01T10:20:20.328Z" testType="13cdc9d9-ddb5-4fa4-a97d-d965ccfc6d4b" outcome="Passed" testListId="8c84fa94-04c1-424b-9868-57a2d4851a1d"/>
    <UnitTestResult testId="74643806-3f98-43f4-9ee7-38f978138bef" executionId="63d669a9-4177-4138-a65d-0f66821cb937" testName="&lt;ResultsButton/> / when disabled / should have class disabled" computerName="Helens-iMac.local" duration="00:00:00.142" startTime="2020-05-01T10:20:20.328Z" endTime="2020-05-01T10:20:20.470Z" testType="13cdc9d9-ddb5-4fa4-a97d-d965ccfc6d4b" outcome="Passed" testListId="8c84fa94-04c1-424b-9868-57a2d4851a1d"/>
    <UnitTestResult testId="86ae23b4-4738-492a-8b21-88792b41846c" executionId="f9598bfe-0797-4d32-aaab-9b66865cf500" testName="&lt;ResultsButton/> / when not disabled / should not have class disabled" computerName="Helens-iMac.local" duration="00:00:00.142" startTime="2020-05-01T10:20:20.470Z" endTime="2020-05-01T10:20:20.612Z" testType="13cdc9d9-ddb5-4fa4-a97d-d965ccfc6d4b" outcome="Passed" testListId="8c84fa94-04c1-424b-9868-57a2d4851a1d"/>
    <UnitTestResult testId="79fc4bb4-d6d0-4dca-9d34-eab03dacb75d" executionId="aa858d6a-a2f9-41de-b39e-95c4433a02d5" testName="renders The App without error" computerName="Helens-iMac.local" duration="00:00:04.554" startTime="2020-05-01T10:20:16.379Z" endTime="2020-05-01T10:20:20.933Z" testType="13cdc9d9-ddb5-4fa4-a97d-d965ccfc6d4b" outcome="Passed" testListId="8c84fa94-04c1-424b-9868-57a2d4851a1d"/>
    <UnitTestResult testId="4fd98a50-d7de-4373-810f-4719b7f71aa3" executionId="c96ee8cf-725f-4ffe-a19f-219c9408a39b" testName="&lt;Main/> / it renders without error" computerName="Helens-iMac.local" duration="00:00:02.321" startTime="2020-05-01T10:20:16.359Z" endTime="2020-05-01T10:20:18.680Z" testType="13cdc9d9-ddb5-4fa4-a97d-d965ccfc6d4b" outcome="Passed" testListId="8c84fa94-04c1-424b-9868-57a2d4851a1d"/>
    <UnitTestResult testId="acf5fb3d-1d44-4c3d-b3f0-df12244a9d4d" executionId="c4afd7fa-bac5-429e-a137-237e734298e1" testName="&lt;Main/> / When disabled / Displays the input field" computerName="Helens-iMac.local" duration="00:00:02.321" startTime="2020-05-01T10:20:18.680Z" endTime="2020-05-01T10:20:21.001Z" testType="13cdc9d9-ddb5-4fa4-a97d-d965ccfc6d4b" outcome="Passed" testListId="8c84fa94-04c1-424b-9868-57a2d4851a1d"/>
    <UnitTestResult testId="3de3eb45-8273-419a-9eae-15724ae6a856" executionId="25ba445e-5e90-4834-871c-dc1fcb2fe1bd" testName="&lt;Help/> / renders without error" computerName="Helens-iMac.local" duration="00:00:00.204" startTime="2020-05-01T10:20:20.626Z" endTime="2020-05-01T10:20:20.830Z" testType="13cdc9d9-ddb5-4fa4-a97d-d965ccfc6d4b" outcome="Passed" testListId="8c84fa94-04c1-424b-9868-57a2d4851a1d"/>
    <UnitTestResult testId="ed14e68b-4ef1-424a-ab42-6128481d9288" executionId="062cae7b-25c5-4ea7-ab05-f96c04df69e8" testName="&lt;Help/> / Shows help text returned from context" computerName="Helens-iMac.local" duration="00:00:00.204" startTime="2020-05-01T10:20:20.830Z" endTime="2020-05-01T10:20:21.034Z" testType="13cdc9d9-ddb5-4fa4-a97d-d965ccfc6d4b" outcome="Passed" testListId="8c84fa94-04c1-424b-9868-57a2d4851a1d"/>
    <UnitTestResult testId="799c6c2e-3320-4771-9c86-0609fe121561" executionId="42971258-231e-4709-bf18-2fc6db107420" testName="&lt;Input/> / it renders without error" computerName="Helens-iMac.local" duration="00:00:00.084" startTime="2020-05-01T10:20:20.952Z" endTime="2020-05-01T10:20:21.036Z" testType="13cdc9d9-ddb5-4fa4-a97d-d965ccfc6d4b" outcome="Passed" testListId="8c84fa94-04c1-424b-9868-57a2d4851a1d"/>
    <UnitTestResult testId="a761e8ad-9b0d-4a80-922a-be8aa9d9ee86" executionId="adfdce8f-4e5b-4465-8931-2d120f739903" testName="&lt;Input/> / when disabled / has the disabled class" computerName="Helens-iMac.local" duration="00:00:00.084" startTime="2020-05-01T10:20:21.036Z" endTime="2020-05-01T10:20:21.120Z" testType="13cdc9d9-ddb5-4fa4-a97d-d965ccfc6d4b" outcome="Passed" testListId="8c84fa94-04c1-424b-9868-57a2d4851a1d"/>
    <UnitTestResult testId="53f16ea2-626e-453e-928a-1ba16b95e0f6" executionId="1ef071c0-0f97-4225-869f-0ba1f3d39350" testName="&lt;Input/> / when disabled / Cannot call uploadData" computerName="Helens-iMac.local" duration="00:00:00.084" startTime="2020-05-01T10:20:21.120Z" endTime="2020-05-01T10:20:21.204Z" testType="13cdc9d9-ddb5-4fa4-a97d-d965ccfc6d4b" outcome="Passed" testListId="8c84fa94-04c1-424b-9868-57a2d4851a1d"/>
    <UnitTestResult testId="f6132680-3146-437c-9160-3a908e4968a3" executionId="795b6e72-98c3-4711-acab-222688176c4a" testName="&lt;Input/> / when enabled / does not have the disabled class" computerName="Helens-iMac.local" duration="00:00:00.084" startTime="2020-05-01T10:20:21.204Z" endTime="2020-05-01T10:20:21.288Z" testType="13cdc9d9-ddb5-4fa4-a97d-d965ccfc6d4b" outcome="Passed" testListId="8c84fa94-04c1-424b-9868-57a2d4851a1d"/>
    <UnitTestResult testId="b6fd53a2-f89e-4bc5-89ac-a5ea5efbfe31" executionId="5101c13c-efd9-4e11-bdcf-5e570c3e46d4" testName="&lt;Input/> / when enabled / when clicked / It calls the uploadData function" computerName="Helens-iMac.local" duration="00:00:00.084" startTime="2020-05-01T10:20:21.288Z" endTime="2020-05-01T10:20:21.372Z" testType="13cdc9d9-ddb5-4fa4-a97d-d965ccfc6d4b" outcome="Passed" testListId="8c84fa94-04c1-424b-9868-57a2d4851a1d"/>
    <UnitTestResult testId="fe2cde09-6322-4b73-a214-716072ce63fe" executionId="e75d5af3-a4bf-4de9-874e-9b70f08cb454" testName="&lt;FlowContainer/> / is disabled by default" computerName="Helens-iMac.local" duration="00:00:00.216" startTime="2020-05-01T10:20:21.050Z" endTime="2020-05-01T10:20:21.266Z" testType="13cdc9d9-ddb5-4fa4-a97d-d965ccfc6d4b" outcome="Passed" testListId="8c84fa94-04c1-424b-9868-57a2d4851a1d"/>
    <UnitTestResult testId="b5e3a957-e7cc-4f9a-a5a7-7c15ecba3b20" executionId="bfb9748c-d4ff-4b86-a0d0-b86bea969656" testName="&lt;FlowContainer/> / When First Enabled / Shows the Flow Component" computerName="Helens-iMac.local" duration="00:00:00.216" startTime="2020-05-01T10:20:21.266Z" endTime="2020-05-01T10:20:21.482Z" testType="13cdc9d9-ddb5-4fa4-a97d-d965ccfc6d4b" outcome="Passed" testListId="8c84fa94-04c1-424b-9868-57a2d4851a1d"/>
    <UnitTestResult testId="d43658d2-4207-45ea-94f5-97be3cf0b6ac" executionId="3b88b62e-cf01-43fd-9714-acd29b2a2af0" testName="&lt;Update/> / It renders without error" computerName="Helens-iMac.local" duration="00:00:00.157" startTime="2020-05-01T10:20:21.021Z" endTime="2020-05-01T10:20:21.178Z" testType="13cdc9d9-ddb5-4fa4-a97d-d965ccfc6d4b" outcome="Passed" testListId="8c84fa94-04c1-424b-9868-57a2d4851a1d"/>
    <UnitTestResult testId="f6e89e3e-cef7-431f-9392-6bf6d71e52bf" executionId="984f53cb-c397-4887-9f30-9db70c0fb9a8" testName="&lt;Update/> / when disabled / The disabled class is applied" computerName="Helens-iMac.local" duration="00:00:00.157" startTime="2020-05-01T10:20:21.178Z" endTime="2020-05-01T10:20:21.335Z" testType="13cdc9d9-ddb5-4fa4-a97d-d965ccfc6d4b" outcome="Passed" testListId="8c84fa94-04c1-424b-9868-57a2d4851a1d"/>
    <UnitTestResult testId="df7e6320-b1ce-4da1-9c71-03ead3971fa7" executionId="9516a999-e99c-4712-bdc7-810f753700e1" testName="&lt;Update/> / when ran / the ran class is appled" computerName="Helens-iMac.local" duration="00:00:00.157" startTime="2020-05-01T10:20:21.335Z" endTime="2020-05-01T10:20:21.492Z" testType="13cdc9d9-ddb5-4fa4-a97d-d965ccfc6d4b" outcome="Passed" testListId="8c84fa94-04c1-424b-9868-57a2d4851a1d"/>
    <UnitTestResult testId="a80c5acc-3e11-4a3b-942f-d335742345e7" executionId="9cb578bf-136e-4eef-af6b-f3805e79777c" testName="&lt;ScenarioModelling/> / it renders without error" computerName="Helens-iMac.local" duration="00:00:00.130" startTime="2020-05-01T10:20:21.387Z" endTime="2020-05-01T10:20:21.517Z" testType="13cdc9d9-ddb5-4fa4-a97d-d965ccfc6d4b" outcome="Passed" testListId="8c84fa94-04c1-424b-9868-57a2d4851a1d"/>
    <UnitTestResult testId="4d7cb5b9-e12c-41de-9d03-5024b1c8ae4a" executionId="823b90ff-bab6-4b04-8043-a4ac9ce5d709" testName="&lt;ScenarioModelling/> / It has a header" computerName="Helens-iMac.local" duration="00:00:00.130" startTime="2020-05-01T10:20:21.517Z" endTime="2020-05-01T10:20:21.647Z" testType="13cdc9d9-ddb5-4fa4-a97d-d965ccfc6d4b" outcome="Passed" testListId="8c84fa94-04c1-424b-9868-57a2d4851a1d"/>
    <UnitTestResult testId="95781f2b-cde1-4deb-a569-e785cda95819" executionId="1f3a77e9-8c70-4420-b09c-1a0f3103fbab" testName="&lt;ScenarioModelling/> / It has a drop down select container" computerName="Helens-iMac.local" duration="00:00:00.130" startTime="2020-05-01T10:20:21.647Z" endTime="2020-05-01T10:20:21.777Z" testType="13cdc9d9-ddb5-4fa4-a97d-d965ccfc6d4b" outcome="Passed" testListId="8c84fa94-04c1-424b-9868-57a2d4851a1d"/>
    <UnitTestResult testId="d25bdb84-f3ad-4b25-b2a8-c28c19ac2607" executionId="7488b9f5-7681-42a1-9aa1-01fbf138e1d8" testName="&lt;RunButton / it renders without error" computerName="Helens-iMac.local" duration="00:00:00.076" startTime="2020-05-01T10:20:21.494Z" endTime="2020-05-01T10:20:21.570Z" testType="13cdc9d9-ddb5-4fa4-a97d-d965ccfc6d4b" outcome="Passed" testListId="8c84fa94-04c1-424b-9868-57a2d4851a1d"/>
    <UnitTestResult testId="7404fccf-941b-4274-a3cb-805678a27199" executionId="54cda9b3-458c-42af-a37e-a8ce431b433d" testName="&lt;RunButton / when disabled / Has the disabled class" computerName="Helens-iMac.local" duration="00:00:00.076" startTime="2020-05-01T10:20:21.570Z" endTime="2020-05-01T10:20:21.646Z" testType="13cdc9d9-ddb5-4fa4-a97d-d965ccfc6d4b" outcome="Passed" testListId="8c84fa94-04c1-424b-9868-57a2d4851a1d"/>
    <UnitTestResult testId="35733f13-edac-4add-b0bb-251c541246fe" executionId="7acd6fb8-2b95-4ee8-aecd-fab083e823b7" testName="&lt;RunButton / when disabled / Cannot call run data" computerName="Helens-iMac.local" duration="00:00:00.076" startTime="2020-05-01T10:20:21.646Z" endTime="2020-05-01T10:20:21.722Z" testType="13cdc9d9-ddb5-4fa4-a97d-d965ccfc6d4b" outcome="Passed" testListId="8c84fa94-04c1-424b-9868-57a2d4851a1d"/>
    <UnitTestResult testId="c4cde246-9f7c-447c-83b2-3d936615f3e9" executionId="089abf0d-6c25-4536-afa6-99f3df212328" testName="&lt;RunButton / when enabled / Does not have the disabled class" computerName="Helens-iMac.local" duration="00:00:00.076" startTime="2020-05-01T10:20:21.722Z" endTime="2020-05-01T10:20:21.798Z" testType="13cdc9d9-ddb5-4fa4-a97d-d965ccfc6d4b" outcome="Passed" testListId="8c84fa94-04c1-424b-9868-57a2d4851a1d"/>
    <UnitTestResult testId="b98adf8c-7593-480d-8c60-55191770ac69" executionId="b776d8e1-db43-4ae4-8e4c-9f9506f1c9e7" testName="&lt;RunButton / when enabled / Can call run data" computerName="Helens-iMac.local" duration="00:00:00.076" startTime="2020-05-01T10:20:21.798Z" endTime="2020-05-01T10:20:21.874Z" testType="13cdc9d9-ddb5-4fa4-a97d-d965ccfc6d4b" outcome="Passed" testListId="8c84fa94-04c1-424b-9868-57a2d4851a1d"/>
    <UnitTestResult testId="122cf597-8e05-4291-a107-a59dd33f4a57" executionId="dfbad392-68d6-47b0-92bb-d1bad95d531c" testName="&lt;RunArrow/> / It renders without error" computerName="Helens-iMac.local" duration="00:00:00.143" startTime="2020-05-01T10:20:21.505Z" endTime="2020-05-01T10:20:21.648Z" testType="13cdc9d9-ddb5-4fa4-a97d-d965ccfc6d4b" outcome="Passed" testListId="8c84fa94-04c1-424b-9868-57a2d4851a1d"/>
    <UnitTestResult testId="eeb0e06a-6a78-4e1b-b8c2-fb2935146081" executionId="57310532-d726-44ed-814b-5e695086090b" testName="&lt;RunArrow/> / when disabled / The disabled class is applied" computerName="Helens-iMac.local" duration="00:00:00.143" startTime="2020-05-01T10:20:21.648Z" endTime="2020-05-01T10:20:21.791Z" testType="13cdc9d9-ddb5-4fa4-a97d-d965ccfc6d4b" outcome="Passed" testListId="8c84fa94-04c1-424b-9868-57a2d4851a1d"/>
    <UnitTestResult testId="81a6cc96-7c03-4dac-9efd-554ec2fc9fb5" executionId="63b2563a-3b37-49f6-8d96-bc0ead754fb5" testName="&lt;RunArrow/> / when ran / the ran class is applied" computerName="Helens-iMac.local" duration="00:00:00.143" startTime="2020-05-01T10:20:21.791Z" endTime="2020-05-01T10:20:21.934Z" testType="13cdc9d9-ddb5-4fa4-a97d-d965ccfc6d4b" outcome="Passed" testListId="8c84fa94-04c1-424b-9868-57a2d4851a1d"/>
    <UnitTestResult testId="704e139a-dd25-4dfd-922d-157d6ddfad6f" executionId="216b9bc6-5ce4-4847-8227-48169e79e834" testName="&lt;Nav/> / renders without error" computerName="Helens-iMac.local" duration="00:00:00.274" startTime="2020-05-01T10:20:21.790Z" endTime="2020-05-01T10:20:22.064Z" testType="13cdc9d9-ddb5-4fa4-a97d-d965ccfc6d4b" outcome="Passed" testListId="8c84fa94-04c1-424b-9868-57a2d4851a1d"/>
    <UnitTestResult testId="1f07c43a-6c7f-4bf1-8dee-862918773e81" executionId="ae09bae6-660c-44de-b896-0f4126ef508d" testName="&lt;ListItem/> / renders without error" computerName="Helens-iMac.local" duration="00:00:00.165" startTime="2020-05-01T10:20:21.884Z" endTime="2020-05-01T10:20:22.049Z" testType="13cdc9d9-ddb5-4fa4-a97d-d965ccfc6d4b" outcome="Passed" testListId="8c84fa94-04c1-424b-9868-57a2d4851a1d"/>
    <UnitTestResult testId="05015a91-88f1-457c-a187-ebe08aaa1c81" executionId="d223fdd6-ca47-45e9-ad36-c7042528c7ed" testName="&lt;ListItem/> / When clicked / calls showNext" computerName="Helens-iMac.local" duration="00:00:00.165" startTime="2020-05-01T10:20:22.049Z" endTime="2020-05-01T10:20:22.214Z" testType="13cdc9d9-ddb5-4fa4-a97d-d965ccfc6d4b" outcome="Passed" testListId="8c84fa94-04c1-424b-9868-57a2d4851a1d"/>
    <UnitTestResult testId="0e3a2745-d20f-4553-ac75-a048afe0faac" executionId="d67cbcde-c19d-4503-b23e-e471946537c4" testName="&lt;Button /> / renders without error" computerName="Helens-iMac.local" duration="00:00:00.118" startTime="2020-05-01T10:20:21.952Z" endTime="2020-05-01T10:20:22.070Z" testType="13cdc9d9-ddb5-4fa4-a97d-d965ccfc6d4b" outcome="Passed" testListId="8c84fa94-04c1-424b-9868-57a2d4851a1d"/>
    <UnitTestResult testId="6c087b93-081d-4469-92a2-d803375ae04f" executionId="ab617c45-4c3a-4259-b63b-aa1d3e24e1ca" testName="&lt;Button /> / can be set to be active" computerName="Helens-iMac.local" duration="00:00:00.118" startTime="2020-05-01T10:20:22.070Z" endTime="2020-05-01T10:20:22.188Z" testType="13cdc9d9-ddb5-4fa4-a97d-d965ccfc6d4b" outcome="Passed" testListId="8c84fa94-04c1-424b-9868-57a2d4851a1d"/>
    <UnitTestResult testId="77fb8322-09de-495a-acf5-884d52ed6219" executionId="951f1e7f-fba4-4411-b73f-04e886413c47" testName="&lt;Button /> / can accept other classes" computerName="Helens-iMac.local" duration="00:00:00.118" startTime="2020-05-01T10:20:22.188Z" endTime="2020-05-01T10:20:22.306Z" testType="13cdc9d9-ddb5-4fa4-a97d-d965ccfc6d4b" outcome="Passed" testListId="8c84fa94-04c1-424b-9868-57a2d4851a1d"/>
    <UnitTestResult testId="706b5aa0-8fad-4bf6-b5ff-fead1d9da1e5" executionId="6876e048-c241-4850-b83f-12592fc30010" testName="FlowContext / reducer / When type is START_FLOW / it returns some default state" computerName="Helens-iMac.local" duration="00:00:00.046" startTime="2020-05-01T10:20:22.075Z" endTime="2020-05-01T10:20:22.121Z" testType="13cdc9d9-ddb5-4fa4-a97d-d965ccfc6d4b" outcome="Passed" testListId="8c84fa94-04c1-424b-9868-57a2d4851a1d"/>
    <UnitTestResult testId="45f098cb-02e4-4f09-8da8-689862dfcdcf" executionId="1b1357bf-c4c7-418a-a647-84954fbec772" testName="FlowContext / reducer / action creators / Upload Data / uploadData dispatches UPLOADINGDATA action" computerName="Helens-iMac.local" duration="00:00:00.046" startTime="2020-05-01T10:20:22.121Z" endTime="2020-05-01T10:20:22.167Z" testType="13cdc9d9-ddb5-4fa4-a97d-d965ccfc6d4b" outcome="Passed" testListId="8c84fa94-04c1-424b-9868-57a2d4851a1d"/>
    <UnitTestResult testId="35858075-68aa-413e-965a-7f38a18d6e04" executionId="c6bf969c-854e-4a12-9e66-3163fa794bbb" testName="FlowContext / reducer / action creators / Upload Data / uploadData also fires INPUT_DATA action" computerName="Helens-iMac.local" duration="00:00:00.046" startTime="2020-05-01T10:20:22.167Z" endTime="2020-05-01T10:20:22.213Z" testType="13cdc9d9-ddb5-4fa4-a97d-d965ccfc6d4b" outcome="Passed" testListId="8c84fa94-04c1-424b-9868-57a2d4851a1d"/>
    <UnitTestResult testId="76035cf5-df34-4521-a81c-6e3ccea3f0a2" executionId="f9d0dd00-ffb0-41d3-950c-e7ac858efd75" testName="FlowContext / reducer / action creators / run data / calls RUN_DATA reducer action" computerName="Helens-iMac.local" duration="00:00:00.046" startTime="2020-05-01T10:20:22.213Z" endTime="2020-05-01T10:20:22.259Z" testType="13cdc9d9-ddb5-4fa4-a97d-d965ccfc6d4b" outcome="Passed" testListId="8c84fa94-04c1-424b-9868-57a2d4851a1d"/>
    <UnitTestResult testId="b4b9aab0-2d81-4c52-a9f2-caf9b61aa40b" executionId="e6ec59e9-de9a-4592-bfcc-762462d98280" testName="FlowContext / reducer / action creators / inputData / It dispatches the INPUT_DATA action" computerName="Helens-iMac.local" duration="00:00:00.046" startTime="2020-05-01T10:20:22.259Z" endTime="2020-05-01T10:20:22.305Z" testType="13cdc9d9-ddb5-4fa4-a97d-d965ccfc6d4b" outcome="Passed" testListId="8c84fa94-04c1-424b-9868-57a2d4851a1d"/>
    <UnitTestResult testId="8065e80b-b8c6-4c3d-baba-bf02d76fb848" executionId="aa1b2a17-175f-4ba5-9466-5b4befd90410" testName="FlowContext / reducer / action creators / start / It dispatches the START action with a file payload" computerName="Helens-iMac.local" duration="00:00:00.046" startTime="2020-05-01T10:20:22.305Z" endTime="2020-05-01T10:20:22.351Z" testType="13cdc9d9-ddb5-4fa4-a97d-d965ccfc6d4b" outcome="Passed" testListId="8c84fa94-04c1-424b-9868-57a2d4851a1d"/>
    <UnitTestResult testId="aafa4fc2-b3b7-4695-bfca-260b7cceccda" executionId="110d1f8a-e70e-4de7-ba7b-0b31fad7b348" testName="&lt;List/> / It renders without error" computerName="Helens-iMac.local" duration="00:00:00.091" startTime="2020-05-01T10:20:22.223Z" endTime="2020-05-01T10:20:22.314Z" testType="13cdc9d9-ddb5-4fa4-a97d-d965ccfc6d4b" outcome="Passed" testListId="8c84fa94-04c1-424b-9868-57a2d4851a1d"/>
    <UnitTestResult testId="b7b2c365-f2e9-4253-8695-ffa1e368cdea" executionId="76686450-b58b-4ca9-8d82-cc99f546ff20" testName="&lt;List/> / Drop Down List / Displays a default selection" computerName="Helens-iMac.local" duration="00:00:00.091" startTime="2020-05-01T10:20:22.314Z" endTime="2020-05-01T10:20:22.405Z" testType="13cdc9d9-ddb5-4fa4-a97d-d965ccfc6d4b" outcome="Passed" testListId="8c84fa94-04c1-424b-9868-57a2d4851a1d"/>
    <UnitTestResult testId="6dd0a8ae-7415-48f1-967f-d0f7fb5c5e51" executionId="7bc3fc3a-609e-4b9f-8cb4-116f8a7241f6" testName="&lt;List/> / Drop Down List / On Click / Displays a collection of items" computerName="Helens-iMac.local" duration="00:00:00.091" startTime="2020-05-01T10:20:22.405Z" endTime="2020-05-01T10:20:22.496Z" testType="13cdc9d9-ddb5-4fa4-a97d-d965ccfc6d4b" outcome="Passed" testListId="8c84fa94-04c1-424b-9868-57a2d4851a1d"/>
    <UnitTestResult testId="6573f639-7e5c-4c70-88c2-328278498cb9" executionId="eca3a2f9-7602-4aeb-8b1a-f46df913f242" testName="&lt;Header/> / renders without error" computerName="Helens-iMac.local" duration="00:00:00.171" startTime="2020-05-01T10:20:22.316Z" endTime="2020-05-01T10:20:22.487Z" testType="13cdc9d9-ddb5-4fa4-a97d-d965ccfc6d4b" outcome="Passed" testListId="8c84fa94-04c1-424b-9868-57a2d4851a1d"/>
    <UnitTestResult testId="0c668f9f-20e0-4909-8807-2418377d27cc" executionId="7262df58-479d-4561-bc37-a5be87272844" testName="&lt;Header/> / Displays a user name" computerName="Helens-iMac.local" duration="00:00:00.171" startTime="2020-05-01T10:20:22.487Z" endTime="2020-05-01T10:20:22.658Z" testType="13cdc9d9-ddb5-4fa4-a97d-d965ccfc6d4b" outcome="Passed" testListId="8c84fa94-04c1-424b-9868-57a2d4851a1d"/>
    <UnitTestResult testId="e643db74-094f-47ae-a4aa-747bbe7ab958" executionId="224dd20f-3b44-406f-a191-1114a5ef6b88" testName="&lt;Arrow /> / it renders without error" computerName="Helens-iMac.local" duration="00:00:00.105" startTime="2020-05-01T10:20:22.364Z" endTime="2020-05-01T10:20:22.469Z" testType="13cdc9d9-ddb5-4fa4-a97d-d965ccfc6d4b" outcome="Passed" testListId="8c84fa94-04c1-424b-9868-57a2d4851a1d"/>
    <UnitTestResult testId="92c4658f-aa29-437b-a514-0360f9e0ffc6" executionId="bcd0177d-acaf-42cf-b706-eca93c126f2a" testName="&lt;Arrow /> / renders without Error when passed a valid set of paths" computerName="Helens-iMac.local" duration="00:00:00.105" startTime="2020-05-01T10:20:22.469Z" endTime="2020-05-01T10:20:22.574Z" testType="13cdc9d9-ddb5-4fa4-a97d-d965ccfc6d4b" outcome="Passed" testListId="8c84fa94-04c1-424b-9868-57a2d4851a1d"/>
    <UnitTestResult testId="f1f13f33-7abc-4af7-81ba-91c14a294341" executionId="5b1f2013-697c-4f36-98c0-190a0b385edc" testName="&lt;Arrow /> / takes a child path element and renders it" computerName="Helens-iMac.local" duration="00:00:00.105" startTime="2020-05-01T10:20:22.574Z" endTime="2020-05-01T10:20:22.679Z" testType="13cdc9d9-ddb5-4fa4-a97d-d965ccfc6d4b" outcome="Passed" testListId="8c84fa94-04c1-424b-9868-57a2d4851a1d"/>
    <UnitTestResult testId="b4d3438d-97d1-4425-9789-040c2f5c9fc8" executionId="5591e857-5eaf-493f-8740-03b071e96365" testName="&lt;Form/> / renders without error" computerName="Helens-iMac.local" duration="00:00:00.152" startTime="2020-05-01T10:20:22.508Z" endTime="2020-05-01T10:20:22.660Z" testType="13cdc9d9-ddb5-4fa4-a97d-d965ccfc6d4b" outcome="Passed" testListId="8c84fa94-04c1-424b-9868-57a2d4851a1d"/>
    <UnitTestResult testId="69ab4d8d-3be6-4b31-8691-3f4057315969" executionId="71564bda-aac3-497c-aef5-c3965ae11b92" testName="&lt;Form/> / renders a form field for every field item" computerName="Helens-iMac.local" duration="00:00:00.152" startTime="2020-05-01T10:20:22.660Z" endTime="2020-05-01T10:20:22.812Z" testType="13cdc9d9-ddb5-4fa4-a97d-d965ccfc6d4b" outcome="Passed" testListId="8c84fa94-04c1-424b-9868-57a2d4851a1d"/>
    <UnitTestResult testId="c8a994dc-817a-4531-90c7-529ee9a50949" executionId="ab02ec16-623e-448c-ab21-b9d220d9eb79" testName="getColumnItem / returns the correct columnItem for items on first tier" computerName="Helens-iMac.local" duration="00:00:00.035" startTime="2020-05-01T10:20:22.672Z" endTime="2020-05-01T10:20:22.707Z" testType="13cdc9d9-ddb5-4fa4-a97d-d965ccfc6d4b" outcome="Passed" testListId="8c84fa94-04c1-424b-9868-57a2d4851a1d"/>
    <UnitTestResult testId="8a0125a3-bc38-4034-82a7-4f2babe67a03" executionId="67639771-0865-419e-be79-0aea3e5904cd" testName="getColumnItem / return the correct column item for items on the 5th tier" computerName="Helens-iMac.local" duration="00:00:00.035" startTime="2020-05-01T10:20:22.707Z" endTime="2020-05-01T10:20:22.742Z" testType="13cdc9d9-ddb5-4fa4-a97d-d965ccfc6d4b" outcome="Passed" testListId="8c84fa94-04c1-424b-9868-57a2d4851a1d"/>
    <UnitTestResult testId="caabbee0-3fef-4036-a5f0-0acca980c481" executionId="4b969b00-d8bd-48dc-878d-289bd780cea7" testName="buildColumnItem / When input options is the same length as the column number / it appends a new column item" computerName="Helens-iMac.local" duration="00:00:00.035" startTime="2020-05-01T10:20:22.742Z" endTime="2020-05-01T10:20:22.777Z" testType="13cdc9d9-ddb5-4fa4-a97d-d965ccfc6d4b" outcome="Passed" testListId="8c84fa94-04c1-424b-9868-57a2d4851a1d"/>
    <UnitTestResult testId="e87e1c1f-e6f5-4d68-b861-a4c3547de34d" executionId="c00dccaf-31ae-48e7-ae20-01c584d3d63e" testName="buildColumnItem / When input options is the same length as the column number / The new item has column index of 2" computerName="Helens-iMac.local" duration="00:00:00.035" startTime="2020-05-01T10:20:22.777Z" endTime="2020-05-01T10:20:22.812Z" testType="13cdc9d9-ddb5-4fa4-a97d-d965ccfc6d4b" outcome="Passed" testListId="8c84fa94-04c1-424b-9868-57a2d4851a1d"/>
    <UnitTestResult testId="a174c11d-e87a-445c-9e07-200d9f79ca5b" executionId="36e47941-839f-4b83-bd35-0f80b52164d3" testName="buildColumnItem / When input options length is greater than selected option / When an item is selected from the first column / it returns a list with 2 elements" computerName="Helens-iMac.local" duration="00:00:00.035" startTime="2020-05-01T10:20:22.812Z" endTime="2020-05-01T10:20:22.847Z" testType="13cdc9d9-ddb5-4fa4-a97d-d965ccfc6d4b" outcome="Passed" testListId="8c84fa94-04c1-424b-9868-57a2d4851a1d"/>
    <UnitTestResult testId="e85f7f7f-1f87-4020-8ad3-5f850cbf43c3" executionId="057c8152-d51c-41aa-b69e-710b17ef4649" testName="buildColumnItem / When input options length is greater than selected option / When an item is selected from the first column / The 2nd element has a idx of 2" computerName="Helens-iMac.local" duration="00:00:00.035" startTime="2020-05-01T10:20:22.847Z" endTime="2020-05-01T10:20:22.882Z" testType="13cdc9d9-ddb5-4fa4-a97d-d965ccfc6d4b" outcome="Passed" testListId="8c84fa94-04c1-424b-9868-57a2d4851a1d"/>
    <UnitTestResult testId="bc848667-c90b-4253-b58f-a097d47819f1" executionId="57d6624b-ab0a-422a-9ded-50694ef7e9f6" testName="&lt;FormField/> / it renders without error" computerName="Helens-iMac.local" duration="00:00:00.325" startTime="2020-05-01T10:20:22.689Z" endTime="2020-05-01T10:20:23.014Z" testType="13cdc9d9-ddb5-4fa4-a97d-d965ccfc6d4b" outcome="Passed" testListId="8c84fa94-04c1-424b-9868-57a2d4851a1d"/>
    <UnitTestResult testId="59057207-796f-4fc6-a6d9-45a12208432c" executionId="5b4caf76-0d52-4409-b78b-549f7f62308c" testName="Scenario Context / ScenarioReducer / Returns a default state" computerName="Helens-iMac.local" duration="00:00:00.057" startTime="2020-05-01T10:20:22.897Z" endTime="2020-05-01T10:20:22.954Z" testType="13cdc9d9-ddb5-4fa4-a97d-d965ccfc6d4b" outcome="Passed" testListId="8c84fa94-04c1-424b-9868-57a2d4851a1d"/>
    <UnitTestResult testId="191cdf5f-d3f9-4732-aec3-80492149c65e" executionId="6c31f59c-f2e5-4f96-b4f6-789f0dcc3334" testName="Scenario Context / ScenarioReducer / When Type is SHOW_SCENARIOS / Adds scenarioOptions to the state" computerName="Helens-iMac.local" duration="00:00:00.057" startTime="2020-05-01T10:20:22.954Z" endTime="2020-05-01T10:20:23.011Z" testType="13cdc9d9-ddb5-4fa4-a97d-d965ccfc6d4b" outcome="Passed" testListId="8c84fa94-04c1-424b-9868-57a2d4851a1d"/>
    <UnitTestResult testId="4c8cc660-5336-455a-a657-b7cb573e85f1" executionId="1be12eae-6570-43fa-87c6-c7f11e678d02" testName="Scenario Context / Action Creators / showScenarios / It dispatches the showScenarios action" computerName="Helens-iMac.local" duration="00:00:00.057" startTime="2020-05-01T10:20:23.011Z" endTime="2020-05-01T10:20:23.068Z" testType="13cdc9d9-ddb5-4fa4-a97d-d965ccfc6d4b" outcome="Passed" testListId="8c84fa94-04c1-424b-9868-57a2d4851a1d"/>
    <UnitTestResult testId="c25e0caf-3c15-4d48-aa6d-2e5184c4b917" executionId="fbf01b49-be93-471d-9694-3d870e47e2dd" testName="dataContextFactory / Returns a Context Object and a provider / That does not throw an error when wrapping another element" computerName="Helens-iMac.local" duration="00:00:00.248" startTime="2020-05-01T10:20:22.824Z" endTime="2020-05-01T10:20:23.072Z" testType="13cdc9d9-ddb5-4fa4-a97d-d965ccfc6d4b" outcome="Passed" testListId="8c84fa94-04c1-424b-9868-57a2d4851a1d"/>
  </Results>
</TestRun>