<?xml version="1.0" encoding="UTF-8"?>
<TestRun id="024358c1-b679-4159-96a8-f6401787df66" name="mike@Helens-iMac.local 2020-04-30T16:29:31.867Z" runUser="mike" xmlns="http://microsoft.com/schemas/VisualStudio/TeamTest/2010">
  <TestSettings name="Jest test run" id="155807e2-b5c1-4de2-84bb-ff5377a0510d"/>
  <Times creation="2020-04-30T16:29:31.867Z" queuing="2020-04-30T16:29:31.867Z" start="2020-04-30T16:29:31.867Z" finish="2020-04-30T16:29:31.867Z"/>
  <ResultSummary outcome="Passed">
    <Counters total="67" executed="67" passed="67" failed="0" error="0"/>
  </ResultSummary>
  <TestDefinitions>
    <UnitTest name="&lt;FileUpload/> / renders without error" id="279f634f-6ebe-4192-913d-4cea2db679a3">
      <Execution id="6ecb974e-5d9c-40a1-8db4-43aa5fc296f8"/>
      <TestMethod codeBase="Jest_&lt;FileUpload/> / renders without error" name="&lt;FileUpload/> / renders without error" className="&lt;FileUpload/>"/>
    </UnitTest>
    <UnitTest name="&lt;FileUpload/> / Has a label with default text" id="50744b1d-3a1c-456f-8291-d139428e8afc">
      <Execution id="7bdcdedb-fa0a-4564-81b4-bcb56e7a0942"/>
      <TestMethod codeBase="Jest_&lt;FileUpload/> / Has a label with default text" name="&lt;FileUpload/> / Has a label with default text" className="&lt;FileUpload/>"/>
    </UnitTest>
    <UnitTest name="&lt;FileUpload/> / When Clicked / opens a file dialog" id="bcd8aa23-0a33-475e-a4ee-609e957261b0">
      <Execution id="8bfd3ac4-4d93-41f6-9f15-2eb67adf5b6c"/>
      <TestMethod codeBase="Jest_&lt;FileUpload/> / When Clicked / opens a file dialog" name="&lt;FileUpload/> / When Clicked / opens a file dialog" className="&lt;FileUpload/>"/>
    </UnitTest>
    <UnitTest name="renders The App without error" id="dc483d1d-7377-4ee7-b5c7-f881ceccd646">
      <Execution id="10871a7d-46c7-45ae-82e9-b6713a5ff8f2"/>
      <TestMethod codeBase="Jest_renders The App without error" name="renders The App without error" className="No suite"/>
    </UnitTest>
    <UnitTest name="&lt;Main/> / it renders without error" id="54897b43-cc31-4e40-8d3e-8efef2250485">
      <Execution id="c4525b79-2c8e-4f7c-8292-af3eab9d0fc1"/>
      <TestMethod codeBase="Jest_&lt;Main/> / it renders without error" name="&lt;Main/> / it renders without error" className="&lt;Main/>"/>
    </UnitTest>
    <UnitTest name="&lt;Main/> / When disabled / Displays the input field" id="6b99fca8-96a1-4b17-bdc1-2cabb39c7ce7">
      <Execution id="e92ac4ba-f0de-4059-b8f0-2b334264adb5"/>
      <TestMethod codeBase="Jest_&lt;Main/> / When disabled / Displays the input field" name="&lt;Main/> / When disabled / Displays the input field" className="&lt;Main/>"/>
    </UnitTest>
    <UnitTest name="&lt;RefreshButton/> / renders without error" id="ceb1dabc-1633-477e-9075-5a379bc4a0de">
      <Execution id="b8df9616-397a-4797-b838-ced3980db461"/>
      <TestMethod codeBase="Jest_&lt;RefreshButton/> / renders without error" name="&lt;RefreshButton/> / renders without error" className="&lt;RefreshButton/>"/>
    </UnitTest>
    <UnitTest name="&lt;RefreshButton/> / on click / it calls refresh method in the context" id="44d4c6cf-9e91-4c85-bf39-1677a1276c08">
      <Execution id="ebefb3be-9c23-42a5-96cc-24705c951716"/>
      <TestMethod codeBase="Jest_&lt;RefreshButton/> / on click / it calls refresh method in the context" name="&lt;RefreshButton/> / on click / it calls refresh method in the context" className="&lt;RefreshButton/>"/>
    </UnitTest>
    <UnitTest name="&lt;RunButton / it renders without error" id="bb122c1d-5330-446e-ad67-6078c6113b89">
      <Execution id="c1b2b25b-c962-4d61-9260-47c3c0117e29"/>
      <TestMethod codeBase="Jest_&lt;RunButton / it renders without error" name="&lt;RunButton / it renders without error" className="&lt;RunButton"/>
    </UnitTest>
    <UnitTest name="&lt;RunButton / when disabled / Has the disabled class" id="b4601e25-5bd0-4fd5-8315-60aa80a65e25">
      <Execution id="38669363-d5f3-4073-9ba2-0da51d95ded3"/>
      <TestMethod codeBase="Jest_&lt;RunButton / when disabled / Has the disabled class" name="&lt;RunButton / when disabled / Has the disabled class" className="&lt;RunButton"/>
    </UnitTest>
    <UnitTest name="&lt;RunButton / when disabled / Cannot call run data" id="3672e558-35c8-41d5-b8b9-625e955488a4">
      <Execution id="cb329e1b-e53e-48f7-84cf-3fb0f73d7e6b"/>
      <TestMethod codeBase="Jest_&lt;RunButton / when disabled / Cannot call run data" name="&lt;RunButton / when disabled / Cannot call run data" className="&lt;RunButton"/>
    </UnitTest>
    <UnitTest name="&lt;RunButton / when enabled / Does not have the disabled class" id="f93aec80-b733-4a69-a619-c3f3812c1eee">
      <Execution id="ccde7be4-678c-428d-a6d0-3e41cf4e92cd"/>
      <TestMethod codeBase="Jest_&lt;RunButton / when enabled / Does not have the disabled class" name="&lt;RunButton / when enabled / Does not have the disabled class" className="&lt;RunButton"/>
    </UnitTest>
    <UnitTest name="&lt;RunButton / when enabled / Can call run data" id="9c03de32-de75-4e55-800c-f2bec2275274">
      <Execution id="061852fc-aa97-4bb3-a537-a5eab92fd2a9"/>
      <TestMethod codeBase="Jest_&lt;RunButton / when enabled / Can call run data" name="&lt;RunButton / when enabled / Can call run data" className="&lt;RunButton"/>
    </UnitTest>
    <UnitTest name="&lt;FlowContainer/> / is disabled by default" id="97b963b0-7d8e-4c07-a63e-fd04e9cbee3a">
      <Execution id="7b2ffe8b-14f3-4109-ad3c-b72ac24bc118"/>
      <TestMethod codeBase="Jest_&lt;FlowContainer/> / is disabled by default" name="&lt;FlowContainer/> / is disabled by default" className="&lt;FlowContainer/>"/>
    </UnitTest>
    <UnitTest name="&lt;FlowContainer/> / When First Enabled / Shows the Flow Component" id="96ccd05d-e06a-4a6f-818a-8d11ddfa69fa">
      <Execution id="c4443e1f-fd12-403b-9ad4-5ef104b1b394"/>
      <TestMethod codeBase="Jest_&lt;FlowContainer/> / When First Enabled / Shows the Flow Component" name="&lt;FlowContainer/> / When First Enabled / Shows the Flow Component" className="&lt;FlowContainer/>"/>
    </UnitTest>
    <UnitTest name="&lt;Help/> / renders without error" id="82130c44-7b45-40af-880e-bf0dd1df0f8f">
      <Execution id="3e1870a5-6915-42b2-96c6-6be81c4bccb5"/>
      <TestMethod codeBase="Jest_&lt;Help/> / renders without error" name="&lt;Help/> / renders without error" className="&lt;Help/>"/>
    </UnitTest>
    <UnitTest name="&lt;Help/> / Shows help text returned from context" id="8e7b0718-62af-4894-9beb-c9abd976fa85">
      <Execution id="8de408a0-6f8d-45a9-9c09-959ac75ff295"/>
      <TestMethod codeBase="Jest_&lt;Help/> / Shows help text returned from context" name="&lt;Help/> / Shows help text returned from context" className="&lt;Help/>"/>
    </UnitTest>
    <UnitTest name="&lt;ResultsButton/> / renders without error" id="ad62fbb9-54a6-4ecf-945c-5b46d3c53dcf">
      <Execution id="55dbbedf-ac80-483a-82c0-452a294815b3"/>
      <TestMethod codeBase="Jest_&lt;ResultsButton/> / renders without error" name="&lt;ResultsButton/> / renders without error" className="&lt;ResultsButton/>"/>
    </UnitTest>
    <UnitTest name="&lt;ResultsButton/> / when disabled / should have class disabled" id="2a22a77a-e808-4616-8936-770401c387ed">
      <Execution id="5de2ffb9-5f5c-483d-93c4-c1cc4ca8f8b4"/>
      <TestMethod codeBase="Jest_&lt;ResultsButton/> / when disabled / should have class disabled" name="&lt;ResultsButton/> / when disabled / should have class disabled" className="&lt;ResultsButton/>"/>
    </UnitTest>
    <UnitTest name="&lt;ResultsButton/> / when not disabled / should not have class disabled" id="94caed82-eae5-46dd-95d7-8d750dd59d9b">
      <Execution id="6d927c48-bbe0-4024-8be4-2277b045f15d"/>
      <TestMethod codeBase="Jest_&lt;ResultsButton/> / when not disabled / should not have class disabled" name="&lt;ResultsButton/> / when not disabled / should not have class disabled" className="&lt;ResultsButton/>"/>
    </UnitTest>
    <UnitTest name="&lt;RunArrow/> / It renders without error" id="fda05a8f-a0ff-40bf-a28a-9fda9216f460">
      <Execution id="f3db5682-d7a6-48f4-94c1-97d782167e42"/>
      <TestMethod codeBase="Jest_&lt;RunArrow/> / It renders without error" name="&lt;RunArrow/> / It renders without error" className="&lt;RunArrow/>"/>
    </UnitTest>
    <UnitTest name="&lt;RunArrow/> / when disabled / The disabled class is applied" id="2332efda-5e64-42be-b999-37de1178a0ed">
      <Execution id="5a18e0d7-6f0f-446b-93f1-a902371ec13e"/>
      <TestMethod codeBase="Jest_&lt;RunArrow/> / when disabled / The disabled class is applied" name="&lt;RunArrow/> / when disabled / The disabled class is applied" className="&lt;RunArrow/>"/>
    </UnitTest>
    <UnitTest name="&lt;RunArrow/> / when ran / the ran class is applied" id="dd16ce6f-6ef0-44a1-8cc7-796ddff19053">
      <Execution id="9306288d-cee5-4164-9ee6-79a49ba29642"/>
      <TestMethod codeBase="Jest_&lt;RunArrow/> / when ran / the ran class is applied" name="&lt;RunArrow/> / when ran / the ran class is applied" className="&lt;RunArrow/>"/>
    </UnitTest>
    <UnitTest name="&lt;Update/> / It renders without error" id="9bff3b73-456c-4035-bd92-6f3d2c539dea">
      <Execution id="cb6f97ae-2667-413e-aaff-6a8ea4daf650"/>
      <TestMethod codeBase="Jest_&lt;Update/> / It renders without error" name="&lt;Update/> / It renders without error" className="&lt;Update/>"/>
    </UnitTest>
    <UnitTest name="&lt;Update/> / when disabled / The disabled class is applied" id="c636dbb3-d8e7-4255-8a03-8b4dd8e7139b">
      <Execution id="b5ef722f-f4b8-4e9c-b94a-d1cedeffa6eb"/>
      <TestMethod codeBase="Jest_&lt;Update/> / when disabled / The disabled class is applied" name="&lt;Update/> / when disabled / The disabled class is applied" className="&lt;Update/>"/>
    </UnitTest>
    <UnitTest name="&lt;Update/> / when ran / the ran class is appled" id="6b2d7436-0c17-441e-9c82-4088f8e9bed4">
      <Execution id="d32eec34-047e-4bf0-aa98-98fe40b6dbbc"/>
      <TestMethod codeBase="Jest_&lt;Update/> / when ran / the ran class is appled" name="&lt;Update/> / when ran / the ran class is appled" className="&lt;Update/>"/>
    </UnitTest>
    <UnitTest name="&lt;Input/> / it renders without error" id="5eaf0317-5088-40ea-a292-00512b5ac720">
      <Execution id="872e0c5c-5c02-42c1-960e-6565622a71cc"/>
      <TestMethod codeBase="Jest_&lt;Input/> / it renders without error" name="&lt;Input/> / it renders without error" className="&lt;Input/>"/>
    </UnitTest>
    <UnitTest name="&lt;Input/> / when disabled / has the disabled class" id="fa9ce4ef-ee89-46fa-959b-a1dd8856bd2b">
      <Execution id="1afe512e-cadd-47ea-a710-95389d875bf5"/>
      <TestMethod codeBase="Jest_&lt;Input/> / when disabled / has the disabled class" name="&lt;Input/> / when disabled / has the disabled class" className="&lt;Input/>"/>
    </UnitTest>
    <UnitTest name="&lt;Input/> / when disabled / Cannot call uploadData" id="b729f535-cef5-4c24-aa5d-7abc75b1c9f1">
      <Execution id="fff14207-2f0d-4b91-a239-0af7aa4f36d8"/>
      <TestMethod codeBase="Jest_&lt;Input/> / when disabled / Cannot call uploadData" name="&lt;Input/> / when disabled / Cannot call uploadData" className="&lt;Input/>"/>
    </UnitTest>
    <UnitTest name="&lt;Input/> / when enabled / does not have the disabled class" id="24dc331b-c1ae-4851-a444-f2114fdbb8e6">
      <Execution id="9420a6a1-2a06-4aab-8335-c8f1a0e8aaf6"/>
      <TestMethod codeBase="Jest_&lt;Input/> / when enabled / does not have the disabled class" name="&lt;Input/> / when enabled / does not have the disabled class" className="&lt;Input/>"/>
    </UnitTest>
    <UnitTest name="&lt;Input/> / when enabled / when clicked / It calls the uploadData function" id="2dbb22c4-067e-4fc5-8f8c-877768601cac">
      <Execution id="cc8601d9-fece-499f-8ba1-882781f43de6"/>
      <TestMethod codeBase="Jest_&lt;Input/> / when enabled / when clicked / It calls the uploadData function" name="&lt;Input/> / when enabled / when clicked / It calls the uploadData function" className="&lt;Input/>"/>
    </UnitTest>
    <UnitTest name="&lt;ListItem/> / renders without error" id="77651de7-1a6a-435b-94c0-ea443240a53a">
      <Execution id="920ca3b3-d910-403b-8c66-f3abdf976ac1"/>
      <TestMethod codeBase="Jest_&lt;ListItem/> / renders without error" name="&lt;ListItem/> / renders without error" className="&lt;ListItem/>"/>
    </UnitTest>
    <UnitTest name="&lt;ListItem/> / When clicked / calls showNext" id="3e13ed14-8980-414f-a9c6-9d7cd0b18f47">
      <Execution id="7cb01809-db69-4adb-a02d-994f6e9ea6c0"/>
      <TestMethod codeBase="Jest_&lt;ListItem/> / When clicked / calls showNext" name="&lt;ListItem/> / When clicked / calls showNext" className="&lt;ListItem/>"/>
    </UnitTest>
    <UnitTest name="&lt;Form/> / renders without error" id="f9ca21a7-3033-4bdb-a3a1-315adad3f3a1">
      <Execution id="88b6d33e-73d1-4010-8542-cf66c5f04cc5"/>
      <TestMethod codeBase="Jest_&lt;Form/> / renders without error" name="&lt;Form/> / renders without error" className="&lt;Form/>"/>
    </UnitTest>
    <UnitTest name="&lt;Form/> / renders a form field for every field item" id="ad0422d4-d5ee-4f38-81a5-8f8501549d84">
      <Execution id="01af1bc4-fc2f-48b4-b73a-562ccc6f2caa"/>
      <TestMethod codeBase="Jest_&lt;Form/> / renders a form field for every field item" name="&lt;Form/> / renders a form field for every field item" className="&lt;Form/>"/>
    </UnitTest>
    <UnitTest name="&lt;List/> / It renders without error" id="d2d0c29d-8cd9-4fc1-8ad0-781c6069b1de">
      <Execution id="178d7160-67cc-4968-933e-968244383ddf"/>
      <TestMethod codeBase="Jest_&lt;List/> / It renders without error" name="&lt;List/> / It renders without error" className="&lt;List/>"/>
    </UnitTest>
    <UnitTest name="&lt;List/> / Drop Down List / Displays a default selection" id="33bc7e06-7b12-4264-9994-3d6cb1eed598">
      <Execution id="5824aa8c-cd89-4dcc-848a-b7e1deae1ec8"/>
      <TestMethod codeBase="Jest_&lt;List/> / Drop Down List / Displays a default selection" name="&lt;List/> / Drop Down List / Displays a default selection" className="&lt;List/>"/>
    </UnitTest>
    <UnitTest name="&lt;List/> / Drop Down List / On Click / Displays a collection of items" id="49e02829-94d4-4df5-a660-28f5a8a90e21">
      <Execution id="0c84127c-7abc-4194-8c62-ec44cef2c995"/>
      <TestMethod codeBase="Jest_&lt;List/> / Drop Down List / On Click / Displays a collection of items" name="&lt;List/> / Drop Down List / On Click / Displays a collection of items" className="&lt;List/>"/>
    </UnitTest>
    <UnitTest name="&lt;ScenarioModelling/> / it renders without error" id="015f1d0f-857a-461f-8cbb-2c0ab294a4df">
      <Execution id="a83bc467-975a-4ba0-9e01-6d9ea0351d61"/>
      <TestMethod codeBase="Jest_&lt;ScenarioModelling/> / it renders without error" name="&lt;ScenarioModelling/> / it renders without error" className="&lt;ScenarioModelling/>"/>
    </UnitTest>
    <UnitTest name="&lt;ScenarioModelling/> / It has a header" id="4230a715-2d86-4e7d-aea1-dc10e57060d9">
      <Execution id="4e516765-179f-43ae-9ba4-261a54eee3f8"/>
      <TestMethod codeBase="Jest_&lt;ScenarioModelling/> / It has a header" name="&lt;ScenarioModelling/> / It has a header" className="&lt;ScenarioModelling/>"/>
    </UnitTest>
    <UnitTest name="&lt;ScenarioModelling/> / It has a drop down select container" id="d87b0c29-3325-4943-b5be-1baab524914a">
      <Execution id="20888705-4e4c-4093-abc1-8cd2dd9fd834"/>
      <TestMethod codeBase="Jest_&lt;ScenarioModelling/> / It has a drop down select container" name="&lt;ScenarioModelling/> / It has a drop down select container" className="&lt;ScenarioModelling/>"/>
    </UnitTest>
    <UnitTest name="&lt;Arrow /> / it renders without error" id="64ecdba7-bc45-4660-97cf-1f70bfcf2165">
      <Execution id="cf0cc8a7-2b26-4154-9e3a-122427e34c7e"/>
      <TestMethod codeBase="Jest_&lt;Arrow /> / it renders without error" name="&lt;Arrow /> / it renders without error" className="&lt;Arrow />"/>
    </UnitTest>
    <UnitTest name="&lt;Arrow /> / renders without Error when passed a valid set of paths" id="229f6122-70f9-4e5d-bd27-df6faec76e2d">
      <Execution id="4b0d4359-98ea-4a7a-9186-5d78c68f2fc9"/>
      <TestMethod codeBase="Jest_&lt;Arrow /> / renders without Error when passed a valid set of paths" name="&lt;Arrow /> / renders without Error when passed a valid set of paths" className="&lt;Arrow />"/>
    </UnitTest>
    <UnitTest name="&lt;Arrow /> / takes a child path element and renders it" id="1d3d6253-2cea-40ff-9689-b73aaffdd501">
      <Execution id="ede055bc-d2c5-45ad-b130-2d394d7066ef"/>
      <TestMethod codeBase="Jest_&lt;Arrow /> / takes a child path element and renders it" name="&lt;Arrow /> / takes a child path element and renders it" className="&lt;Arrow />"/>
    </UnitTest>
    <UnitTest name="&lt;Button /> / renders without error" id="c96e88d7-d05e-4948-a2ff-a858aae312ca">
      <Execution id="66d776ca-c5cb-4249-9782-76abbb86ded2"/>
      <TestMethod codeBase="Jest_&lt;Button /> / renders without error" name="&lt;Button /> / renders without error" className="&lt;Button />"/>
    </UnitTest>
    <UnitTest name="&lt;Button /> / can be set to be active" id="391697e9-adf4-4a4b-be87-33ee6f2a4200">
      <Execution id="8fca81f9-fbab-4f10-aa7b-dfd7c2c0bf45"/>
      <TestMethod codeBase="Jest_&lt;Button /> / can be set to be active" name="&lt;Button /> / can be set to be active" className="&lt;Button />"/>
    </UnitTest>
    <UnitTest name="&lt;Button /> / can accept other classes" id="2b8747ab-4b9e-42a8-b79d-28881d88fe88">
      <Execution id="5c4b644d-457e-419e-bce7-7332cdef5399"/>
      <TestMethod codeBase="Jest_&lt;Button /> / can accept other classes" name="&lt;Button /> / can accept other classes" className="&lt;Button />"/>
    </UnitTest>
    <UnitTest name="&lt;Nav/> / renders without error" id="c831ea7c-58ce-450e-af6a-d65bf47d5d0d">
      <Execution id="85ecda08-4053-4809-bbd9-1ad56952b402"/>
      <TestMethod codeBase="Jest_&lt;Nav/> / renders without error" name="&lt;Nav/> / renders without error" className="&lt;Nav/>"/>
    </UnitTest>
    <UnitTest name="dataContextFactory / Returns a Context Object and a provider / That does not throw an error when wrapping another element" id="e6dbb692-7544-4744-8a22-fe3870f8d103">
      <Execution id="3b71e6da-271a-411a-a4d4-81d06b7e3be3"/>
      <TestMethod codeBase="Jest_dataContextFactory / Returns a Context Object and a provider / That does not throw an error when wrapping another element" name="dataContextFactory / Returns a Context Object and a provider / That does not throw an error when wrapping another element" className="dataContextFactory"/>
    </UnitTest>
    <UnitTest name="&lt;Header/> / renders without error" id="29e727d3-15f1-4d6e-96d2-c34136a6ee34">
      <Execution id="95c70d07-cf79-4eba-8db6-b53ef0c568cb"/>
      <TestMethod codeBase="Jest_&lt;Header/> / renders without error" name="&lt;Header/> / renders without error" className="&lt;Header/>"/>
    </UnitTest>
    <UnitTest name="&lt;Header/> / Displays a user name" id="64cdbe96-5884-47ee-ac11-2844edfd6d10">
      <Execution id="86ba7cb3-1e1e-4ba6-a3eb-3ac6408416c1"/>
      <TestMethod codeBase="Jest_&lt;Header/> / Displays a user name" name="&lt;Header/> / Displays a user name" className="&lt;Header/>"/>
    </UnitTest>
    <UnitTest name="&lt;FormField/> / it renders without error" id="3be47bd7-98d0-4861-b334-d9119bf5efae">
      <Execution id="508e4c99-c909-4800-9249-bc00fff9d635"/>
      <TestMethod codeBase="Jest_&lt;FormField/> / it renders without error" name="&lt;FormField/> / it renders without error" className="&lt;FormField/>"/>
    </UnitTest>
    <UnitTest name="getColumnItem / returns the correct columnItem for items on first tier" id="068bea52-d993-4ee3-916b-8bf5e4bcd335">
      <Execution id="e74161f5-a684-4820-9282-4c5841b2e7b9"/>
      <TestMethod codeBase="Jest_getColumnItem / returns the correct columnItem for items on first tier" name="getColumnItem / returns the correct columnItem for items on first tier" className="getColumnItem"/>
    </UnitTest>
    <UnitTest name="getColumnItem / return the correct column item for items on the 5th tier" id="805321d2-846f-4840-a741-ed9b38081221">
      <Execution id="25131139-6652-4b31-95a6-ffe398e95e32"/>
      <TestMethod codeBase="Jest_getColumnItem / return the correct column item for items on the 5th tier" name="getColumnItem / return the correct column item for items on the 5th tier" className="getColumnItem"/>
    </UnitTest>
    <UnitTest name="buildColumnItem / When input options is the same length as the column number / it appends a new column item" id="a8f2f418-555e-4998-9635-fdf323638cf8">
      <Execution id="20902085-1a92-4eed-a8a1-f0d5dc5beccb"/>
      <TestMethod codeBase="Jest_buildColumnItem / When input options is the same length as the column number / it appends a new column item" name="buildColumnItem / When input options is the same length as the column number / it appends a new column item" className="buildColumnItem"/>
    </UnitTest>
    <UnitTest name="buildColumnItem / When input options is the same length as the column number / The new item has column index of 2" id="4a00ba8b-c256-418e-8fd9-c99399630eef">
      <Execution id="2c6563f1-08a4-429d-9a7e-c11f666dbdc8"/>
      <TestMethod codeBase="Jest_buildColumnItem / When input options is the same length as the column number / The new item has column index of 2" name="buildColumnItem / When input options is the same length as the column number / The new item has column index of 2" className="buildColumnItem"/>
    </UnitTest>
    <UnitTest name="buildColumnItem / When input options length is greater than selected option / When an item is selected from the first column / it returns a list with 2 elements" id="dd7e7a37-fe2c-4937-9eb1-e6541be100fe">
      <Execution id="109ce400-79be-4c19-9659-d8659463aa37"/>
      <TestMethod codeBase="Jest_buildColumnItem / When input options length is greater than selected option / When an item is selected from the first column / it returns a list with 2 elements" name="buildColumnItem / When input options length is greater than selected option / When an item is selected from the first column / it returns a list with 2 elements" className="buildColumnItem"/>
    </UnitTest>
    <UnitTest name="buildColumnItem / When input options length is greater than selected option / When an item is selected from the first column / The 2nd element has a idx of 2" id="154a3865-ab96-48f8-88ea-bfbde3329717">
      <Execution id="5690e06c-16f7-4a96-9fea-e466113a6c92"/>
      <TestMethod codeBase="Jest_buildColumnItem / When input options length is greater than selected option / When an item is selected from the first column / The 2nd element has a idx of 2" name="buildColumnItem / When input options length is greater than selected option / When an item is selected from the first column / The 2nd element has a idx of 2" className="buildColumnItem"/>
    </UnitTest>
    <UnitTest name="Scenario Context / ScenarioReducer / Returns a default state" id="adad1ef9-04b2-4ec2-9359-e357179dafa5">
      <Execution id="954f23e7-b46a-4948-a1d3-5b2dcd4b3fea"/>
      <TestMethod codeBase="Jest_Scenario Context / ScenarioReducer / Returns a default state" name="Scenario Context / ScenarioReducer / Returns a default state" className="Scenario Context"/>
    </UnitTest>
    <UnitTest name="Scenario Context / ScenarioReducer / When Type is SHOW_SCENARIOS / Adds scenarioOptions to the state" id="7e255d94-e6d7-4502-b843-489dc19ebc9d">
      <Execution id="b14bba39-2237-4a31-95db-707a25f63177"/>
      <TestMethod codeBase="Jest_Scenario Context / ScenarioReducer / When Type is SHOW_SCENARIOS / Adds scenarioOptions to the state" name="Scenario Context / ScenarioReducer / When Type is SHOW_SCENARIOS / Adds scenarioOptions to the state" className="Scenario Context"/>
    </UnitTest>
    <UnitTest name="Scenario Context / Action Creators / showScenarios / It dispatches the showScenarios action" id="9484cc95-7cf5-45e8-b3e4-d0eee34eb5fa">
      <Execution id="f51a42c9-49dd-42d9-84bb-bf0ea62a23c9"/>
      <TestMethod codeBase="Jest_Scenario Context / Action Creators / showScenarios / It dispatches the showScenarios action" name="Scenario Context / Action Creators / showScenarios / It dispatches the showScenarios action" className="Scenario Context"/>
    </UnitTest>
    <UnitTest name="FlowContext / reducer / When type is START_FLOW / it returns some default state" id="6f3685f3-3df5-4a2e-ac75-9f2650db8515">
      <Execution id="d0ebfd7e-ffd8-4881-a8e8-c414daf118d2"/>
      <TestMethod codeBase="Jest_FlowContext / reducer / When type is START_FLOW / it returns some default state" name="FlowContext / reducer / When type is START_FLOW / it returns some default state" className="FlowContext"/>
    </UnitTest>
    <UnitTest name="FlowContext / reducer / action creators / Upload Data / uploadData dispatches UPLOADINGDATA action" id="ce3ef7e4-52be-416c-9fe1-5e77ec059bf2">
      <Execution id="9230f2ef-c046-42ff-81ae-9c2f4678dd0e"/>
      <TestMethod codeBase="Jest_FlowContext / reducer / action creators / Upload Data / uploadData dispatches UPLOADINGDATA action" name="FlowContext / reducer / action creators / Upload Data / uploadData dispatches UPLOADINGDATA action" className="FlowContext"/>
    </UnitTest>
    <UnitTest name="FlowContext / reducer / action creators / Upload Data / uploadData also fires INPUT_DATA action" id="bfa5adcf-59f4-4855-b0e8-289e94d29ad3">
      <Execution id="00d97e10-eebe-46a8-82b7-294351546a3d"/>
      <TestMethod codeBase="Jest_FlowContext / reducer / action creators / Upload Data / uploadData also fires INPUT_DATA action" name="FlowContext / reducer / action creators / Upload Data / uploadData also fires INPUT_DATA action" className="FlowContext"/>
    </UnitTest>
    <UnitTest name="FlowContext / reducer / action creators / run data / calls RUN_DATA reducer action" id="afd53b53-18b0-438e-92d8-7f0fb85f387d">
      <Execution id="389e8879-04e2-4f00-9304-5da9f45ca90b"/>
      <TestMethod codeBase="Jest_FlowContext / reducer / action creators / run data / calls RUN_DATA reducer action" name="FlowContext / reducer / action creators / run data / calls RUN_DATA reducer action" className="FlowContext"/>
    </UnitTest>
    <UnitTest name="FlowContext / reducer / action creators / inputData / It dispatches the INPUT_DATA action" id="a1e8c24d-8dca-4d32-82d8-1ca7d9e381a0">
      <Execution id="b0bfd269-9aaf-4e41-82e0-c452d6c9ba98"/>
      <TestMethod codeBase="Jest_FlowContext / reducer / action creators / inputData / It dispatches the INPUT_DATA action" name="FlowContext / reducer / action creators / inputData / It dispatches the INPUT_DATA action" className="FlowContext"/>
    </UnitTest>
    <UnitTest name="FlowContext / reducer / action creators / start / It dispatches the START action with a file payload" id="a93e994b-e11d-4d7b-a7c2-104e29727a2f">
      <Execution id="8c0b78b3-d29f-4df2-950a-9bef03527f68"/>
      <TestMethod codeBase="Jest_FlowContext / reducer / action creators / start / It dispatches the START action with a file payload" name="FlowContext / reducer / action creators / start / It dispatches the START action with a file payload" className="FlowContext"/>
    </UnitTest>
  </TestDefinitions>
  <TestLists>
    <TestList name="Results Not in a List" id="8c84fa94-04c1-424b-9868-57a2d4851a1d"/>
    <TestList name="All Loaded Results" id="19431567-8539-422a-85d7-44ee4e166bda"/>
  </TestLists>
  <TestEntries>
    <TestEntry testId="279f634f-6ebe-4192-913d-4cea2db679a3" executionId="6ecb974e-5d9c-40a1-8db4-43aa5fc296f8" testListId="8c84fa94-04c1-424b-9868-57a2d4851a1d"/>
    <TestEntry testId="50744b1d-3a1c-456f-8291-d139428e8afc" executionId="7bdcdedb-fa0a-4564-81b4-bcb56e7a0942" testListId="8c84fa94-04c1-424b-9868-57a2d4851a1d"/>
    <TestEntry testId="bcd8aa23-0a33-475e-a4ee-609e957261b0" executionId="8bfd3ac4-4d93-41f6-9f15-2eb67adf5b6c" testListId="8c84fa94-04c1-424b-9868-57a2d4851a1d"/>
    <TestEntry testId="dc483d1d-7377-4ee7-b5c7-f881ceccd646" executionId="10871a7d-46c7-45ae-82e9-b6713a5ff8f2" testListId="8c84fa94-04c1-424b-9868-57a2d4851a1d"/>
    <TestEntry testId="54897b43-cc31-4e40-8d3e-8efef2250485" executionId="c4525b79-2c8e-4f7c-8292-af3eab9d0fc1" testListId="8c84fa94-04c1-424b-9868-57a2d4851a1d"/>
    <TestEntry testId="6b99fca8-96a1-4b17-bdc1-2cabb39c7ce7" executionId="e92ac4ba-f0de-4059-b8f0-2b334264adb5" testListId="8c84fa94-04c1-424b-9868-57a2d4851a1d"/>
    <TestEntry testId="ceb1dabc-1633-477e-9075-5a379bc4a0de" executionId="b8df9616-397a-4797-b838-ced3980db461" testListId="8c84fa94-04c1-424b-9868-57a2d4851a1d"/>
    <TestEntry testId="44d4c6cf-9e91-4c85-bf39-1677a1276c08" executionId="ebefb3be-9c23-42a5-96cc-24705c951716" testListId="8c84fa94-04c1-424b-9868-57a2d4851a1d"/>
    <TestEntry testId="bb122c1d-5330-446e-ad67-6078c6113b89" executionId="c1b2b25b-c962-4d61-9260-47c3c0117e29" testListId="8c84fa94-04c1-424b-9868-57a2d4851a1d"/>
    <TestEntry testId="b4601e25-5bd0-4fd5-8315-60aa80a65e25" executionId="38669363-d5f3-4073-9ba2-0da51d95ded3" testListId="8c84fa94-04c1-424b-9868-57a2d4851a1d"/>
    <TestEntry testId="3672e558-35c8-41d5-b8b9-625e955488a4" executionId="cb329e1b-e53e-48f7-84cf-3fb0f73d7e6b" testListId="8c84fa94-04c1-424b-9868-57a2d4851a1d"/>
    <TestEntry testId="f93aec80-b733-4a69-a619-c3f3812c1eee" executionId="ccde7be4-678c-428d-a6d0-3e41cf4e92cd" testListId="8c84fa94-04c1-424b-9868-57a2d4851a1d"/>
    <TestEntry testId="9c03de32-de75-4e55-800c-f2bec2275274" executionId="061852fc-aa97-4bb3-a537-a5eab92fd2a9" testListId="8c84fa94-04c1-424b-9868-57a2d4851a1d"/>
    <TestEntry testId="97b963b0-7d8e-4c07-a63e-fd04e9cbee3a" executionId="7b2ffe8b-14f3-4109-ad3c-b72ac24bc118" testListId="8c84fa94-04c1-424b-9868-57a2d4851a1d"/>
    <TestEntry testId="96ccd05d-e06a-4a6f-818a-8d11ddfa69fa" executionId="c4443e1f-fd12-403b-9ad4-5ef104b1b394" testListId="8c84fa94-04c1-424b-9868-57a2d4851a1d"/>
    <TestEntry testId="82130c44-7b45-40af-880e-bf0dd1df0f8f" executionId="3e1870a5-6915-42b2-96c6-6be81c4bccb5" testListId="8c84fa94-04c1-424b-9868-57a2d4851a1d"/>
    <TestEntry testId="8e7b0718-62af-4894-9beb-c9abd976fa85" executionId="8de408a0-6f8d-45a9-9c09-959ac75ff295" testListId="8c84fa94-04c1-424b-9868-57a2d4851a1d"/>
    <TestEntry testId="ad62fbb9-54a6-4ecf-945c-5b46d3c53dcf" executionId="55dbbedf-ac80-483a-82c0-452a294815b3" testListId="8c84fa94-04c1-424b-9868-57a2d4851a1d"/>
    <TestEntry testId="2a22a77a-e808-4616-8936-770401c387ed" executionId="5de2ffb9-5f5c-483d-93c4-c1cc4ca8f8b4" testListId="8c84fa94-04c1-424b-9868-57a2d4851a1d"/>
    <TestEntry testId="94caed82-eae5-46dd-95d7-8d750dd59d9b" executionId="6d927c48-bbe0-4024-8be4-2277b045f15d" testListId="8c84fa94-04c1-424b-9868-57a2d4851a1d"/>
    <TestEntry testId="fda05a8f-a0ff-40bf-a28a-9fda9216f460" executionId="f3db5682-d7a6-48f4-94c1-97d782167e42" testListId="8c84fa94-04c1-424b-9868-57a2d4851a1d"/>
    <TestEntry testId="2332efda-5e64-42be-b999-37de1178a0ed" executionId="5a18e0d7-6f0f-446b-93f1-a902371ec13e" testListId="8c84fa94-04c1-424b-9868-57a2d4851a1d"/>
    <TestEntry testId="dd16ce6f-6ef0-44a1-8cc7-796ddff19053" executionId="9306288d-cee5-4164-9ee6-79a49ba29642" testListId="8c84fa94-04c1-424b-9868-57a2d4851a1d"/>
    <TestEntry testId="9bff3b73-456c-4035-bd92-6f3d2c539dea" executionId="cb6f97ae-2667-413e-aaff-6a8ea4daf650" testListId="8c84fa94-04c1-424b-9868-57a2d4851a1d"/>
    <TestEntry testId="c636dbb3-d8e7-4255-8a03-8b4dd8e7139b" executionId="b5ef722f-f4b8-4e9c-b94a-d1cedeffa6eb" testListId="8c84fa94-04c1-424b-9868-57a2d4851a1d"/>
    <TestEntry testId="6b2d7436-0c17-441e-9c82-4088f8e9bed4" executionId="d32eec34-047e-4bf0-aa98-98fe40b6dbbc" testListId="8c84fa94-04c1-424b-9868-57a2d4851a1d"/>
    <TestEntry testId="5eaf0317-5088-40ea-a292-00512b5ac720" executionId="872e0c5c-5c02-42c1-960e-6565622a71cc" testListId="8c84fa94-04c1-424b-9868-57a2d4851a1d"/>
    <TestEntry testId="fa9ce4ef-ee89-46fa-959b-a1dd8856bd2b" executionId="1afe512e-cadd-47ea-a710-95389d875bf5" testListId="8c84fa94-04c1-424b-9868-57a2d4851a1d"/>
    <TestEntry testId="b729f535-cef5-4c24-aa5d-7abc75b1c9f1" executionId="fff14207-2f0d-4b91-a239-0af7aa4f36d8" testListId="8c84fa94-04c1-424b-9868-57a2d4851a1d"/>
    <TestEntry testId="24dc331b-c1ae-4851-a444-f2114fdbb8e6" executionId="9420a6a1-2a06-4aab-8335-c8f1a0e8aaf6" testListId="8c84fa94-04c1-424b-9868-57a2d4851a1d"/>
    <TestEntry testId="2dbb22c4-067e-4fc5-8f8c-877768601cac" executionId="cc8601d9-fece-499f-8ba1-882781f43de6" testListId="8c84fa94-04c1-424b-9868-57a2d4851a1d"/>
    <TestEntry testId="77651de7-1a6a-435b-94c0-ea443240a53a" executionId="920ca3b3-d910-403b-8c66-f3abdf976ac1" testListId="8c84fa94-04c1-424b-9868-57a2d4851a1d"/>
    <TestEntry testId="3e13ed14-8980-414f-a9c6-9d7cd0b18f47" executionId="7cb01809-db69-4adb-a02d-994f6e9ea6c0" testListId="8c84fa94-04c1-424b-9868-57a2d4851a1d"/>
    <TestEntry testId="f9ca21a7-3033-4bdb-a3a1-315adad3f3a1" executionId="88b6d33e-73d1-4010-8542-cf66c5f04cc5" testListId="8c84fa94-04c1-424b-9868-57a2d4851a1d"/>
    <TestEntry testId="ad0422d4-d5ee-4f38-81a5-8f8501549d84" executionId="01af1bc4-fc2f-48b4-b73a-562ccc6f2caa" testListId="8c84fa94-04c1-424b-9868-57a2d4851a1d"/>
    <TestEntry testId="d2d0c29d-8cd9-4fc1-8ad0-781c6069b1de" executionId="178d7160-67cc-4968-933e-968244383ddf" testListId="8c84fa94-04c1-424b-9868-57a2d4851a1d"/>
    <TestEntry testId="33bc7e06-7b12-4264-9994-3d6cb1eed598" executionId="5824aa8c-cd89-4dcc-848a-b7e1deae1ec8" testListId="8c84fa94-04c1-424b-9868-57a2d4851a1d"/>
    <TestEntry testId="49e02829-94d4-4df5-a660-28f5a8a90e21" executionId="0c84127c-7abc-4194-8c62-ec44cef2c995" testListId="8c84fa94-04c1-424b-9868-57a2d4851a1d"/>
    <TestEntry testId="015f1d0f-857a-461f-8cbb-2c0ab294a4df" executionId="a83bc467-975a-4ba0-9e01-6d9ea0351d61" testListId="8c84fa94-04c1-424b-9868-57a2d4851a1d"/>
    <TestEntry testId="4230a715-2d86-4e7d-aea1-dc10e57060d9" executionId="4e516765-179f-43ae-9ba4-261a54eee3f8" testListId="8c84fa94-04c1-424b-9868-57a2d4851a1d"/>
    <TestEntry testId="d87b0c29-3325-4943-b5be-1baab524914a" executionId="20888705-4e4c-4093-abc1-8cd2dd9fd834" testListId="8c84fa94-04c1-424b-9868-57a2d4851a1d"/>
    <TestEntry testId="64ecdba7-bc45-4660-97cf-1f70bfcf2165" executionId="cf0cc8a7-2b26-4154-9e3a-122427e34c7e" testListId="8c84fa94-04c1-424b-9868-57a2d4851a1d"/>
    <TestEntry testId="229f6122-70f9-4e5d-bd27-df6faec76e2d" executionId="4b0d4359-98ea-4a7a-9186-5d78c68f2fc9" testListId="8c84fa94-04c1-424b-9868-57a2d4851a1d"/>
    <TestEntry testId="1d3d6253-2cea-40ff-9689-b73aaffdd501" executionId="ede055bc-d2c5-45ad-b130-2d394d7066ef" testListId="8c84fa94-04c1-424b-9868-57a2d4851a1d"/>
    <TestEntry testId="c96e88d7-d05e-4948-a2ff-a858aae312ca" executionId="66d776ca-c5cb-4249-9782-76abbb86ded2" testListId="8c84fa94-04c1-424b-9868-57a2d4851a1d"/>
    <TestEntry testId="391697e9-adf4-4a4b-be87-33ee6f2a4200" executionId="8fca81f9-fbab-4f10-aa7b-dfd7c2c0bf45" testListId="8c84fa94-04c1-424b-9868-57a2d4851a1d"/>
    <TestEntry testId="2b8747ab-4b9e-42a8-b79d-28881d88fe88" executionId="5c4b644d-457e-419e-bce7-7332cdef5399" testListId="8c84fa94-04c1-424b-9868-57a2d4851a1d"/>
    <TestEntry testId="c831ea7c-58ce-450e-af6a-d65bf47d5d0d" executionId="85ecda08-4053-4809-bbd9-1ad56952b402" testListId="8c84fa94-04c1-424b-9868-57a2d4851a1d"/>
    <TestEntry testId="e6dbb692-7544-4744-8a22-fe3870f8d103" executionId="3b71e6da-271a-411a-a4d4-81d06b7e3be3" testListId="8c84fa94-04c1-424b-9868-57a2d4851a1d"/>
    <TestEntry testId="29e727d3-15f1-4d6e-96d2-c34136a6ee34" executionId="95c70d07-cf79-4eba-8db6-b53ef0c568cb" testListId="8c84fa94-04c1-424b-9868-57a2d4851a1d"/>
    <TestEntry testId="64cdbe96-5884-47ee-ac11-2844edfd6d10" executionId="86ba7cb3-1e1e-4ba6-a3eb-3ac6408416c1" testListId="8c84fa94-04c1-424b-9868-57a2d4851a1d"/>
    <TestEntry testId="3be47bd7-98d0-4861-b334-d9119bf5efae" executionId="508e4c99-c909-4800-9249-bc00fff9d635" testListId="8c84fa94-04c1-424b-9868-57a2d4851a1d"/>
    <TestEntry testId="068bea52-d993-4ee3-916b-8bf5e4bcd335" executionId="e74161f5-a684-4820-9282-4c5841b2e7b9" testListId="8c84fa94-04c1-424b-9868-57a2d4851a1d"/>
    <TestEntry testId="805321d2-846f-4840-a741-ed9b38081221" executionId="25131139-6652-4b31-95a6-ffe398e95e32" testListId="8c84fa94-04c1-424b-9868-57a2d4851a1d"/>
    <TestEntry testId="a8f2f418-555e-4998-9635-fdf323638cf8" executionId="20902085-1a92-4eed-a8a1-f0d5dc5beccb" testListId="8c84fa94-04c1-424b-9868-57a2d4851a1d"/>
    <TestEntry testId="4a00ba8b-c256-418e-8fd9-c99399630eef" executionId="2c6563f1-08a4-429d-9a7e-c11f666dbdc8" testListId="8c84fa94-04c1-424b-9868-57a2d4851a1d"/>
    <TestEntry testId="dd7e7a37-fe2c-4937-9eb1-e6541be100fe" executionId="109ce400-79be-4c19-9659-d8659463aa37" testListId="8c84fa94-04c1-424b-9868-57a2d4851a1d"/>
    <TestEntry testId="154a3865-ab96-48f8-88ea-bfbde3329717" executionId="5690e06c-16f7-4a96-9fea-e466113a6c92" testListId="8c84fa94-04c1-424b-9868-57a2d4851a1d"/>
    <TestEntry testId="adad1ef9-04b2-4ec2-9359-e357179dafa5" executionId="954f23e7-b46a-4948-a1d3-5b2dcd4b3fea" testListId="8c84fa94-04c1-424b-9868-57a2d4851a1d"/>
    <TestEntry testId="7e255d94-e6d7-4502-b843-489dc19ebc9d" executionId="b14bba39-2237-4a31-95db-707a25f63177" testListId="8c84fa94-04c1-424b-9868-57a2d4851a1d"/>
    <TestEntry testId="9484cc95-7cf5-45e8-b3e4-d0eee34eb5fa" executionId="f51a42c9-49dd-42d9-84bb-bf0ea62a23c9" testListId="8c84fa94-04c1-424b-9868-57a2d4851a1d"/>
    <TestEntry testId="6f3685f3-3df5-4a2e-ac75-9f2650db8515" executionId="d0ebfd7e-ffd8-4881-a8e8-c414daf118d2" testListId="8c84fa94-04c1-424b-9868-57a2d4851a1d"/>
    <TestEntry testId="ce3ef7e4-52be-416c-9fe1-5e77ec059bf2" executionId="9230f2ef-c046-42ff-81ae-9c2f4678dd0e" testListId="8c84fa94-04c1-424b-9868-57a2d4851a1d"/>
    <TestEntry testId="bfa5adcf-59f4-4855-b0e8-289e94d29ad3" executionId="00d97e10-eebe-46a8-82b7-294351546a3d" testListId="8c84fa94-04c1-424b-9868-57a2d4851a1d"/>
    <TestEntry testId="afd53b53-18b0-438e-92d8-7f0fb85f387d" executionId="389e8879-04e2-4f00-9304-5da9f45ca90b" testListId="8c84fa94-04c1-424b-9868-57a2d4851a1d"/>
    <TestEntry testId="a1e8c24d-8dca-4d32-82d8-1ca7d9e381a0" executionId="b0bfd269-9aaf-4e41-82e0-c452d6c9ba98" testListId="8c84fa94-04c1-424b-9868-57a2d4851a1d"/>
    <TestEntry testId="a93e994b-e11d-4d7b-a7c2-104e29727a2f" executionId="8c0b78b3-d29f-4df2-950a-9bef03527f68" testListId="8c84fa94-04c1-424b-9868-57a2d4851a1d"/>
  </TestEntries>
  <Results>
    <UnitTestResult testId="279f634f-6ebe-4192-913d-4cea2db679a3" executionId="6ecb974e-5d9c-40a1-8db4-43aa5fc296f8" testName="&lt;FileUpload/> / renders without error" computerName="Helens-iMac.local" duration="00:00:00.880" startTime="2020-04-30T16:29:34.054Z" endTime="2020-04-30T16:29:34.934Z" testType="13cdc9d9-ddb5-4fa4-a97d-d965ccfc6d4b" outcome="Passed" testListId="8c84fa94-04c1-424b-9868-57a2d4851a1d"/>
    <UnitTestResult testId="50744b1d-3a1c-456f-8291-d139428e8afc" executionId="7bdcdedb-fa0a-4564-81b4-bcb56e7a0942" testName="&lt;FileUpload/> / Has a label with default text" computerName="Helens-iMac.local" duration="00:00:00.880" startTime="2020-04-30T16:29:34.934Z" endTime="2020-04-30T16:29:35.814Z" testType="13cdc9d9-ddb5-4fa4-a97d-d965ccfc6d4b" outcome="Passed" testListId="8c84fa94-04c1-424b-9868-57a2d4851a1d"/>
    <UnitTestResult testId="bcd8aa23-0a33-475e-a4ee-609e957261b0" executionId="8bfd3ac4-4d93-41f6-9f15-2eb67adf5b6c" testName="&lt;FileUpload/> / When Clicked / opens a file dialog" computerName="Helens-iMac.local" duration="00:00:00.880" startTime="2020-04-30T16:29:35.814Z" endTime="2020-04-30T16:29:36.694Z" testType="13cdc9d9-ddb5-4fa4-a97d-d965ccfc6d4b" outcome="Passed" testListId="8c84fa94-04c1-424b-9868-57a2d4851a1d"/>
    <UnitTestResult testId="dc483d1d-7377-4ee7-b5c7-f881ceccd646" executionId="10871a7d-46c7-45ae-82e9-b6713a5ff8f2" testName="renders The App without error" computerName="Helens-iMac.local" duration="00:00:02.735" startTime="2020-04-30T16:29:34.054Z" endTime="2020-04-30T16:29:36.789Z" testType="13cdc9d9-ddb5-4fa4-a97d-d965ccfc6d4b" outcome="Passed" testListId="8c84fa94-04c1-424b-9868-57a2d4851a1d"/>
    <UnitTestResult testId="54897b43-cc31-4e40-8d3e-8efef2250485" executionId="c4525b79-2c8e-4f7c-8292-af3eab9d0fc1" testName="&lt;Main/> / it renders without error" computerName="Helens-iMac.local" duration="00:00:01.375" startTime="2020-04-30T16:29:34.054Z" endTime="2020-04-30T16:29:35.429Z" testType="13cdc9d9-ddb5-4fa4-a97d-d965ccfc6d4b" outcome="Passed" testListId="8c84fa94-04c1-424b-9868-57a2d4851a1d"/>
    <UnitTestResult testId="6b99fca8-96a1-4b17-bdc1-2cabb39c7ce7" executionId="e92ac4ba-f0de-4059-b8f0-2b334264adb5" testName="&lt;Main/> / When disabled / Displays the input field" computerName="Helens-iMac.local" duration="00:00:01.375" startTime="2020-04-30T16:29:35.429Z" endTime="2020-04-30T16:29:36.804Z" testType="13cdc9d9-ddb5-4fa4-a97d-d965ccfc6d4b" outcome="Passed" testListId="8c84fa94-04c1-424b-9868-57a2d4851a1d"/>
    <UnitTestResult testId="ceb1dabc-1633-477e-9075-5a379bc4a0de" executionId="b8df9616-397a-4797-b838-ced3980db461" testName="&lt;RefreshButton/> / renders without error" computerName="Helens-iMac.local" duration="00:00:00.250" startTime="2020-04-30T16:29:36.716Z" endTime="2020-04-30T16:29:36.966Z" testType="13cdc9d9-ddb5-4fa4-a97d-d965ccfc6d4b" outcome="Passed" testListId="8c84fa94-04c1-424b-9868-57a2d4851a1d"/>
    <UnitTestResult testId="44d4c6cf-9e91-4c85-bf39-1677a1276c08" executionId="ebefb3be-9c23-42a5-96cc-24705c951716" testName="&lt;RefreshButton/> / on click / it calls refresh method in the context" computerName="Helens-iMac.local" duration="00:00:00.250" startTime="2020-04-30T16:29:36.966Z" endTime="2020-04-30T16:29:37.216Z" testType="13cdc9d9-ddb5-4fa4-a97d-d965ccfc6d4b" outcome="Passed" testListId="8c84fa94-04c1-424b-9868-57a2d4851a1d"/>
    <UnitTestResult testId="bb122c1d-5330-446e-ad67-6078c6113b89" executionId="c1b2b25b-c962-4d61-9260-47c3c0117e29" testName="&lt;RunButton / it renders without error" computerName="Helens-iMac.local" duration="00:00:00.090" startTime="2020-04-30T16:29:36.805Z" endTime="2020-04-30T16:29:36.895Z" testType="13cdc9d9-ddb5-4fa4-a97d-d965ccfc6d4b" outcome="Passed" testListId="8c84fa94-04c1-424b-9868-57a2d4851a1d"/>
    <UnitTestResult testId="b4601e25-5bd0-4fd5-8315-60aa80a65e25" executionId="38669363-d5f3-4073-9ba2-0da51d95ded3" testName="&lt;RunButton / when disabled / Has the disabled class" computerName="Helens-iMac.local" duration="00:00:00.090" startTime="2020-04-30T16:29:36.895Z" endTime="2020-04-30T16:29:36.985Z" testType="13cdc9d9-ddb5-4fa4-a97d-d965ccfc6d4b" outcome="Passed" testListId="8c84fa94-04c1-424b-9868-57a2d4851a1d"/>
    <UnitTestResult testId="3672e558-35c8-41d5-b8b9-625e955488a4" executionId="cb329e1b-e53e-48f7-84cf-3fb0f73d7e6b" testName="&lt;RunButton / when disabled / Cannot call run data" computerName="Helens-iMac.local" duration="00:00:00.090" startTime="2020-04-30T16:29:36.985Z" endTime="2020-04-30T16:29:37.075Z" testType="13cdc9d9-ddb5-4fa4-a97d-d965ccfc6d4b" outcome="Passed" testListId="8c84fa94-04c1-424b-9868-57a2d4851a1d"/>
    <UnitTestResult testId="f93aec80-b733-4a69-a619-c3f3812c1eee" executionId="ccde7be4-678c-428d-a6d0-3e41cf4e92cd" testName="&lt;RunButton / when enabled / Does not have the disabled class" computerName="Helens-iMac.local" duration="00:00:00.090" startTime="2020-04-30T16:29:37.075Z" endTime="2020-04-30T16:29:37.165Z" testType="13cdc9d9-ddb5-4fa4-a97d-d965ccfc6d4b" outcome="Passed" testListId="8c84fa94-04c1-424b-9868-57a2d4851a1d"/>
    <UnitTestResult testId="9c03de32-de75-4e55-800c-f2bec2275274" executionId="061852fc-aa97-4bb3-a537-a5eab92fd2a9" testName="&lt;RunButton / when enabled / Can call run data" computerName="Helens-iMac.local" duration="00:00:00.090" startTime="2020-04-30T16:29:37.165Z" endTime="2020-04-30T16:29:37.255Z" testType="13cdc9d9-ddb5-4fa4-a97d-d965ccfc6d4b" outcome="Passed" testListId="8c84fa94-04c1-424b-9868-57a2d4851a1d"/>
    <UnitTestResult testId="97b963b0-7d8e-4c07-a63e-fd04e9cbee3a" executionId="7b2ffe8b-14f3-4109-ad3c-b72ac24bc118" testName="&lt;FlowContainer/> / is disabled by default" computerName="Helens-iMac.local" duration="00:00:00.249" startTime="2020-04-30T16:29:36.815Z" endTime="2020-04-30T16:29:37.064Z" testType="13cdc9d9-ddb5-4fa4-a97d-d965ccfc6d4b" outcome="Passed" testListId="8c84fa94-04c1-424b-9868-57a2d4851a1d"/>
    <UnitTestResult testId="96ccd05d-e06a-4a6f-818a-8d11ddfa69fa" executionId="c4443e1f-fd12-403b-9ad4-5ef104b1b394" testName="&lt;FlowContainer/> / When First Enabled / Shows the Flow Component" computerName="Helens-iMac.local" duration="00:00:00.249" startTime="2020-04-30T16:29:37.064Z" endTime="2020-04-30T16:29:37.313Z" testType="13cdc9d9-ddb5-4fa4-a97d-d965ccfc6d4b" outcome="Passed" testListId="8c84fa94-04c1-424b-9868-57a2d4851a1d"/>
    <UnitTestResult testId="82130c44-7b45-40af-880e-bf0dd1df0f8f" executionId="3e1870a5-6915-42b2-96c6-6be81c4bccb5" testName="&lt;Help/> / renders without error" computerName="Helens-iMac.local" duration="00:00:00.176" startTime="2020-04-30T16:29:37.226Z" endTime="2020-04-30T16:29:37.402Z" testType="13cdc9d9-ddb5-4fa4-a97d-d965ccfc6d4b" outcome="Passed" testListId="8c84fa94-04c1-424b-9868-57a2d4851a1d"/>
    <UnitTestResult testId="8e7b0718-62af-4894-9beb-c9abd976fa85" executionId="8de408a0-6f8d-45a9-9c09-959ac75ff295" testName="&lt;Help/> / Shows help text returned from context" computerName="Helens-iMac.local" duration="00:00:00.176" startTime="2020-04-30T16:29:37.402Z" endTime="2020-04-30T16:29:37.578Z" testType="13cdc9d9-ddb5-4fa4-a97d-d965ccfc6d4b" outcome="Passed" testListId="8c84fa94-04c1-424b-9868-57a2d4851a1d"/>
    <UnitTestResult testId="ad62fbb9-54a6-4ecf-945c-5b46d3c53dcf" executionId="55dbbedf-ac80-483a-82c0-452a294815b3" testName="&lt;ResultsButton/> / renders without error" computerName="Helens-iMac.local" duration="00:00:00.126" startTime="2020-04-30T16:29:37.264Z" endTime="2020-04-30T16:29:37.390Z" testType="13cdc9d9-ddb5-4fa4-a97d-d965ccfc6d4b" outcome="Passed" testListId="8c84fa94-04c1-424b-9868-57a2d4851a1d"/>
    <UnitTestResult testId="2a22a77a-e808-4616-8936-770401c387ed" executionId="5de2ffb9-5f5c-483d-93c4-c1cc4ca8f8b4" testName="&lt;ResultsButton/> / when disabled / should have class disabled" computerName="Helens-iMac.local" duration="00:00:00.126" startTime="2020-04-30T16:29:37.390Z" endTime="2020-04-30T16:29:37.516Z" testType="13cdc9d9-ddb5-4fa4-a97d-d965ccfc6d4b" outcome="Passed" testListId="8c84fa94-04c1-424b-9868-57a2d4851a1d"/>
    <UnitTestResult testId="94caed82-eae5-46dd-95d7-8d750dd59d9b" executionId="6d927c48-bbe0-4024-8be4-2277b045f15d" testName="&lt;ResultsButton/> / when not disabled / should not have class disabled" computerName="Helens-iMac.local" duration="00:00:00.126" startTime="2020-04-30T16:29:37.516Z" endTime="2020-04-30T16:29:37.642Z" testType="13cdc9d9-ddb5-4fa4-a97d-d965ccfc6d4b" outcome="Passed" testListId="8c84fa94-04c1-424b-9868-57a2d4851a1d"/>
    <UnitTestResult testId="fda05a8f-a0ff-40bf-a28a-9fda9216f460" executionId="f3db5682-d7a6-48f4-94c1-97d782167e42" testName="&lt;RunArrow/> / It renders without error" computerName="Helens-iMac.local" duration="00:00:00.116" startTime="2020-04-30T16:29:37.327Z" endTime="2020-04-30T16:29:37.443Z" testType="13cdc9d9-ddb5-4fa4-a97d-d965ccfc6d4b" outcome="Passed" testListId="8c84fa94-04c1-424b-9868-57a2d4851a1d"/>
    <UnitTestResult testId="2332efda-5e64-42be-b999-37de1178a0ed" executionId="5a18e0d7-6f0f-446b-93f1-a902371ec13e" testName="&lt;RunArrow/> / when disabled / The disabled class is applied" computerName="Helens-iMac.local" duration="00:00:00.116" startTime="2020-04-30T16:29:37.443Z" endTime="2020-04-30T16:29:37.559Z" testType="13cdc9d9-ddb5-4fa4-a97d-d965ccfc6d4b" outcome="Passed" testListId="8c84fa94-04c1-424b-9868-57a2d4851a1d"/>
    <UnitTestResult testId="dd16ce6f-6ef0-44a1-8cc7-796ddff19053" executionId="9306288d-cee5-4164-9ee6-79a49ba29642" testName="&lt;RunArrow/> / when ran / the ran class is applied" computerName="Helens-iMac.local" duration="00:00:00.116" startTime="2020-04-30T16:29:37.559Z" endTime="2020-04-30T16:29:37.675Z" testType="13cdc9d9-ddb5-4fa4-a97d-d965ccfc6d4b" outcome="Passed" testListId="8c84fa94-04c1-424b-9868-57a2d4851a1d"/>
    <UnitTestResult testId="9bff3b73-456c-4035-bd92-6f3d2c539dea" executionId="cb6f97ae-2667-413e-aaff-6a8ea4daf650" testName="&lt;Update/> / It renders without error" computerName="Helens-iMac.local" duration="00:00:00.118" startTime="2020-04-30T16:29:37.658Z" endTime="2020-04-30T16:29:37.776Z" testType="13cdc9d9-ddb5-4fa4-a97d-d965ccfc6d4b" outcome="Passed" testListId="8c84fa94-04c1-424b-9868-57a2d4851a1d"/>
    <UnitTestResult testId="c636dbb3-d8e7-4255-8a03-8b4dd8e7139b" executionId="b5ef722f-f4b8-4e9c-b94a-d1cedeffa6eb" testName="&lt;Update/> / when disabled / The disabled class is applied" computerName="Helens-iMac.local" duration="00:00:00.118" startTime="2020-04-30T16:29:37.776Z" endTime="2020-04-30T16:29:37.894Z" testType="13cdc9d9-ddb5-4fa4-a97d-d965ccfc6d4b" outcome="Passed" testListId="8c84fa94-04c1-424b-9868-57a2d4851a1d"/>
    <UnitTestResult testId="6b2d7436-0c17-441e-9c82-4088f8e9bed4" executionId="d32eec34-047e-4bf0-aa98-98fe40b6dbbc" testName="&lt;Update/> / when ran / the ran class is appled" computerName="Helens-iMac.local" duration="00:00:00.118" startTime="2020-04-30T16:29:37.894Z" endTime="2020-04-30T16:29:38.012Z" testType="13cdc9d9-ddb5-4fa4-a97d-d965ccfc6d4b" outcome="Passed" testListId="8c84fa94-04c1-424b-9868-57a2d4851a1d"/>
    <UnitTestResult testId="5eaf0317-5088-40ea-a292-00512b5ac720" executionId="872e0c5c-5c02-42c1-960e-6565622a71cc" testName="&lt;Input/> / it renders without error" computerName="Helens-iMac.local" duration="00:00:00.082" startTime="2020-04-30T16:29:37.603Z" endTime="2020-04-30T16:29:37.685Z" testType="13cdc9d9-ddb5-4fa4-a97d-d965ccfc6d4b" outcome="Passed" testListId="8c84fa94-04c1-424b-9868-57a2d4851a1d"/>
    <UnitTestResult testId="fa9ce4ef-ee89-46fa-959b-a1dd8856bd2b" executionId="1afe512e-cadd-47ea-a710-95389d875bf5" testName="&lt;Input/> / when disabled / has the disabled class" computerName="Helens-iMac.local" duration="00:00:00.082" startTime="2020-04-30T16:29:37.685Z" endTime="2020-04-30T16:29:37.767Z" testType="13cdc9d9-ddb5-4fa4-a97d-d965ccfc6d4b" outcome="Passed" testListId="8c84fa94-04c1-424b-9868-57a2d4851a1d"/>
    <UnitTestResult testId="b729f535-cef5-4c24-aa5d-7abc75b1c9f1" executionId="fff14207-2f0d-4b91-a239-0af7aa4f36d8" testName="&lt;Input/> / when disabled / Cannot call uploadData" computerName="Helens-iMac.local" duration="00:00:00.082" startTime="2020-04-30T16:29:37.767Z" endTime="2020-04-30T16:29:37.849Z" testType="13cdc9d9-ddb5-4fa4-a97d-d965ccfc6d4b" outcome="Passed" testListId="8c84fa94-04c1-424b-9868-57a2d4851a1d"/>
    <UnitTestResult testId="24dc331b-c1ae-4851-a444-f2114fdbb8e6" executionId="9420a6a1-2a06-4aab-8335-c8f1a0e8aaf6" testName="&lt;Input/> / when enabled / does not have the disabled class" computerName="Helens-iMac.local" duration="00:00:00.082" startTime="2020-04-30T16:29:37.849Z" endTime="2020-04-30T16:29:37.931Z" testType="13cdc9d9-ddb5-4fa4-a97d-d965ccfc6d4b" outcome="Passed" testListId="8c84fa94-04c1-424b-9868-57a2d4851a1d"/>
    <UnitTestResult testId="2dbb22c4-067e-4fc5-8f8c-877768601cac" executionId="cc8601d9-fece-499f-8ba1-882781f43de6" testName="&lt;Input/> / when enabled / when clicked / It calls the uploadData function" computerName="Helens-iMac.local" duration="00:00:00.082" startTime="2020-04-30T16:29:37.931Z" endTime="2020-04-30T16:29:38.013Z" testType="13cdc9d9-ddb5-4fa4-a97d-d965ccfc6d4b" outcome="Passed" testListId="8c84fa94-04c1-424b-9868-57a2d4851a1d"/>
    <UnitTestResult testId="77651de7-1a6a-435b-94c0-ea443240a53a" executionId="920ca3b3-d910-403b-8c66-f3abdf976ac1" testName="&lt;ListItem/> / renders without error" computerName="Helens-iMac.local" duration="00:00:00.172" startTime="2020-04-30T16:29:37.695Z" endTime="2020-04-30T16:29:37.867Z" testType="13cdc9d9-ddb5-4fa4-a97d-d965ccfc6d4b" outcome="Passed" testListId="8c84fa94-04c1-424b-9868-57a2d4851a1d"/>
    <UnitTestResult testId="3e13ed14-8980-414f-a9c6-9d7cd0b18f47" executionId="7cb01809-db69-4adb-a02d-994f6e9ea6c0" testName="&lt;ListItem/> / When clicked / calls showNext" computerName="Helens-iMac.local" duration="00:00:00.172" startTime="2020-04-30T16:29:37.867Z" endTime="2020-04-30T16:29:38.039Z" testType="13cdc9d9-ddb5-4fa4-a97d-d965ccfc6d4b" outcome="Passed" testListId="8c84fa94-04c1-424b-9868-57a2d4851a1d"/>
    <UnitTestResult testId="f9ca21a7-3033-4bdb-a3a1-315adad3f3a1" executionId="88b6d33e-73d1-4010-8542-cf66c5f04cc5" testName="&lt;Form/> / renders without error" computerName="Helens-iMac.local" duration="00:00:00.119" startTime="2020-04-30T16:29:38.052Z" endTime="2020-04-30T16:29:38.171Z" testType="13cdc9d9-ddb5-4fa4-a97d-d965ccfc6d4b" outcome="Passed" testListId="8c84fa94-04c1-424b-9868-57a2d4851a1d"/>
    <UnitTestResult testId="ad0422d4-d5ee-4f38-81a5-8f8501549d84" executionId="01af1bc4-fc2f-48b4-b73a-562ccc6f2caa" testName="&lt;Form/> / renders a form field for every field item" computerName="Helens-iMac.local" duration="00:00:00.119" startTime="2020-04-30T16:29:38.171Z" endTime="2020-04-30T16:29:38.290Z" testType="13cdc9d9-ddb5-4fa4-a97d-d965ccfc6d4b" outcome="Passed" testListId="8c84fa94-04c1-424b-9868-57a2d4851a1d"/>
    <UnitTestResult testId="d2d0c29d-8cd9-4fc1-8ad0-781c6069b1de" executionId="178d7160-67cc-4968-933e-968244383ddf" testName="&lt;List/> / It renders without error" computerName="Helens-iMac.local" duration="00:00:00.097" startTime="2020-04-30T16:29:38.024Z" endTime="2020-04-30T16:29:38.121Z" testType="13cdc9d9-ddb5-4fa4-a97d-d965ccfc6d4b" outcome="Passed" testListId="8c84fa94-04c1-424b-9868-57a2d4851a1d"/>
    <UnitTestResult testId="33bc7e06-7b12-4264-9994-3d6cb1eed598" executionId="5824aa8c-cd89-4dcc-848a-b7e1deae1ec8" testName="&lt;List/> / Drop Down List / Displays a default selection" computerName="Helens-iMac.local" duration="00:00:00.097" startTime="2020-04-30T16:29:38.121Z" endTime="2020-04-30T16:29:38.218Z" testType="13cdc9d9-ddb5-4fa4-a97d-d965ccfc6d4b" outcome="Passed" testListId="8c84fa94-04c1-424b-9868-57a2d4851a1d"/>
    <UnitTestResult testId="49e02829-94d4-4df5-a660-28f5a8a90e21" executionId="0c84127c-7abc-4194-8c62-ec44cef2c995" testName="&lt;List/> / Drop Down List / On Click / Displays a collection of items" computerName="Helens-iMac.local" duration="00:00:00.097" startTime="2020-04-30T16:29:38.218Z" endTime="2020-04-30T16:29:38.315Z" testType="13cdc9d9-ddb5-4fa4-a97d-d965ccfc6d4b" outcome="Passed" testListId="8c84fa94-04c1-424b-9868-57a2d4851a1d"/>
    <UnitTestResult testId="015f1d0f-857a-461f-8cbb-2c0ab294a4df" executionId="a83bc467-975a-4ba0-9e01-6d9ea0351d61" testName="&lt;ScenarioModelling/> / it renders without error" computerName="Helens-iMac.local" duration="00:00:00.117" startTime="2020-04-30T16:29:38.024Z" endTime="2020-04-30T16:29:38.141Z" testType="13cdc9d9-ddb5-4fa4-a97d-d965ccfc6d4b" outcome="Passed" testListId="8c84fa94-04c1-424b-9868-57a2d4851a1d"/>
    <UnitTestResult testId="4230a715-2d86-4e7d-aea1-dc10e57060d9" executionId="4e516765-179f-43ae-9ba4-261a54eee3f8" testName="&lt;ScenarioModelling/> / It has a header" computerName="Helens-iMac.local" duration="00:00:00.117" startTime="2020-04-30T16:29:38.141Z" endTime="2020-04-30T16:29:38.258Z" testType="13cdc9d9-ddb5-4fa4-a97d-d965ccfc6d4b" outcome="Passed" testListId="8c84fa94-04c1-424b-9868-57a2d4851a1d"/>
    <UnitTestResult testId="d87b0c29-3325-4943-b5be-1baab524914a" executionId="20888705-4e4c-4093-abc1-8cd2dd9fd834" testName="&lt;ScenarioModelling/> / It has a drop down select container" computerName="Helens-iMac.local" duration="00:00:00.117" startTime="2020-04-30T16:29:38.258Z" endTime="2020-04-30T16:29:38.375Z" testType="13cdc9d9-ddb5-4fa4-a97d-d965ccfc6d4b" outcome="Passed" testListId="8c84fa94-04c1-424b-9868-57a2d4851a1d"/>
    <UnitTestResult testId="64ecdba7-bc45-4660-97cf-1f70bfcf2165" executionId="cf0cc8a7-2b26-4154-9e3a-122427e34c7e" testName="&lt;Arrow /> / it renders without error" computerName="Helens-iMac.local" duration="00:00:00.091" startTime="2020-04-30T16:29:38.301Z" endTime="2020-04-30T16:29:38.392Z" testType="13cdc9d9-ddb5-4fa4-a97d-d965ccfc6d4b" outcome="Passed" testListId="8c84fa94-04c1-424b-9868-57a2d4851a1d"/>
    <UnitTestResult testId="229f6122-70f9-4e5d-bd27-df6faec76e2d" executionId="4b0d4359-98ea-4a7a-9186-5d78c68f2fc9" testName="&lt;Arrow /> / renders without Error when passed a valid set of paths" computerName="Helens-iMac.local" duration="00:00:00.091" startTime="2020-04-30T16:29:38.392Z" endTime="2020-04-30T16:29:38.483Z" testType="13cdc9d9-ddb5-4fa4-a97d-d965ccfc6d4b" outcome="Passed" testListId="8c84fa94-04c1-424b-9868-57a2d4851a1d"/>
    <UnitTestResult testId="1d3d6253-2cea-40ff-9689-b73aaffdd501" executionId="ede055bc-d2c5-45ad-b130-2d394d7066ef" testName="&lt;Arrow /> / takes a child path element and renders it" computerName="Helens-iMac.local" duration="00:00:00.091" startTime="2020-04-30T16:29:38.483Z" endTime="2020-04-30T16:29:38.574Z" testType="13cdc9d9-ddb5-4fa4-a97d-d965ccfc6d4b" outcome="Passed" testListId="8c84fa94-04c1-424b-9868-57a2d4851a1d"/>
    <UnitTestResult testId="c96e88d7-d05e-4948-a2ff-a858aae312ca" executionId="66d776ca-c5cb-4249-9782-76abbb86ded2" testName="&lt;Button /> / renders without error" computerName="Helens-iMac.local" duration="00:00:00.093" startTime="2020-04-30T16:29:38.327Z" endTime="2020-04-30T16:29:38.420Z" testType="13cdc9d9-ddb5-4fa4-a97d-d965ccfc6d4b" outcome="Passed" testListId="8c84fa94-04c1-424b-9868-57a2d4851a1d"/>
    <UnitTestResult testId="391697e9-adf4-4a4b-be87-33ee6f2a4200" executionId="8fca81f9-fbab-4f10-aa7b-dfd7c2c0bf45" testName="&lt;Button /> / can be set to be active" computerName="Helens-iMac.local" duration="00:00:00.093" startTime="2020-04-30T16:29:38.420Z" endTime="2020-04-30T16:29:38.513Z" testType="13cdc9d9-ddb5-4fa4-a97d-d965ccfc6d4b" outcome="Passed" testListId="8c84fa94-04c1-424b-9868-57a2d4851a1d"/>
    <UnitTestResult testId="2b8747ab-4b9e-42a8-b79d-28881d88fe88" executionId="5c4b644d-457e-419e-bce7-7332cdef5399" testName="&lt;Button /> / can accept other classes" computerName="Helens-iMac.local" duration="00:00:00.093" startTime="2020-04-30T16:29:38.513Z" endTime="2020-04-30T16:29:38.606Z" testType="13cdc9d9-ddb5-4fa4-a97d-d965ccfc6d4b" outcome="Passed" testListId="8c84fa94-04c1-424b-9868-57a2d4851a1d"/>
    <UnitTestResult testId="c831ea7c-58ce-450e-af6a-d65bf47d5d0d" executionId="85ecda08-4053-4809-bbd9-1ad56952b402" testName="&lt;Nav/> / renders without error" computerName="Helens-iMac.local" duration="00:00:00.240" startTime="2020-04-30T16:29:38.398Z" endTime="2020-04-30T16:29:38.638Z" testType="13cdc9d9-ddb5-4fa4-a97d-d965ccfc6d4b" outcome="Passed" testListId="8c84fa94-04c1-424b-9868-57a2d4851a1d"/>
    <UnitTestResult testId="e6dbb692-7544-4744-8a22-fe3870f8d103" executionId="3b71e6da-271a-411a-a4d4-81d06b7e3be3" testName="dataContextFactory / Returns a Context Object and a provider / That does not throw an error when wrapping another element" computerName="Helens-iMac.local" duration="00:00:00.226" startTime="2020-04-30T16:29:38.586Z" endTime="2020-04-30T16:29:38.812Z" testType="13cdc9d9-ddb5-4fa4-a97d-d965ccfc6d4b" outcome="Passed" testListId="8c84fa94-04c1-424b-9868-57a2d4851a1d"/>
    <UnitTestResult testId="29e727d3-15f1-4d6e-96d2-c34136a6ee34" executionId="95c70d07-cf79-4eba-8db6-b53ef0c568cb" testName="&lt;Header/> / renders without error" computerName="Helens-iMac.local" duration="00:00:00.099" startTime="2020-04-30T16:29:38.616Z" endTime="2020-04-30T16:29:38.715Z" testType="13cdc9d9-ddb5-4fa4-a97d-d965ccfc6d4b" outcome="Passed" testListId="8c84fa94-04c1-424b-9868-57a2d4851a1d"/>
    <UnitTestResult testId="64cdbe96-5884-47ee-ac11-2844edfd6d10" executionId="86ba7cb3-1e1e-4ba6-a3eb-3ac6408416c1" testName="&lt;Header/> / Displays a user name" computerName="Helens-iMac.local" duration="00:00:00.099" startTime="2020-04-30T16:29:38.715Z" endTime="2020-04-30T16:29:38.814Z" testType="13cdc9d9-ddb5-4fa4-a97d-d965ccfc6d4b" outcome="Passed" testListId="8c84fa94-04c1-424b-9868-57a2d4851a1d"/>
    <UnitTestResult testId="3be47bd7-98d0-4861-b334-d9119bf5efae" executionId="508e4c99-c909-4800-9249-bc00fff9d635" testName="&lt;FormField/> / it renders without error" computerName="Helens-iMac.local" duration="00:00:00.184" startTime="2020-04-30T16:29:38.648Z" endTime="2020-04-30T16:29:38.832Z" testType="13cdc9d9-ddb5-4fa4-a97d-d965ccfc6d4b" outcome="Passed" testListId="8c84fa94-04c1-424b-9868-57a2d4851a1d"/>
    <UnitTestResult testId="068bea52-d993-4ee3-916b-8bf5e4bcd335" executionId="e74161f5-a684-4820-9282-4c5841b2e7b9" testName="getColumnItem / returns the correct columnItem for items on first tier" computerName="Helens-iMac.local" duration="00:00:00.020" startTime="2020-04-30T16:29:38.829Z" endTime="2020-04-30T16:29:38.849Z" testType="13cdc9d9-ddb5-4fa4-a97d-d965ccfc6d4b" outcome="Passed" testListId="8c84fa94-04c1-424b-9868-57a2d4851a1d"/>
    <UnitTestResult testId="805321d2-846f-4840-a741-ed9b38081221" executionId="25131139-6652-4b31-95a6-ffe398e95e32" testName="getColumnItem / return the correct column item for items on the 5th tier" computerName="Helens-iMac.local" duration="00:00:00.020" startTime="2020-04-30T16:29:38.849Z" endTime="2020-04-30T16:29:38.869Z" testType="13cdc9d9-ddb5-4fa4-a97d-d965ccfc6d4b" outcome="Passed" testListId="8c84fa94-04c1-424b-9868-57a2d4851a1d"/>
    <UnitTestResult testId="a8f2f418-555e-4998-9635-fdf323638cf8" executionId="20902085-1a92-4eed-a8a1-f0d5dc5beccb" testName="buildColumnItem / When input options is the same length as the column number / it appends a new column item" computerName="Helens-iMac.local" duration="00:00:00.020" startTime="2020-04-30T16:29:38.869Z" endTime="2020-04-30T16:29:38.889Z" testType="13cdc9d9-ddb5-4fa4-a97d-d965ccfc6d4b" outcome="Passed" testListId="8c84fa94-04c1-424b-9868-57a2d4851a1d"/>
    <UnitTestResult testId="4a00ba8b-c256-418e-8fd9-c99399630eef" executionId="2c6563f1-08a4-429d-9a7e-c11f666dbdc8" testName="buildColumnItem / When input options is the same length as the column number / The new item has column index of 2" computerName="Helens-iMac.local" duration="00:00:00.020" startTime="2020-04-30T16:29:38.889Z" endTime="2020-04-30T16:29:38.909Z" testType="13cdc9d9-ddb5-4fa4-a97d-d965ccfc6d4b" outcome="Passed" testListId="8c84fa94-04c1-424b-9868-57a2d4851a1d"/>
    <UnitTestResult testId="dd7e7a37-fe2c-4937-9eb1-e6541be100fe" executionId="109ce400-79be-4c19-9659-d8659463aa37" testName="buildColumnItem / When input options length is greater than selected option / When an item is selected from the first column / it returns a list with 2 elements" computerName="Helens-iMac.local" duration="00:00:00.020" startTime="2020-04-30T16:29:38.909Z" endTime="2020-04-30T16:29:38.929Z" testType="13cdc9d9-ddb5-4fa4-a97d-d965ccfc6d4b" outcome="Passed" testListId="8c84fa94-04c1-424b-9868-57a2d4851a1d"/>
    <UnitTestResult testId="154a3865-ab96-48f8-88ea-bfbde3329717" executionId="5690e06c-16f7-4a96-9fea-e466113a6c92" testName="buildColumnItem / When input options length is greater than selected option / When an item is selected from the first column / The 2nd element has a idx of 2" computerName="Helens-iMac.local" duration="00:00:00.020" startTime="2020-04-30T16:29:38.929Z" endTime="2020-04-30T16:29:38.949Z" testType="13cdc9d9-ddb5-4fa4-a97d-d965ccfc6d4b" outcome="Passed" testListId="8c84fa94-04c1-424b-9868-57a2d4851a1d"/>
    <UnitTestResult testId="adad1ef9-04b2-4ec2-9359-e357179dafa5" executionId="954f23e7-b46a-4948-a1d3-5b2dcd4b3fea" testName="Scenario Context / ScenarioReducer / Returns a default state" computerName="Helens-iMac.local" duration="00:00:00.037" startTime="2020-04-30T16:29:38.841Z" endTime="2020-04-30T16:29:38.878Z" testType="13cdc9d9-ddb5-4fa4-a97d-d965ccfc6d4b" outcome="Passed" testListId="8c84fa94-04c1-424b-9868-57a2d4851a1d"/>
    <UnitTestResult testId="7e255d94-e6d7-4502-b843-489dc19ebc9d" executionId="b14bba39-2237-4a31-95db-707a25f63177" testName="Scenario Context / ScenarioReducer / When Type is SHOW_SCENARIOS / Adds scenarioOptions to the state" computerName="Helens-iMac.local" duration="00:00:00.037" startTime="2020-04-30T16:29:38.878Z" endTime="2020-04-30T16:29:38.915Z" testType="13cdc9d9-ddb5-4fa4-a97d-d965ccfc6d4b" outcome="Passed" testListId="8c84fa94-04c1-424b-9868-57a2d4851a1d"/>
    <UnitTestResult testId="9484cc95-7cf5-45e8-b3e4-d0eee34eb5fa" executionId="f51a42c9-49dd-42d9-84bb-bf0ea62a23c9" testName="Scenario Context / Action Creators / showScenarios / It dispatches the showScenarios action" computerName="Helens-iMac.local" duration="00:00:00.037" startTime="2020-04-30T16:29:38.915Z" endTime="2020-04-30T16:29:38.952Z" testType="13cdc9d9-ddb5-4fa4-a97d-d965ccfc6d4b" outcome="Passed" testListId="8c84fa94-04c1-424b-9868-57a2d4851a1d"/>
    <UnitTestResult testId="6f3685f3-3df5-4a2e-ac75-9f2650db8515" executionId="d0ebfd7e-ffd8-4881-a8e8-c414daf118d2" testName="FlowContext / reducer / When type is START_FLOW / it returns some default state" computerName="Helens-iMac.local" duration="00:00:00.030" startTime="2020-04-30T16:29:38.836Z" endTime="2020-04-30T16:29:38.866Z" testType="13cdc9d9-ddb5-4fa4-a97d-d965ccfc6d4b" outcome="Passed" testListId="8c84fa94-04c1-424b-9868-57a2d4851a1d"/>
    <UnitTestResult testId="ce3ef7e4-52be-416c-9fe1-5e77ec059bf2" executionId="9230f2ef-c046-42ff-81ae-9c2f4678dd0e" testName="FlowContext / reducer / action creators / Upload Data / uploadData dispatches UPLOADINGDATA action" computerName="Helens-iMac.local" duration="00:00:00.030" startTime="2020-04-30T16:29:38.866Z" endTime="2020-04-30T16:29:38.896Z" testType="13cdc9d9-ddb5-4fa4-a97d-d965ccfc6d4b" outcome="Passed" testListId="8c84fa94-04c1-424b-9868-57a2d4851a1d"/>
    <UnitTestResult testId="bfa5adcf-59f4-4855-b0e8-289e94d29ad3" executionId="00d97e10-eebe-46a8-82b7-294351546a3d" testName="FlowContext / reducer / action creators / Upload Data / uploadData also fires INPUT_DATA action" computerName="Helens-iMac.local" duration="00:00:00.030" startTime="2020-04-30T16:29:38.896Z" endTime="2020-04-30T16:29:38.926Z" testType="13cdc9d9-ddb5-4fa4-a97d-d965ccfc6d4b" outcome="Passed" testListId="8c84fa94-04c1-424b-9868-57a2d4851a1d"/>
    <UnitTestResult testId="afd53b53-18b0-438e-92d8-7f0fb85f387d" executionId="389e8879-04e2-4f00-9304-5da9f45ca90b" testName="FlowContext / reducer / action creators / run data / calls RUN_DATA reducer action" computerName="Helens-iMac.local" duration="00:00:00.030" startTime="2020-04-30T16:29:38.926Z" endTime="2020-04-30T16:29:38.956Z" testType="13cdc9d9-ddb5-4fa4-a97d-d965ccfc6d4b" outcome="Passed" testListId="8c84fa94-04c1-424b-9868-57a2d4851a1d"/>
    <UnitTestResult testId="a1e8c24d-8dca-4d32-82d8-1ca7d9e381a0" executionId="b0bfd269-9aaf-4e41-82e0-c452d6c9ba98" testName="FlowContext / reducer / action creators / inputData / It dispatches the INPUT_DATA action" computerName="Helens-iMac.local" duration="00:00:00.030" startTime="2020-04-30T16:29:38.956Z" endTime="2020-04-30T16:29:38.986Z" testType="13cdc9d9-ddb5-4fa4-a97d-d965ccfc6d4b" outcome="Passed" testListId="8c84fa94-04c1-424b-9868-57a2d4851a1d"/>
    <UnitTestResult testId="a93e994b-e11d-4d7b-a7c2-104e29727a2f" executionId="8c0b78b3-d29f-4df2-950a-9bef03527f68" testName="FlowContext / reducer / action creators / start / It dispatches the START action with a file payload" computerName="Helens-iMac.local" duration="00:00:00.030" startTime="2020-04-30T16:29:38.986Z" endTime="2020-04-30T16:29:39.016Z" testType="13cdc9d9-ddb5-4fa4-a97d-d965ccfc6d4b" outcome="Passed" testListId="8c84fa94-04c1-424b-9868-57a2d4851a1d"/>
  </Results>
</TestRun>