<?xml version="1.0" encoding="UTF-8"?>
<TestRun id="8ea695c6-9b7f-41ea-bf4d-f06af00f59b4" name="mike@Helens-iMac.local 2020-04-30T15:50:17.918Z" runUser="mike" xmlns="http://microsoft.com/schemas/VisualStudio/TeamTest/2010">
  <TestSettings name="Jest test run" id="0fda8bb7-d042-485f-af07-25a47cf8921a"/>
  <Times creation="2020-04-30T15:50:17.918Z" queuing="2020-04-30T15:50:17.918Z" start="2020-04-30T15:50:17.918Z" finish="2020-04-30T15:50:17.918Z"/>
  <ResultSummary outcome="Passed">
    <Counters total="67" executed="67" passed="67" failed="0" error="0"/>
  </ResultSummary>
  <TestDefinitions>
    <UnitTest name="&lt;FileUpload/> / renders without error" id="ff835852-cd70-4c61-830c-e3c2463ccec3">
      <Execution id="6272a15b-c19d-4d91-a5c4-6898e7841b10"/>
      <TestMethod codeBase="Jest_&lt;FileUpload/> / renders without error" name="&lt;FileUpload/> / renders without error" className="&lt;FileUpload/>"/>
    </UnitTest>
    <UnitTest name="&lt;FileUpload/> / Has a label with default text" id="541af022-9fbe-4adb-8969-8f01c4c831fb">
      <Execution id="3468d49e-4282-40c2-a9d2-039394f30d14"/>
      <TestMethod codeBase="Jest_&lt;FileUpload/> / Has a label with default text" name="&lt;FileUpload/> / Has a label with default text" className="&lt;FileUpload/>"/>
    </UnitTest>
    <UnitTest name="&lt;FileUpload/> / When Clicked / opens a file dialog" id="597c0e66-3af2-4e42-9d4c-447c4faf6bcf">
      <Execution id="b72bfa5d-fdc2-4528-8dc0-48d124199ac2"/>
      <TestMethod codeBase="Jest_&lt;FileUpload/> / When Clicked / opens a file dialog" name="&lt;FileUpload/> / When Clicked / opens a file dialog" className="&lt;FileUpload/>"/>
    </UnitTest>
    <UnitTest name="&lt;Main/> / it renders without error" id="33901d09-23ab-4328-a501-ec0a08ac652f">
      <Execution id="6a75f2e8-09f8-4ab5-8f6b-be84ec011661"/>
      <TestMethod codeBase="Jest_&lt;Main/> / it renders without error" name="&lt;Main/> / it renders without error" className="&lt;Main/>"/>
    </UnitTest>
    <UnitTest name="&lt;Main/> / When disabled / Displays the input field" id="814c050e-3dc4-4f2f-a957-f68e67e1dd80">
      <Execution id="e8c1a4a9-b3b1-409f-810a-23cc90dbc1b4"/>
      <TestMethod codeBase="Jest_&lt;Main/> / When disabled / Displays the input field" name="&lt;Main/> / When disabled / Displays the input field" className="&lt;Main/>"/>
    </UnitTest>
    <UnitTest name="renders The App without error" id="c530eca6-c0f5-46cb-9fe7-2667c44f0392">
      <Execution id="171cdcc3-25f9-4ea1-891e-4e5baf984b4d"/>
      <TestMethod codeBase="Jest_renders The App without error" name="renders The App without error" className="No suite"/>
    </UnitTest>
    <UnitTest name="&lt;RefreshButton/> / renders without error" id="6a55a272-0fce-4eb2-8f40-8f9ea54f03e0">
      <Execution id="843bb109-7b19-4daf-a9b7-ba174fca3079"/>
      <TestMethod codeBase="Jest_&lt;RefreshButton/> / renders without error" name="&lt;RefreshButton/> / renders without error" className="&lt;RefreshButton/>"/>
    </UnitTest>
    <UnitTest name="&lt;RefreshButton/> / on click / it calls refresh method in the context" id="1b6faad2-bdff-48a0-8e95-4d2e8071ed99">
      <Execution id="2bd81cc1-0ee0-46d1-998c-da9b8230d5ba"/>
      <TestMethod codeBase="Jest_&lt;RefreshButton/> / on click / it calls refresh method in the context" name="&lt;RefreshButton/> / on click / it calls refresh method in the context" className="&lt;RefreshButton/>"/>
    </UnitTest>
    <UnitTest name="&lt;ResultsButton/> / renders without error" id="32a2be13-d6cc-4498-9ac3-792ade7acbe5">
      <Execution id="f6d3a613-9b0d-40fb-8fed-6b0f7cbfd959"/>
      <TestMethod codeBase="Jest_&lt;ResultsButton/> / renders without error" name="&lt;ResultsButton/> / renders without error" className="&lt;ResultsButton/>"/>
    </UnitTest>
    <UnitTest name="&lt;ResultsButton/> / when disabled / should have class disabled" id="7ce54cd4-d8fa-44ff-b226-3720eb5407f5">
      <Execution id="6c59352d-d877-40ab-a5d8-d6697b1dcf47"/>
      <TestMethod codeBase="Jest_&lt;ResultsButton/> / when disabled / should have class disabled" name="&lt;ResultsButton/> / when disabled / should have class disabled" className="&lt;ResultsButton/>"/>
    </UnitTest>
    <UnitTest name="&lt;ResultsButton/> / when not disabled / should not have class disabled" id="e29fa8ea-0921-4f28-a562-7d583e6fb8ef">
      <Execution id="0862fd51-7df5-4292-83f6-ad27975a326f"/>
      <TestMethod codeBase="Jest_&lt;ResultsButton/> / when not disabled / should not have class disabled" name="&lt;ResultsButton/> / when not disabled / should not have class disabled" className="&lt;ResultsButton/>"/>
    </UnitTest>
    <UnitTest name="&lt;ListItem/> / renders without error" id="dd7d857f-1774-4e6f-8215-c72900852542">
      <Execution id="d1c832db-c2e3-4e43-b248-d5b9ef06fbbd"/>
      <TestMethod codeBase="Jest_&lt;ListItem/> / renders without error" name="&lt;ListItem/> / renders without error" className="&lt;ListItem/>"/>
    </UnitTest>
    <UnitTest name="&lt;ListItem/> / When clicked / calls showNext" id="25c356a3-7dd4-48fd-869e-6c9140a5a88f">
      <Execution id="142dc337-f0a7-4604-ac13-d475a10a5809"/>
      <TestMethod codeBase="Jest_&lt;ListItem/> / When clicked / calls showNext" name="&lt;ListItem/> / When clicked / calls showNext" className="&lt;ListItem/>"/>
    </UnitTest>
    <UnitTest name="&lt;Help/> / renders without error" id="92ab2d32-c2b9-4ccd-bf53-1b7b468074dd">
      <Execution id="dd485a61-4b24-447e-a9c6-1966ddb7a0a6"/>
      <TestMethod codeBase="Jest_&lt;Help/> / renders without error" name="&lt;Help/> / renders without error" className="&lt;Help/>"/>
    </UnitTest>
    <UnitTest name="&lt;Help/> / Shows help text returned from context" id="194d5715-133a-4897-94eb-8a9e21dadd45">
      <Execution id="cd2a8f4a-b91b-4e1d-9175-25c6a4af379f"/>
      <TestMethod codeBase="Jest_&lt;Help/> / Shows help text returned from context" name="&lt;Help/> / Shows help text returned from context" className="&lt;Help/>"/>
    </UnitTest>
    <UnitTest name="&lt;FlowContainer/> / is disabled by default" id="28657a79-a53a-4c1e-9162-7ce82928c074">
      <Execution id="6b1a17b3-7969-42ff-b1e9-23dfff553b2e"/>
      <TestMethod codeBase="Jest_&lt;FlowContainer/> / is disabled by default" name="&lt;FlowContainer/> / is disabled by default" className="&lt;FlowContainer/>"/>
    </UnitTest>
    <UnitTest name="&lt;FlowContainer/> / When First Enabled / Shows the Flow Component" id="8a9af602-2b61-4a23-920c-7aeb84a1ef7d">
      <Execution id="bde42151-5831-4dbe-8efa-67981fc95224"/>
      <TestMethod codeBase="Jest_&lt;FlowContainer/> / When First Enabled / Shows the Flow Component" name="&lt;FlowContainer/> / When First Enabled / Shows the Flow Component" className="&lt;FlowContainer/>"/>
    </UnitTest>
    <UnitTest name="&lt;RunButton / it renders without error" id="faf76cce-5e7a-427e-b58b-f85142407935">
      <Execution id="802c9a71-3b93-447a-9334-a538d3004bd1"/>
      <TestMethod codeBase="Jest_&lt;RunButton / it renders without error" name="&lt;RunButton / it renders without error" className="&lt;RunButton"/>
    </UnitTest>
    <UnitTest name="&lt;RunButton / when disabled / Has the disabled class" id="55967d3c-0095-4b4a-9167-985b8d7ead2e">
      <Execution id="a34ce85d-aab3-4e14-83c7-80b4e7111ae6"/>
      <TestMethod codeBase="Jest_&lt;RunButton / when disabled / Has the disabled class" name="&lt;RunButton / when disabled / Has the disabled class" className="&lt;RunButton"/>
    </UnitTest>
    <UnitTest name="&lt;RunButton / when disabled / Cannot call run data" id="fd34381a-f36b-4a8e-8575-09cbbb4bbe25">
      <Execution id="9001f760-d11f-429e-8937-899966b3766c"/>
      <TestMethod codeBase="Jest_&lt;RunButton / when disabled / Cannot call run data" name="&lt;RunButton / when disabled / Cannot call run data" className="&lt;RunButton"/>
    </UnitTest>
    <UnitTest name="&lt;RunButton / when enabled / Does not have the disabled class" id="c9280cb4-1085-4e02-8fbe-9c2c252eaba5">
      <Execution id="0fb67462-b19b-427e-9b29-08e01e0499f9"/>
      <TestMethod codeBase="Jest_&lt;RunButton / when enabled / Does not have the disabled class" name="&lt;RunButton / when enabled / Does not have the disabled class" className="&lt;RunButton"/>
    </UnitTest>
    <UnitTest name="&lt;RunButton / when enabled / Can call run data" id="f8159724-27dc-485a-9444-c66d8399f865">
      <Execution id="839b1ccb-47e4-460a-9b89-f94651c5131c"/>
      <TestMethod codeBase="Jest_&lt;RunButton / when enabled / Can call run data" name="&lt;RunButton / when enabled / Can call run data" className="&lt;RunButton"/>
    </UnitTest>
    <UnitTest name="&lt;RunArrow/> / It renders without error" id="2d680856-d10c-4c48-870f-7ccffb8cbf3e">
      <Execution id="ef575596-80d6-4eaa-9f14-d97f3d7c62ad"/>
      <TestMethod codeBase="Jest_&lt;RunArrow/> / It renders without error" name="&lt;RunArrow/> / It renders without error" className="&lt;RunArrow/>"/>
    </UnitTest>
    <UnitTest name="&lt;RunArrow/> / when disabled / The disabled class is applied" id="7aefecd3-ce68-4c3e-a528-64276d1d2bba">
      <Execution id="39716b9f-faa2-4033-a514-829058265e68"/>
      <TestMethod codeBase="Jest_&lt;RunArrow/> / when disabled / The disabled class is applied" name="&lt;RunArrow/> / when disabled / The disabled class is applied" className="&lt;RunArrow/>"/>
    </UnitTest>
    <UnitTest name="&lt;RunArrow/> / when ran / the ran class is applied" id="ebdbb2f0-1c84-4a58-9e31-02523c94e1e1">
      <Execution id="0fa5f7bb-c03a-48aa-b49f-d0dadc6cbd6d"/>
      <TestMethod codeBase="Jest_&lt;RunArrow/> / when ran / the ran class is applied" name="&lt;RunArrow/> / when ran / the ran class is applied" className="&lt;RunArrow/>"/>
    </UnitTest>
    <UnitTest name="&lt;List/> / It renders without error" id="f4e389ac-4e1c-4150-a5da-cc0470ae8aee">
      <Execution id="00a1b39d-6ccb-4ec0-b3b2-1cbed535da81"/>
      <TestMethod codeBase="Jest_&lt;List/> / It renders without error" name="&lt;List/> / It renders without error" className="&lt;List/>"/>
    </UnitTest>
    <UnitTest name="&lt;List/> / Drop Down List / Displays a default selection" id="703b0ebf-e1ca-4796-a060-7afc2f113d39">
      <Execution id="aa9b3273-5bbf-43cb-9e8b-b5a3194d0752"/>
      <TestMethod codeBase="Jest_&lt;List/> / Drop Down List / Displays a default selection" name="&lt;List/> / Drop Down List / Displays a default selection" className="&lt;List/>"/>
    </UnitTest>
    <UnitTest name="&lt;List/> / Drop Down List / On Click / Displays a collection of items" id="96b4a121-b86e-49ed-8afb-121ce8591073">
      <Execution id="16ea7296-9486-4eeb-a0fb-b2da546f4b72"/>
      <TestMethod codeBase="Jest_&lt;List/> / Drop Down List / On Click / Displays a collection of items" name="&lt;List/> / Drop Down List / On Click / Displays a collection of items" className="&lt;List/>"/>
    </UnitTest>
    <UnitTest name="&lt;Update/> / It renders without error" id="de10a32a-f7eb-44d5-91c7-20ec3a932d99">
      <Execution id="be29f1f5-e6e4-493c-b255-c486227459c7"/>
      <TestMethod codeBase="Jest_&lt;Update/> / It renders without error" name="&lt;Update/> / It renders without error" className="&lt;Update/>"/>
    </UnitTest>
    <UnitTest name="&lt;Update/> / when disabled / The disabled class is applied" id="21602054-4610-41e0-9603-342811c05034">
      <Execution id="39b2de30-54cf-4066-8c2a-51fb59c7ba1b"/>
      <TestMethod codeBase="Jest_&lt;Update/> / when disabled / The disabled class is applied" name="&lt;Update/> / when disabled / The disabled class is applied" className="&lt;Update/>"/>
    </UnitTest>
    <UnitTest name="&lt;Update/> / when ran / the ran class is appled" id="519eb1af-ca16-476a-913b-9083f7f3a2cb">
      <Execution id="52d468fc-0bae-4f62-8879-0a440893572c"/>
      <TestMethod codeBase="Jest_&lt;Update/> / when ran / the ran class is appled" name="&lt;Update/> / when ran / the ran class is appled" className="&lt;Update/>"/>
    </UnitTest>
    <UnitTest name="dataContextFactory / Returns a Context Object and a provider / That does not throw an error when wrapping another element" id="a9fc9c26-83d8-4c40-b75b-dcaf7ad7549d">
      <Execution id="61b0483c-9c64-4508-a566-53d6319d6647"/>
      <TestMethod codeBase="Jest_dataContextFactory / Returns a Context Object and a provider / That does not throw an error when wrapping another element" name="dataContextFactory / Returns a Context Object and a provider / That does not throw an error when wrapping another element" className="dataContextFactory"/>
    </UnitTest>
    <UnitTest name="&lt;Input/> / it renders without error" id="d8ffeda4-a2fc-4f11-b03c-7858f7cc3058">
      <Execution id="4e90aa51-d350-470a-93aa-b9c86516448d"/>
      <TestMethod codeBase="Jest_&lt;Input/> / it renders without error" name="&lt;Input/> / it renders without error" className="&lt;Input/>"/>
    </UnitTest>
    <UnitTest name="&lt;Input/> / when disabled / has the disabled class" id="87f440cf-ae6f-428c-b5ee-07166c492285">
      <Execution id="2119b027-255d-498f-bbb2-0d3a3226649f"/>
      <TestMethod codeBase="Jest_&lt;Input/> / when disabled / has the disabled class" name="&lt;Input/> / when disabled / has the disabled class" className="&lt;Input/>"/>
    </UnitTest>
    <UnitTest name="&lt;Input/> / when disabled / Cannot call uploadData" id="f5025a82-2592-4cf2-a41a-a44789202031">
      <Execution id="91606462-ec36-435d-8183-c4c3341b0606"/>
      <TestMethod codeBase="Jest_&lt;Input/> / when disabled / Cannot call uploadData" name="&lt;Input/> / when disabled / Cannot call uploadData" className="&lt;Input/>"/>
    </UnitTest>
    <UnitTest name="&lt;Input/> / when enabled / does not have the disabled class" id="827f087c-4008-460b-83f6-0370ab8b2d55">
      <Execution id="d02e5812-6747-47d7-bdaa-76ff475f291d"/>
      <TestMethod codeBase="Jest_&lt;Input/> / when enabled / does not have the disabled class" name="&lt;Input/> / when enabled / does not have the disabled class" className="&lt;Input/>"/>
    </UnitTest>
    <UnitTest name="&lt;Input/> / when enabled / when clicked / It calls the uploadData function" id="10c32941-8f79-4040-9c75-1e819ec132e5">
      <Execution id="5e58996f-c269-4621-b067-6b8f0b5933db"/>
      <TestMethod codeBase="Jest_&lt;Input/> / when enabled / when clicked / It calls the uploadData function" name="&lt;Input/> / when enabled / when clicked / It calls the uploadData function" className="&lt;Input/>"/>
    </UnitTest>
    <UnitTest name="&lt;Button /> / renders without error" id="cc0ebb47-dc68-42d9-a680-43b400b23f33">
      <Execution id="97a99fe8-bdbd-4f7c-8cfc-23a6b14d06e1"/>
      <TestMethod codeBase="Jest_&lt;Button /> / renders without error" name="&lt;Button /> / renders without error" className="&lt;Button />"/>
    </UnitTest>
    <UnitTest name="&lt;Button /> / can be set to be active" id="1a86967e-ab31-4961-8890-41f9e4ba341f">
      <Execution id="aba81582-7a6b-43ac-a9e8-4095d169db9f"/>
      <TestMethod codeBase="Jest_&lt;Button /> / can be set to be active" name="&lt;Button /> / can be set to be active" className="&lt;Button />"/>
    </UnitTest>
    <UnitTest name="&lt;Button /> / can accept other classes" id="919d6b3d-0c06-4049-98c5-fbc00705e1e7">
      <Execution id="aa413aae-4a50-4aa8-99fb-23837d5c7b0d"/>
      <TestMethod codeBase="Jest_&lt;Button /> / can accept other classes" name="&lt;Button /> / can accept other classes" className="&lt;Button />"/>
    </UnitTest>
    <UnitTest name="&lt;Nav/> / renders without error" id="4d139043-5347-47db-ba74-b2e1ae457459">
      <Execution id="5564ee83-6716-44fc-91eb-16ad77a2d8b4"/>
      <TestMethod codeBase="Jest_&lt;Nav/> / renders without error" name="&lt;Nav/> / renders without error" className="&lt;Nav/>"/>
    </UnitTest>
    <UnitTest name="&lt;Form/> / renders without error" id="3a042ccb-0281-4dd7-8af1-70a68323d4f7">
      <Execution id="b469511c-0248-4439-9c65-e394af7b66fe"/>
      <TestMethod codeBase="Jest_&lt;Form/> / renders without error" name="&lt;Form/> / renders without error" className="&lt;Form/>"/>
    </UnitTest>
    <UnitTest name="&lt;Form/> / renders a form field for every field item" id="9a5010d6-f3b4-46e2-a92e-888fc9f2b53a">
      <Execution id="8e9fef2c-02c1-4ad8-9e18-22bfefb58d16"/>
      <TestMethod codeBase="Jest_&lt;Form/> / renders a form field for every field item" name="&lt;Form/> / renders a form field for every field item" className="&lt;Form/>"/>
    </UnitTest>
    <UnitTest name="&lt;Header/> / renders without error" id="41d997f0-816b-4d04-bd2f-e29c6f8b1e51">
      <Execution id="ed9106c9-2a8f-4496-ba32-3765ce2c61c7"/>
      <TestMethod codeBase="Jest_&lt;Header/> / renders without error" name="&lt;Header/> / renders without error" className="&lt;Header/>"/>
    </UnitTest>
    <UnitTest name="&lt;Header/> / Displays a user name" id="c7c86a9f-8297-48d8-a495-3d62e0aaa171">
      <Execution id="37e3410f-1f96-45b0-b62c-bf013239d5a0"/>
      <TestMethod codeBase="Jest_&lt;Header/> / Displays a user name" name="&lt;Header/> / Displays a user name" className="&lt;Header/>"/>
    </UnitTest>
    <UnitTest name="&lt;Arrow /> / it renders without error" id="e3e3d96c-a5c3-4086-8f05-5c5ed33e4f54">
      <Execution id="6dd3ecad-55eb-4f9c-91e1-f68a7a5c404b"/>
      <TestMethod codeBase="Jest_&lt;Arrow /> / it renders without error" name="&lt;Arrow /> / it renders without error" className="&lt;Arrow />"/>
    </UnitTest>
    <UnitTest name="&lt;Arrow /> / renders without Error when passed a valid set of paths" id="284b2757-8543-4a5d-bbb3-0b745fb11b9f">
      <Execution id="84c46bdd-585e-4d1c-a986-1365b711f2c8"/>
      <TestMethod codeBase="Jest_&lt;Arrow /> / renders without Error when passed a valid set of paths" name="&lt;Arrow /> / renders without Error when passed a valid set of paths" className="&lt;Arrow />"/>
    </UnitTest>
    <UnitTest name="&lt;Arrow /> / takes a child path element and renders it" id="ad1e1f9d-9745-47ea-852b-b14be853c7e1">
      <Execution id="00d4be68-bd8b-48e8-b809-14bf3ffe737a"/>
      <TestMethod codeBase="Jest_&lt;Arrow /> / takes a child path element and renders it" name="&lt;Arrow /> / takes a child path element and renders it" className="&lt;Arrow />"/>
    </UnitTest>
    <UnitTest name="&lt;FormField/> / it renders without error" id="450c0736-308e-42eb-9523-9891974e0c6b">
      <Execution id="27561c65-6350-40fc-a619-5577f50436e0"/>
      <TestMethod codeBase="Jest_&lt;FormField/> / it renders without error" name="&lt;FormField/> / it renders without error" className="&lt;FormField/>"/>
    </UnitTest>
    <UnitTest name="&lt;ScenarioModelling/> / it renders without error" id="c95b671e-8eac-4f38-a641-da24aee9d96e">
      <Execution id="acbb157b-fbdc-4a34-bab9-402d48cd9844"/>
      <TestMethod codeBase="Jest_&lt;ScenarioModelling/> / it renders without error" name="&lt;ScenarioModelling/> / it renders without error" className="&lt;ScenarioModelling/>"/>
    </UnitTest>
    <UnitTest name="&lt;ScenarioModelling/> / It has a header" id="cb950d0b-c277-4563-9685-ab4cb79d5fe7">
      <Execution id="701c878f-3c13-47a7-9f12-f4b633a6e70f"/>
      <TestMethod codeBase="Jest_&lt;ScenarioModelling/> / It has a header" name="&lt;ScenarioModelling/> / It has a header" className="&lt;ScenarioModelling/>"/>
    </UnitTest>
    <UnitTest name="&lt;ScenarioModelling/> / It has a drop down select container" id="4035c1d9-6b3b-447b-b661-2420b96f958f">
      <Execution id="4494ea33-73be-4c69-9e7f-a9a9dfb82385"/>
      <TestMethod codeBase="Jest_&lt;ScenarioModelling/> / It has a drop down select container" name="&lt;ScenarioModelling/> / It has a drop down select container" className="&lt;ScenarioModelling/>"/>
    </UnitTest>
    <UnitTest name="getColumnItem / returns the correct columnItem for items on first tier" id="80e6e461-7be7-430e-aac5-8ff158723456">
      <Execution id="4a245ced-ec6c-47ac-89db-59368856ae4c"/>
      <TestMethod codeBase="Jest_getColumnItem / returns the correct columnItem for items on first tier" name="getColumnItem / returns the correct columnItem for items on first tier" className="getColumnItem"/>
    </UnitTest>
    <UnitTest name="getColumnItem / return the correct column item for items on the 5th tier" id="6a8e97ec-d2aa-4855-915a-a0f5c6f6a2d0">
      <Execution id="46624b04-a52c-475d-aaf9-548a63a0bac8"/>
      <TestMethod codeBase="Jest_getColumnItem / return the correct column item for items on the 5th tier" name="getColumnItem / return the correct column item for items on the 5th tier" className="getColumnItem"/>
    </UnitTest>
    <UnitTest name="buildColumnItem / When input options is the same length as the column number / it appends a new column item" id="7884fd0d-28b5-49f5-86b4-5ea37c763a1d">
      <Execution id="0888dccd-17bd-4738-85a4-4f6134e4b361"/>
      <TestMethod codeBase="Jest_buildColumnItem / When input options is the same length as the column number / it appends a new column item" name="buildColumnItem / When input options is the same length as the column number / it appends a new column item" className="buildColumnItem"/>
    </UnitTest>
    <UnitTest name="buildColumnItem / When input options is the same length as the column number / The new item has column index of 2" id="3f82e779-85ba-488d-b428-c05173dd64b0">
      <Execution id="36e62ac1-7bec-4383-ad6c-0aea96bdee40"/>
      <TestMethod codeBase="Jest_buildColumnItem / When input options is the same length as the column number / The new item has column index of 2" name="buildColumnItem / When input options is the same length as the column number / The new item has column index of 2" className="buildColumnItem"/>
    </UnitTest>
    <UnitTest name="buildColumnItem / When input options length is greater than selected option / When an item is selected from the first column / it returns a list with 2 elements" id="ee1cacfa-fe5f-4a82-8b4e-95fdb943b0d4">
      <Execution id="2cfb851a-b4ba-4e43-91ca-53b5ece84853"/>
      <TestMethod codeBase="Jest_buildColumnItem / When input options length is greater than selected option / When an item is selected from the first column / it returns a list with 2 elements" name="buildColumnItem / When input options length is greater than selected option / When an item is selected from the first column / it returns a list with 2 elements" className="buildColumnItem"/>
    </UnitTest>
    <UnitTest name="buildColumnItem / When input options length is greater than selected option / When an item is selected from the first column / The 2nd element has a idx of 2" id="21b1ab8e-41ec-40cd-9fc1-d483bab8d217">
      <Execution id="f91eb952-0074-4558-a3a3-cf14af9a238d"/>
      <TestMethod codeBase="Jest_buildColumnItem / When input options length is greater than selected option / When an item is selected from the first column / The 2nd element has a idx of 2" name="buildColumnItem / When input options length is greater than selected option / When an item is selected from the first column / The 2nd element has a idx of 2" className="buildColumnItem"/>
    </UnitTest>
    <UnitTest name="Scenario Context / ScenarioReducer / Returns a default state" id="5fc40056-9700-4922-957d-7f95d1a8660d">
      <Execution id="1c638edc-1817-417e-8cda-85c23da198d8"/>
      <TestMethod codeBase="Jest_Scenario Context / ScenarioReducer / Returns a default state" name="Scenario Context / ScenarioReducer / Returns a default state" className="Scenario Context"/>
    </UnitTest>
    <UnitTest name="Scenario Context / ScenarioReducer / When Type is SHOW_SCENARIOS / Adds scenarioOptions to the state" id="035d6ab3-bb58-44b9-b04f-ca5cf892cfcf">
      <Execution id="9fd76b34-bd08-4d33-b535-9986e00f2710"/>
      <TestMethod codeBase="Jest_Scenario Context / ScenarioReducer / When Type is SHOW_SCENARIOS / Adds scenarioOptions to the state" name="Scenario Context / ScenarioReducer / When Type is SHOW_SCENARIOS / Adds scenarioOptions to the state" className="Scenario Context"/>
    </UnitTest>
    <UnitTest name="Scenario Context / Action Creators / showScenarios / It dispatches the showScenarios action" id="e1adcacf-004a-4186-a681-4268a65a3fe5">
      <Execution id="664da4f2-e460-4f75-974c-8981b21a2ce7"/>
      <TestMethod codeBase="Jest_Scenario Context / Action Creators / showScenarios / It dispatches the showScenarios action" name="Scenario Context / Action Creators / showScenarios / It dispatches the showScenarios action" className="Scenario Context"/>
    </UnitTest>
    <UnitTest name="FlowContext / reducer / When type is START_FLOW / it returns some default state" id="d27f3b96-82a1-4dc4-840e-040daf59388c">
      <Execution id="a549596a-8bb8-4e39-a7ce-fed967402f28"/>
      <TestMethod codeBase="Jest_FlowContext / reducer / When type is START_FLOW / it returns some default state" name="FlowContext / reducer / When type is START_FLOW / it returns some default state" className="FlowContext"/>
    </UnitTest>
    <UnitTest name="FlowContext / reducer / action creators / Upload Data / uploadData dispatches UPLOADINGDATA action" id="e70ae0d7-3597-405e-b249-17d276a3dea0">
      <Execution id="933d28a0-c7d8-4233-a7b9-f58e0275dace"/>
      <TestMethod codeBase="Jest_FlowContext / reducer / action creators / Upload Data / uploadData dispatches UPLOADINGDATA action" name="FlowContext / reducer / action creators / Upload Data / uploadData dispatches UPLOADINGDATA action" className="FlowContext"/>
    </UnitTest>
    <UnitTest name="FlowContext / reducer / action creators / Upload Data / uploadData also fires INPUT_DATA action" id="a6404f9c-8d3f-4324-868c-438525c65619">
      <Execution id="974688aa-080b-4511-9b1f-5b39b30bcc77"/>
      <TestMethod codeBase="Jest_FlowContext / reducer / action creators / Upload Data / uploadData also fires INPUT_DATA action" name="FlowContext / reducer / action creators / Upload Data / uploadData also fires INPUT_DATA action" className="FlowContext"/>
    </UnitTest>
    <UnitTest name="FlowContext / reducer / action creators / run data / calls RUN_DATA reducer action" id="1c3168c9-03ac-4a5f-a194-0719589f3c85">
      <Execution id="d02672d0-5071-401d-9874-2b4e9b92dca8"/>
      <TestMethod codeBase="Jest_FlowContext / reducer / action creators / run data / calls RUN_DATA reducer action" name="FlowContext / reducer / action creators / run data / calls RUN_DATA reducer action" className="FlowContext"/>
    </UnitTest>
    <UnitTest name="FlowContext / reducer / action creators / inputData / It dispatches the INPUT_DATA action" id="9811ea9d-328a-420e-8cd7-6e0a50081486">
      <Execution id="d486ea7d-97a4-4118-b807-d42fae2e544c"/>
      <TestMethod codeBase="Jest_FlowContext / reducer / action creators / inputData / It dispatches the INPUT_DATA action" name="FlowContext / reducer / action creators / inputData / It dispatches the INPUT_DATA action" className="FlowContext"/>
    </UnitTest>
    <UnitTest name="FlowContext / reducer / action creators / start / It dispatches the START action with a file payload" id="6a30b93b-0708-4369-9517-f0480a15f907">
      <Execution id="64187807-9fd6-4563-9262-b3c7c56510a5"/>
      <TestMethod codeBase="Jest_FlowContext / reducer / action creators / start / It dispatches the START action with a file payload" name="FlowContext / reducer / action creators / start / It dispatches the START action with a file payload" className="FlowContext"/>
    </UnitTest>
  </TestDefinitions>
  <TestLists>
    <TestList name="Results Not in a List" id="8c84fa94-04c1-424b-9868-57a2d4851a1d"/>
    <TestList name="All Loaded Results" id="19431567-8539-422a-85d7-44ee4e166bda"/>
  </TestLists>
  <TestEntries>
    <TestEntry testId="ff835852-cd70-4c61-830c-e3c2463ccec3" executionId="6272a15b-c19d-4d91-a5c4-6898e7841b10" testListId="8c84fa94-04c1-424b-9868-57a2d4851a1d"/>
    <TestEntry testId="541af022-9fbe-4adb-8969-8f01c4c831fb" executionId="3468d49e-4282-40c2-a9d2-039394f30d14" testListId="8c84fa94-04c1-424b-9868-57a2d4851a1d"/>
    <TestEntry testId="597c0e66-3af2-4e42-9d4c-447c4faf6bcf" executionId="b72bfa5d-fdc2-4528-8dc0-48d124199ac2" testListId="8c84fa94-04c1-424b-9868-57a2d4851a1d"/>
    <TestEntry testId="33901d09-23ab-4328-a501-ec0a08ac652f" executionId="6a75f2e8-09f8-4ab5-8f6b-be84ec011661" testListId="8c84fa94-04c1-424b-9868-57a2d4851a1d"/>
    <TestEntry testId="814c050e-3dc4-4f2f-a957-f68e67e1dd80" executionId="e8c1a4a9-b3b1-409f-810a-23cc90dbc1b4" testListId="8c84fa94-04c1-424b-9868-57a2d4851a1d"/>
    <TestEntry testId="c530eca6-c0f5-46cb-9fe7-2667c44f0392" executionId="171cdcc3-25f9-4ea1-891e-4e5baf984b4d" testListId="8c84fa94-04c1-424b-9868-57a2d4851a1d"/>
    <TestEntry testId="6a55a272-0fce-4eb2-8f40-8f9ea54f03e0" executionId="843bb109-7b19-4daf-a9b7-ba174fca3079" testListId="8c84fa94-04c1-424b-9868-57a2d4851a1d"/>
    <TestEntry testId="1b6faad2-bdff-48a0-8e95-4d2e8071ed99" executionId="2bd81cc1-0ee0-46d1-998c-da9b8230d5ba" testListId="8c84fa94-04c1-424b-9868-57a2d4851a1d"/>
    <TestEntry testId="32a2be13-d6cc-4498-9ac3-792ade7acbe5" executionId="f6d3a613-9b0d-40fb-8fed-6b0f7cbfd959" testListId="8c84fa94-04c1-424b-9868-57a2d4851a1d"/>
    <TestEntry testId="7ce54cd4-d8fa-44ff-b226-3720eb5407f5" executionId="6c59352d-d877-40ab-a5d8-d6697b1dcf47" testListId="8c84fa94-04c1-424b-9868-57a2d4851a1d"/>
    <TestEntry testId="e29fa8ea-0921-4f28-a562-7d583e6fb8ef" executionId="0862fd51-7df5-4292-83f6-ad27975a326f" testListId="8c84fa94-04c1-424b-9868-57a2d4851a1d"/>
    <TestEntry testId="dd7d857f-1774-4e6f-8215-c72900852542" executionId="d1c832db-c2e3-4e43-b248-d5b9ef06fbbd" testListId="8c84fa94-04c1-424b-9868-57a2d4851a1d"/>
    <TestEntry testId="25c356a3-7dd4-48fd-869e-6c9140a5a88f" executionId="142dc337-f0a7-4604-ac13-d475a10a5809" testListId="8c84fa94-04c1-424b-9868-57a2d4851a1d"/>
    <TestEntry testId="92ab2d32-c2b9-4ccd-bf53-1b7b468074dd" executionId="dd485a61-4b24-447e-a9c6-1966ddb7a0a6" testListId="8c84fa94-04c1-424b-9868-57a2d4851a1d"/>
    <TestEntry testId="194d5715-133a-4897-94eb-8a9e21dadd45" executionId="cd2a8f4a-b91b-4e1d-9175-25c6a4af379f" testListId="8c84fa94-04c1-424b-9868-57a2d4851a1d"/>
    <TestEntry testId="28657a79-a53a-4c1e-9162-7ce82928c074" executionId="6b1a17b3-7969-42ff-b1e9-23dfff553b2e" testListId="8c84fa94-04c1-424b-9868-57a2d4851a1d"/>
    <TestEntry testId="8a9af602-2b61-4a23-920c-7aeb84a1ef7d" executionId="bde42151-5831-4dbe-8efa-67981fc95224" testListId="8c84fa94-04c1-424b-9868-57a2d4851a1d"/>
    <TestEntry testId="faf76cce-5e7a-427e-b58b-f85142407935" executionId="802c9a71-3b93-447a-9334-a538d3004bd1" testListId="8c84fa94-04c1-424b-9868-57a2d4851a1d"/>
    <TestEntry testId="55967d3c-0095-4b4a-9167-985b8d7ead2e" executionId="a34ce85d-aab3-4e14-83c7-80b4e7111ae6" testListId="8c84fa94-04c1-424b-9868-57a2d4851a1d"/>
    <TestEntry testId="fd34381a-f36b-4a8e-8575-09cbbb4bbe25" executionId="9001f760-d11f-429e-8937-899966b3766c" testListId="8c84fa94-04c1-424b-9868-57a2d4851a1d"/>
    <TestEntry testId="c9280cb4-1085-4e02-8fbe-9c2c252eaba5" executionId="0fb67462-b19b-427e-9b29-08e01e0499f9" testListId="8c84fa94-04c1-424b-9868-57a2d4851a1d"/>
    <TestEntry testId="f8159724-27dc-485a-9444-c66d8399f865" executionId="839b1ccb-47e4-460a-9b89-f94651c5131c" testListId="8c84fa94-04c1-424b-9868-57a2d4851a1d"/>
    <TestEntry testId="2d680856-d10c-4c48-870f-7ccffb8cbf3e" executionId="ef575596-80d6-4eaa-9f14-d97f3d7c62ad" testListId="8c84fa94-04c1-424b-9868-57a2d4851a1d"/>
    <TestEntry testId="7aefecd3-ce68-4c3e-a528-64276d1d2bba" executionId="39716b9f-faa2-4033-a514-829058265e68" testListId="8c84fa94-04c1-424b-9868-57a2d4851a1d"/>
    <TestEntry testId="ebdbb2f0-1c84-4a58-9e31-02523c94e1e1" executionId="0fa5f7bb-c03a-48aa-b49f-d0dadc6cbd6d" testListId="8c84fa94-04c1-424b-9868-57a2d4851a1d"/>
    <TestEntry testId="f4e389ac-4e1c-4150-a5da-cc0470ae8aee" executionId="00a1b39d-6ccb-4ec0-b3b2-1cbed535da81" testListId="8c84fa94-04c1-424b-9868-57a2d4851a1d"/>
    <TestEntry testId="703b0ebf-e1ca-4796-a060-7afc2f113d39" executionId="aa9b3273-5bbf-43cb-9e8b-b5a3194d0752" testListId="8c84fa94-04c1-424b-9868-57a2d4851a1d"/>
    <TestEntry testId="96b4a121-b86e-49ed-8afb-121ce8591073" executionId="16ea7296-9486-4eeb-a0fb-b2da546f4b72" testListId="8c84fa94-04c1-424b-9868-57a2d4851a1d"/>
    <TestEntry testId="de10a32a-f7eb-44d5-91c7-20ec3a932d99" executionId="be29f1f5-e6e4-493c-b255-c486227459c7" testListId="8c84fa94-04c1-424b-9868-57a2d4851a1d"/>
    <TestEntry testId="21602054-4610-41e0-9603-342811c05034" executionId="39b2de30-54cf-4066-8c2a-51fb59c7ba1b" testListId="8c84fa94-04c1-424b-9868-57a2d4851a1d"/>
    <TestEntry testId="519eb1af-ca16-476a-913b-9083f7f3a2cb" executionId="52d468fc-0bae-4f62-8879-0a440893572c" testListId="8c84fa94-04c1-424b-9868-57a2d4851a1d"/>
    <TestEntry testId="a9fc9c26-83d8-4c40-b75b-dcaf7ad7549d" executionId="61b0483c-9c64-4508-a566-53d6319d6647" testListId="8c84fa94-04c1-424b-9868-57a2d4851a1d"/>
    <TestEntry testId="d8ffeda4-a2fc-4f11-b03c-7858f7cc3058" executionId="4e90aa51-d350-470a-93aa-b9c86516448d" testListId="8c84fa94-04c1-424b-9868-57a2d4851a1d"/>
    <TestEntry testId="87f440cf-ae6f-428c-b5ee-07166c492285" executionId="2119b027-255d-498f-bbb2-0d3a3226649f" testListId="8c84fa94-04c1-424b-9868-57a2d4851a1d"/>
    <TestEntry testId="f5025a82-2592-4cf2-a41a-a44789202031" executionId="91606462-ec36-435d-8183-c4c3341b0606" testListId="8c84fa94-04c1-424b-9868-57a2d4851a1d"/>
    <TestEntry testId="827f087c-4008-460b-83f6-0370ab8b2d55" executionId="d02e5812-6747-47d7-bdaa-76ff475f291d" testListId="8c84fa94-04c1-424b-9868-57a2d4851a1d"/>
    <TestEntry testId="10c32941-8f79-4040-9c75-1e819ec132e5" executionId="5e58996f-c269-4621-b067-6b8f0b5933db" testListId="8c84fa94-04c1-424b-9868-57a2d4851a1d"/>
    <TestEntry testId="cc0ebb47-dc68-42d9-a680-43b400b23f33" executionId="97a99fe8-bdbd-4f7c-8cfc-23a6b14d06e1" testListId="8c84fa94-04c1-424b-9868-57a2d4851a1d"/>
    <TestEntry testId="1a86967e-ab31-4961-8890-41f9e4ba341f" executionId="aba81582-7a6b-43ac-a9e8-4095d169db9f" testListId="8c84fa94-04c1-424b-9868-57a2d4851a1d"/>
    <TestEntry testId="919d6b3d-0c06-4049-98c5-fbc00705e1e7" executionId="aa413aae-4a50-4aa8-99fb-23837d5c7b0d" testListId="8c84fa94-04c1-424b-9868-57a2d4851a1d"/>
    <TestEntry testId="4d139043-5347-47db-ba74-b2e1ae457459" executionId="5564ee83-6716-44fc-91eb-16ad77a2d8b4" testListId="8c84fa94-04c1-424b-9868-57a2d4851a1d"/>
    <TestEntry testId="3a042ccb-0281-4dd7-8af1-70a68323d4f7" executionId="b469511c-0248-4439-9c65-e394af7b66fe" testListId="8c84fa94-04c1-424b-9868-57a2d4851a1d"/>
    <TestEntry testId="9a5010d6-f3b4-46e2-a92e-888fc9f2b53a" executionId="8e9fef2c-02c1-4ad8-9e18-22bfefb58d16" testListId="8c84fa94-04c1-424b-9868-57a2d4851a1d"/>
    <TestEntry testId="41d997f0-816b-4d04-bd2f-e29c6f8b1e51" executionId="ed9106c9-2a8f-4496-ba32-3765ce2c61c7" testListId="8c84fa94-04c1-424b-9868-57a2d4851a1d"/>
    <TestEntry testId="c7c86a9f-8297-48d8-a495-3d62e0aaa171" executionId="37e3410f-1f96-45b0-b62c-bf013239d5a0" testListId="8c84fa94-04c1-424b-9868-57a2d4851a1d"/>
    <TestEntry testId="e3e3d96c-a5c3-4086-8f05-5c5ed33e4f54" executionId="6dd3ecad-55eb-4f9c-91e1-f68a7a5c404b" testListId="8c84fa94-04c1-424b-9868-57a2d4851a1d"/>
    <TestEntry testId="284b2757-8543-4a5d-bbb3-0b745fb11b9f" executionId="84c46bdd-585e-4d1c-a986-1365b711f2c8" testListId="8c84fa94-04c1-424b-9868-57a2d4851a1d"/>
    <TestEntry testId="ad1e1f9d-9745-47ea-852b-b14be853c7e1" executionId="00d4be68-bd8b-48e8-b809-14bf3ffe737a" testListId="8c84fa94-04c1-424b-9868-57a2d4851a1d"/>
    <TestEntry testId="450c0736-308e-42eb-9523-9891974e0c6b" executionId="27561c65-6350-40fc-a619-5577f50436e0" testListId="8c84fa94-04c1-424b-9868-57a2d4851a1d"/>
    <TestEntry testId="c95b671e-8eac-4f38-a641-da24aee9d96e" executionId="acbb157b-fbdc-4a34-bab9-402d48cd9844" testListId="8c84fa94-04c1-424b-9868-57a2d4851a1d"/>
    <TestEntry testId="cb950d0b-c277-4563-9685-ab4cb79d5fe7" executionId="701c878f-3c13-47a7-9f12-f4b633a6e70f" testListId="8c84fa94-04c1-424b-9868-57a2d4851a1d"/>
    <TestEntry testId="4035c1d9-6b3b-447b-b661-2420b96f958f" executionId="4494ea33-73be-4c69-9e7f-a9a9dfb82385" testListId="8c84fa94-04c1-424b-9868-57a2d4851a1d"/>
    <TestEntry testId="80e6e461-7be7-430e-aac5-8ff158723456" executionId="4a245ced-ec6c-47ac-89db-59368856ae4c" testListId="8c84fa94-04c1-424b-9868-57a2d4851a1d"/>
    <TestEntry testId="6a8e97ec-d2aa-4855-915a-a0f5c6f6a2d0" executionId="46624b04-a52c-475d-aaf9-548a63a0bac8" testListId="8c84fa94-04c1-424b-9868-57a2d4851a1d"/>
    <TestEntry testId="7884fd0d-28b5-49f5-86b4-5ea37c763a1d" executionId="0888dccd-17bd-4738-85a4-4f6134e4b361" testListId="8c84fa94-04c1-424b-9868-57a2d4851a1d"/>
    <TestEntry testId="3f82e779-85ba-488d-b428-c05173dd64b0" executionId="36e62ac1-7bec-4383-ad6c-0aea96bdee40" testListId="8c84fa94-04c1-424b-9868-57a2d4851a1d"/>
    <TestEntry testId="ee1cacfa-fe5f-4a82-8b4e-95fdb943b0d4" executionId="2cfb851a-b4ba-4e43-91ca-53b5ece84853" testListId="8c84fa94-04c1-424b-9868-57a2d4851a1d"/>
    <TestEntry testId="21b1ab8e-41ec-40cd-9fc1-d483bab8d217" executionId="f91eb952-0074-4558-a3a3-cf14af9a238d" testListId="8c84fa94-04c1-424b-9868-57a2d4851a1d"/>
    <TestEntry testId="5fc40056-9700-4922-957d-7f95d1a8660d" executionId="1c638edc-1817-417e-8cda-85c23da198d8" testListId="8c84fa94-04c1-424b-9868-57a2d4851a1d"/>
    <TestEntry testId="035d6ab3-bb58-44b9-b04f-ca5cf892cfcf" executionId="9fd76b34-bd08-4d33-b535-9986e00f2710" testListId="8c84fa94-04c1-424b-9868-57a2d4851a1d"/>
    <TestEntry testId="e1adcacf-004a-4186-a681-4268a65a3fe5" executionId="664da4f2-e460-4f75-974c-8981b21a2ce7" testListId="8c84fa94-04c1-424b-9868-57a2d4851a1d"/>
    <TestEntry testId="d27f3b96-82a1-4dc4-840e-040daf59388c" executionId="a549596a-8bb8-4e39-a7ce-fed967402f28" testListId="8c84fa94-04c1-424b-9868-57a2d4851a1d"/>
    <TestEntry testId="e70ae0d7-3597-405e-b249-17d276a3dea0" executionId="933d28a0-c7d8-4233-a7b9-f58e0275dace" testListId="8c84fa94-04c1-424b-9868-57a2d4851a1d"/>
    <TestEntry testId="a6404f9c-8d3f-4324-868c-438525c65619" executionId="974688aa-080b-4511-9b1f-5b39b30bcc77" testListId="8c84fa94-04c1-424b-9868-57a2d4851a1d"/>
    <TestEntry testId="1c3168c9-03ac-4a5f-a194-0719589f3c85" executionId="d02672d0-5071-401d-9874-2b4e9b92dca8" testListId="8c84fa94-04c1-424b-9868-57a2d4851a1d"/>
    <TestEntry testId="9811ea9d-328a-420e-8cd7-6e0a50081486" executionId="d486ea7d-97a4-4118-b807-d42fae2e544c" testListId="8c84fa94-04c1-424b-9868-57a2d4851a1d"/>
    <TestEntry testId="6a30b93b-0708-4369-9517-f0480a15f907" executionId="64187807-9fd6-4563-9262-b3c7c56510a5" testListId="8c84fa94-04c1-424b-9868-57a2d4851a1d"/>
  </TestEntries>
  <Results>
    <UnitTestResult testId="ff835852-cd70-4c61-830c-e3c2463ccec3" executionId="6272a15b-c19d-4d91-a5c4-6898e7841b10" testName="&lt;FileUpload/> / renders without error" computerName="Helens-iMac.local" duration="00:00:01.166" startTime="2020-04-30T15:50:19.355Z" endTime="2020-04-30T15:50:20.521Z" testType="13cdc9d9-ddb5-4fa4-a97d-d965ccfc6d4b" outcome="Passed" testListId="8c84fa94-04c1-424b-9868-57a2d4851a1d"/>
    <UnitTestResult testId="541af022-9fbe-4adb-8969-8f01c4c831fb" executionId="3468d49e-4282-40c2-a9d2-039394f30d14" testName="&lt;FileUpload/> / Has a label with default text" computerName="Helens-iMac.local" duration="00:00:01.166" startTime="2020-04-30T15:50:20.521Z" endTime="2020-04-30T15:50:21.687Z" testType="13cdc9d9-ddb5-4fa4-a97d-d965ccfc6d4b" outcome="Passed" testListId="8c84fa94-04c1-424b-9868-57a2d4851a1d"/>
    <UnitTestResult testId="597c0e66-3af2-4e42-9d4c-447c4faf6bcf" executionId="b72bfa5d-fdc2-4528-8dc0-48d124199ac2" testName="&lt;FileUpload/> / When Clicked / opens a file dialog" computerName="Helens-iMac.local" duration="00:00:01.166" startTime="2020-04-30T15:50:21.687Z" endTime="2020-04-30T15:50:22.853Z" testType="13cdc9d9-ddb5-4fa4-a97d-d965ccfc6d4b" outcome="Passed" testListId="8c84fa94-04c1-424b-9868-57a2d4851a1d"/>
    <UnitTestResult testId="33901d09-23ab-4328-a501-ec0a08ac652f" executionId="6a75f2e8-09f8-4ab5-8f6b-be84ec011661" testName="&lt;Main/> / it renders without error" computerName="Helens-iMac.local" duration="00:00:01.783" startTime="2020-04-30T15:50:19.401Z" endTime="2020-04-30T15:50:21.184Z" testType="13cdc9d9-ddb5-4fa4-a97d-d965ccfc6d4b" outcome="Passed" testListId="8c84fa94-04c1-424b-9868-57a2d4851a1d"/>
    <UnitTestResult testId="814c050e-3dc4-4f2f-a957-f68e67e1dd80" executionId="e8c1a4a9-b3b1-409f-810a-23cc90dbc1b4" testName="&lt;Main/> / When disabled / Displays the input field" computerName="Helens-iMac.local" duration="00:00:01.783" startTime="2020-04-30T15:50:21.184Z" endTime="2020-04-30T15:50:22.967Z" testType="13cdc9d9-ddb5-4fa4-a97d-d965ccfc6d4b" outcome="Passed" testListId="8c84fa94-04c1-424b-9868-57a2d4851a1d"/>
    <UnitTestResult testId="c530eca6-c0f5-46cb-9fe7-2667c44f0392" executionId="171cdcc3-25f9-4ea1-891e-4e5baf984b4d" testName="renders The App without error" computerName="Helens-iMac.local" duration="00:00:03.636" startTime="2020-04-30T15:50:19.355Z" endTime="2020-04-30T15:50:22.991Z" testType="13cdc9d9-ddb5-4fa4-a97d-d965ccfc6d4b" outcome="Passed" testListId="8c84fa94-04c1-424b-9868-57a2d4851a1d"/>
    <UnitTestResult testId="6a55a272-0fce-4eb2-8f40-8f9ea54f03e0" executionId="843bb109-7b19-4daf-a9b7-ba174fca3079" testName="&lt;RefreshButton/> / renders without error" computerName="Helens-iMac.local" duration="00:00:00.195" startTime="2020-04-30T15:50:22.869Z" endTime="2020-04-30T15:50:23.064Z" testType="13cdc9d9-ddb5-4fa4-a97d-d965ccfc6d4b" outcome="Passed" testListId="8c84fa94-04c1-424b-9868-57a2d4851a1d"/>
    <UnitTestResult testId="1b6faad2-bdff-48a0-8e95-4d2e8071ed99" executionId="2bd81cc1-0ee0-46d1-998c-da9b8230d5ba" testName="&lt;RefreshButton/> / on click / it calls refresh method in the context" computerName="Helens-iMac.local" duration="00:00:00.195" startTime="2020-04-30T15:50:23.064Z" endTime="2020-04-30T15:50:23.259Z" testType="13cdc9d9-ddb5-4fa4-a97d-d965ccfc6d4b" outcome="Passed" testListId="8c84fa94-04c1-424b-9868-57a2d4851a1d"/>
    <UnitTestResult testId="32a2be13-d6cc-4498-9ac3-792ade7acbe5" executionId="f6d3a613-9b0d-40fb-8fed-6b0f7cbfd959" testName="&lt;ResultsButton/> / renders without error" computerName="Helens-iMac.local" duration="00:00:00.113" startTime="2020-04-30T15:50:22.978Z" endTime="2020-04-30T15:50:23.091Z" testType="13cdc9d9-ddb5-4fa4-a97d-d965ccfc6d4b" outcome="Passed" testListId="8c84fa94-04c1-424b-9868-57a2d4851a1d"/>
    <UnitTestResult testId="7ce54cd4-d8fa-44ff-b226-3720eb5407f5" executionId="6c59352d-d877-40ab-a5d8-d6697b1dcf47" testName="&lt;ResultsButton/> / when disabled / should have class disabled" computerName="Helens-iMac.local" duration="00:00:00.113" startTime="2020-04-30T15:50:23.091Z" endTime="2020-04-30T15:50:23.204Z" testType="13cdc9d9-ddb5-4fa4-a97d-d965ccfc6d4b" outcome="Passed" testListId="8c84fa94-04c1-424b-9868-57a2d4851a1d"/>
    <UnitTestResult testId="e29fa8ea-0921-4f28-a562-7d583e6fb8ef" executionId="0862fd51-7df5-4292-83f6-ad27975a326f" testName="&lt;ResultsButton/> / when not disabled / should not have class disabled" computerName="Helens-iMac.local" duration="00:00:00.113" startTime="2020-04-30T15:50:23.204Z" endTime="2020-04-30T15:50:23.317Z" testType="13cdc9d9-ddb5-4fa4-a97d-d965ccfc6d4b" outcome="Passed" testListId="8c84fa94-04c1-424b-9868-57a2d4851a1d"/>
    <UnitTestResult testId="dd7d857f-1774-4e6f-8215-c72900852542" executionId="d1c832db-c2e3-4e43-b248-d5b9ef06fbbd" testName="&lt;ListItem/> / renders without error" computerName="Helens-iMac.local" duration="00:00:00.164" startTime="2020-04-30T15:50:23.004Z" endTime="2020-04-30T15:50:23.168Z" testType="13cdc9d9-ddb5-4fa4-a97d-d965ccfc6d4b" outcome="Passed" testListId="8c84fa94-04c1-424b-9868-57a2d4851a1d"/>
    <UnitTestResult testId="25c356a3-7dd4-48fd-869e-6c9140a5a88f" executionId="142dc337-f0a7-4604-ac13-d475a10a5809" testName="&lt;ListItem/> / When clicked / calls showNext" computerName="Helens-iMac.local" duration="00:00:00.164" startTime="2020-04-30T15:50:23.168Z" endTime="2020-04-30T15:50:23.332Z" testType="13cdc9d9-ddb5-4fa4-a97d-d965ccfc6d4b" outcome="Passed" testListId="8c84fa94-04c1-424b-9868-57a2d4851a1d"/>
    <UnitTestResult testId="92ab2d32-c2b9-4ccd-bf53-1b7b468074dd" executionId="dd485a61-4b24-447e-a9c6-1966ddb7a0a6" testName="&lt;Help/> / renders without error" computerName="Helens-iMac.local" duration="00:00:00.149" startTime="2020-04-30T15:50:23.270Z" endTime="2020-04-30T15:50:23.419Z" testType="13cdc9d9-ddb5-4fa4-a97d-d965ccfc6d4b" outcome="Passed" testListId="8c84fa94-04c1-424b-9868-57a2d4851a1d"/>
    <UnitTestResult testId="194d5715-133a-4897-94eb-8a9e21dadd45" executionId="cd2a8f4a-b91b-4e1d-9175-25c6a4af379f" testName="&lt;Help/> / Shows help text returned from context" computerName="Helens-iMac.local" duration="00:00:00.149" startTime="2020-04-30T15:50:23.419Z" endTime="2020-04-30T15:50:23.568Z" testType="13cdc9d9-ddb5-4fa4-a97d-d965ccfc6d4b" outcome="Passed" testListId="8c84fa94-04c1-424b-9868-57a2d4851a1d"/>
    <UnitTestResult testId="28657a79-a53a-4c1e-9162-7ce82928c074" executionId="6b1a17b3-7969-42ff-b1e9-23dfff553b2e" testName="&lt;FlowContainer/> / is disabled by default" computerName="Helens-iMac.local" duration="00:00:00.180" startTime="2020-04-30T15:50:23.328Z" endTime="2020-04-30T15:50:23.508Z" testType="13cdc9d9-ddb5-4fa4-a97d-d965ccfc6d4b" outcome="Passed" testListId="8c84fa94-04c1-424b-9868-57a2d4851a1d"/>
    <UnitTestResult testId="8a9af602-2b61-4a23-920c-7aeb84a1ef7d" executionId="bde42151-5831-4dbe-8efa-67981fc95224" testName="&lt;FlowContainer/> / When First Enabled / Shows the Flow Component" computerName="Helens-iMac.local" duration="00:00:00.180" startTime="2020-04-30T15:50:23.508Z" endTime="2020-04-30T15:50:23.688Z" testType="13cdc9d9-ddb5-4fa4-a97d-d965ccfc6d4b" outcome="Passed" testListId="8c84fa94-04c1-424b-9868-57a2d4851a1d"/>
    <UnitTestResult testId="faf76cce-5e7a-427e-b58b-f85142407935" executionId="802c9a71-3b93-447a-9334-a538d3004bd1" testName="&lt;RunButton / it renders without error" computerName="Helens-iMac.local" duration="00:00:00.070" startTime="2020-04-30T15:50:23.342Z" endTime="2020-04-30T15:50:23.412Z" testType="13cdc9d9-ddb5-4fa4-a97d-d965ccfc6d4b" outcome="Passed" testListId="8c84fa94-04c1-424b-9868-57a2d4851a1d"/>
    <UnitTestResult testId="55967d3c-0095-4b4a-9167-985b8d7ead2e" executionId="a34ce85d-aab3-4e14-83c7-80b4e7111ae6" testName="&lt;RunButton / when disabled / Has the disabled class" computerName="Helens-iMac.local" duration="00:00:00.070" startTime="2020-04-30T15:50:23.412Z" endTime="2020-04-30T15:50:23.482Z" testType="13cdc9d9-ddb5-4fa4-a97d-d965ccfc6d4b" outcome="Passed" testListId="8c84fa94-04c1-424b-9868-57a2d4851a1d"/>
    <UnitTestResult testId="fd34381a-f36b-4a8e-8575-09cbbb4bbe25" executionId="9001f760-d11f-429e-8937-899966b3766c" testName="&lt;RunButton / when disabled / Cannot call run data" computerName="Helens-iMac.local" duration="00:00:00.070" startTime="2020-04-30T15:50:23.482Z" endTime="2020-04-30T15:50:23.552Z" testType="13cdc9d9-ddb5-4fa4-a97d-d965ccfc6d4b" outcome="Passed" testListId="8c84fa94-04c1-424b-9868-57a2d4851a1d"/>
    <UnitTestResult testId="c9280cb4-1085-4e02-8fbe-9c2c252eaba5" executionId="0fb67462-b19b-427e-9b29-08e01e0499f9" testName="&lt;RunButton / when enabled / Does not have the disabled class" computerName="Helens-iMac.local" duration="00:00:00.070" startTime="2020-04-30T15:50:23.552Z" endTime="2020-04-30T15:50:23.622Z" testType="13cdc9d9-ddb5-4fa4-a97d-d965ccfc6d4b" outcome="Passed" testListId="8c84fa94-04c1-424b-9868-57a2d4851a1d"/>
    <UnitTestResult testId="f8159724-27dc-485a-9444-c66d8399f865" executionId="839b1ccb-47e4-460a-9b89-f94651c5131c" testName="&lt;RunButton / when enabled / Can call run data" computerName="Helens-iMac.local" duration="00:00:00.070" startTime="2020-04-30T15:50:23.622Z" endTime="2020-04-30T15:50:23.692Z" testType="13cdc9d9-ddb5-4fa4-a97d-d965ccfc6d4b" outcome="Passed" testListId="8c84fa94-04c1-424b-9868-57a2d4851a1d"/>
    <UnitTestResult testId="2d680856-d10c-4c48-870f-7ccffb8cbf3e" executionId="ef575596-80d6-4eaa-9f14-d97f3d7c62ad" testName="&lt;RunArrow/> / It renders without error" computerName="Helens-iMac.local" duration="00:00:00.105" startTime="2020-04-30T15:50:23.580Z" endTime="2020-04-30T15:50:23.685Z" testType="13cdc9d9-ddb5-4fa4-a97d-d965ccfc6d4b" outcome="Passed" testListId="8c84fa94-04c1-424b-9868-57a2d4851a1d"/>
    <UnitTestResult testId="7aefecd3-ce68-4c3e-a528-64276d1d2bba" executionId="39716b9f-faa2-4033-a514-829058265e68" testName="&lt;RunArrow/> / when disabled / The disabled class is applied" computerName="Helens-iMac.local" duration="00:00:00.105" startTime="2020-04-30T15:50:23.685Z" endTime="2020-04-30T15:50:23.790Z" testType="13cdc9d9-ddb5-4fa4-a97d-d965ccfc6d4b" outcome="Passed" testListId="8c84fa94-04c1-424b-9868-57a2d4851a1d"/>
    <UnitTestResult testId="ebdbb2f0-1c84-4a58-9e31-02523c94e1e1" executionId="0fa5f7bb-c03a-48aa-b49f-d0dadc6cbd6d" testName="&lt;RunArrow/> / when ran / the ran class is applied" computerName="Helens-iMac.local" duration="00:00:00.105" startTime="2020-04-30T15:50:23.790Z" endTime="2020-04-30T15:50:23.895Z" testType="13cdc9d9-ddb5-4fa4-a97d-d965ccfc6d4b" outcome="Passed" testListId="8c84fa94-04c1-424b-9868-57a2d4851a1d"/>
    <UnitTestResult testId="f4e389ac-4e1c-4150-a5da-cc0470ae8aee" executionId="00a1b39d-6ccb-4ec0-b3b2-1cbed535da81" testName="&lt;List/> / It renders without error" computerName="Helens-iMac.local" duration="00:00:00.081" startTime="2020-04-30T15:50:23.708Z" endTime="2020-04-30T15:50:23.789Z" testType="13cdc9d9-ddb5-4fa4-a97d-d965ccfc6d4b" outcome="Passed" testListId="8c84fa94-04c1-424b-9868-57a2d4851a1d"/>
    <UnitTestResult testId="703b0ebf-e1ca-4796-a060-7afc2f113d39" executionId="aa9b3273-5bbf-43cb-9e8b-b5a3194d0752" testName="&lt;List/> / Drop Down List / Displays a default selection" computerName="Helens-iMac.local" duration="00:00:00.081" startTime="2020-04-30T15:50:23.789Z" endTime="2020-04-30T15:50:23.870Z" testType="13cdc9d9-ddb5-4fa4-a97d-d965ccfc6d4b" outcome="Passed" testListId="8c84fa94-04c1-424b-9868-57a2d4851a1d"/>
    <UnitTestResult testId="96b4a121-b86e-49ed-8afb-121ce8591073" executionId="16ea7296-9486-4eeb-a0fb-b2da546f4b72" testName="&lt;List/> / Drop Down List / On Click / Displays a collection of items" computerName="Helens-iMac.local" duration="00:00:00.081" startTime="2020-04-30T15:50:23.870Z" endTime="2020-04-30T15:50:23.951Z" testType="13cdc9d9-ddb5-4fa4-a97d-d965ccfc6d4b" outcome="Passed" testListId="8c84fa94-04c1-424b-9868-57a2d4851a1d"/>
    <UnitTestResult testId="de10a32a-f7eb-44d5-91c7-20ec3a932d99" executionId="be29f1f5-e6e4-493c-b255-c486227459c7" testName="&lt;Update/> / It renders without error" computerName="Helens-iMac.local" duration="00:00:00.099" startTime="2020-04-30T15:50:23.696Z" endTime="2020-04-30T15:50:23.795Z" testType="13cdc9d9-ddb5-4fa4-a97d-d965ccfc6d4b" outcome="Passed" testListId="8c84fa94-04c1-424b-9868-57a2d4851a1d"/>
    <UnitTestResult testId="21602054-4610-41e0-9603-342811c05034" executionId="39b2de30-54cf-4066-8c2a-51fb59c7ba1b" testName="&lt;Update/> / when disabled / The disabled class is applied" computerName="Helens-iMac.local" duration="00:00:00.099" startTime="2020-04-30T15:50:23.795Z" endTime="2020-04-30T15:50:23.894Z" testType="13cdc9d9-ddb5-4fa4-a97d-d965ccfc6d4b" outcome="Passed" testListId="8c84fa94-04c1-424b-9868-57a2d4851a1d"/>
    <UnitTestResult testId="519eb1af-ca16-476a-913b-9083f7f3a2cb" executionId="52d468fc-0bae-4f62-8879-0a440893572c" testName="&lt;Update/> / when ran / the ran class is appled" computerName="Helens-iMac.local" duration="00:00:00.099" startTime="2020-04-30T15:50:23.894Z" endTime="2020-04-30T15:50:23.993Z" testType="13cdc9d9-ddb5-4fa4-a97d-d965ccfc6d4b" outcome="Passed" testListId="8c84fa94-04c1-424b-9868-57a2d4851a1d"/>
    <UnitTestResult testId="a9fc9c26-83d8-4c40-b75b-dcaf7ad7549d" executionId="61b0483c-9c64-4508-a566-53d6319d6647" testName="dataContextFactory / Returns a Context Object and a provider / That does not throw an error when wrapping another element" computerName="Helens-iMac.local" duration="00:00:00.222" startTime="2020-04-30T15:50:23.962Z" endTime="2020-04-30T15:50:24.184Z" testType="13cdc9d9-ddb5-4fa4-a97d-d965ccfc6d4b" outcome="Passed" testListId="8c84fa94-04c1-424b-9868-57a2d4851a1d"/>
    <UnitTestResult testId="d8ffeda4-a2fc-4f11-b03c-7858f7cc3058" executionId="4e90aa51-d350-470a-93aa-b9c86516448d" testName="&lt;Input/> / it renders without error" computerName="Helens-iMac.local" duration="00:00:00.058" startTime="2020-04-30T15:50:23.903Z" endTime="2020-04-30T15:50:23.961Z" testType="13cdc9d9-ddb5-4fa4-a97d-d965ccfc6d4b" outcome="Passed" testListId="8c84fa94-04c1-424b-9868-57a2d4851a1d"/>
    <UnitTestResult testId="87f440cf-ae6f-428c-b5ee-07166c492285" executionId="2119b027-255d-498f-bbb2-0d3a3226649f" testName="&lt;Input/> / when disabled / has the disabled class" computerName="Helens-iMac.local" duration="00:00:00.058" startTime="2020-04-30T15:50:23.961Z" endTime="2020-04-30T15:50:24.019Z" testType="13cdc9d9-ddb5-4fa4-a97d-d965ccfc6d4b" outcome="Passed" testListId="8c84fa94-04c1-424b-9868-57a2d4851a1d"/>
    <UnitTestResult testId="f5025a82-2592-4cf2-a41a-a44789202031" executionId="91606462-ec36-435d-8183-c4c3341b0606" testName="&lt;Input/> / when disabled / Cannot call uploadData" computerName="Helens-iMac.local" duration="00:00:00.058" startTime="2020-04-30T15:50:24.019Z" endTime="2020-04-30T15:50:24.077Z" testType="13cdc9d9-ddb5-4fa4-a97d-d965ccfc6d4b" outcome="Passed" testListId="8c84fa94-04c1-424b-9868-57a2d4851a1d"/>
    <UnitTestResult testId="827f087c-4008-460b-83f6-0370ab8b2d55" executionId="d02e5812-6747-47d7-bdaa-76ff475f291d" testName="&lt;Input/> / when enabled / does not have the disabled class" computerName="Helens-iMac.local" duration="00:00:00.058" startTime="2020-04-30T15:50:24.077Z" endTime="2020-04-30T15:50:24.135Z" testType="13cdc9d9-ddb5-4fa4-a97d-d965ccfc6d4b" outcome="Passed" testListId="8c84fa94-04c1-424b-9868-57a2d4851a1d"/>
    <UnitTestResult testId="10c32941-8f79-4040-9c75-1e819ec132e5" executionId="5e58996f-c269-4621-b067-6b8f0b5933db" testName="&lt;Input/> / when enabled / when clicked / It calls the uploadData function" computerName="Helens-iMac.local" duration="00:00:00.058" startTime="2020-04-30T15:50:24.135Z" endTime="2020-04-30T15:50:24.193Z" testType="13cdc9d9-ddb5-4fa4-a97d-d965ccfc6d4b" outcome="Passed" testListId="8c84fa94-04c1-424b-9868-57a2d4851a1d"/>
    <UnitTestResult testId="cc0ebb47-dc68-42d9-a680-43b400b23f33" executionId="97a99fe8-bdbd-4f7c-8cfc-23a6b14d06e1" testName="&lt;Button /> / renders without error" computerName="Helens-iMac.local" duration="00:00:00.073" startTime="2020-04-30T15:50:24.002Z" endTime="2020-04-30T15:50:24.075Z" testType="13cdc9d9-ddb5-4fa4-a97d-d965ccfc6d4b" outcome="Passed" testListId="8c84fa94-04c1-424b-9868-57a2d4851a1d"/>
    <UnitTestResult testId="1a86967e-ab31-4961-8890-41f9e4ba341f" executionId="aba81582-7a6b-43ac-a9e8-4095d169db9f" testName="&lt;Button /> / can be set to be active" computerName="Helens-iMac.local" duration="00:00:00.073" startTime="2020-04-30T15:50:24.075Z" endTime="2020-04-30T15:50:24.148Z" testType="13cdc9d9-ddb5-4fa4-a97d-d965ccfc6d4b" outcome="Passed" testListId="8c84fa94-04c1-424b-9868-57a2d4851a1d"/>
    <UnitTestResult testId="919d6b3d-0c06-4049-98c5-fbc00705e1e7" executionId="aa413aae-4a50-4aa8-99fb-23837d5c7b0d" testName="&lt;Button /> / can accept other classes" computerName="Helens-iMac.local" duration="00:00:00.073" startTime="2020-04-30T15:50:24.148Z" endTime="2020-04-30T15:50:24.221Z" testType="13cdc9d9-ddb5-4fa4-a97d-d965ccfc6d4b" outcome="Passed" testListId="8c84fa94-04c1-424b-9868-57a2d4851a1d"/>
    <UnitTestResult testId="4d139043-5347-47db-ba74-b2e1ae457459" executionId="5564ee83-6716-44fc-91eb-16ad77a2d8b4" testName="&lt;Nav/> / renders without error" computerName="Helens-iMac.local" duration="00:00:00.262" startTime="2020-04-30T15:50:24.211Z" endTime="2020-04-30T15:50:24.473Z" testType="13cdc9d9-ddb5-4fa4-a97d-d965ccfc6d4b" outcome="Passed" testListId="8c84fa94-04c1-424b-9868-57a2d4851a1d"/>
    <UnitTestResult testId="3a042ccb-0281-4dd7-8af1-70a68323d4f7" executionId="b469511c-0248-4439-9c65-e394af7b66fe" testName="&lt;Form/> / renders without error" computerName="Helens-iMac.local" duration="00:00:00.148" startTime="2020-04-30T15:50:24.195Z" endTime="2020-04-30T15:50:24.343Z" testType="13cdc9d9-ddb5-4fa4-a97d-d965ccfc6d4b" outcome="Passed" testListId="8c84fa94-04c1-424b-9868-57a2d4851a1d"/>
    <UnitTestResult testId="9a5010d6-f3b4-46e2-a92e-888fc9f2b53a" executionId="8e9fef2c-02c1-4ad8-9e18-22bfefb58d16" testName="&lt;Form/> / renders a form field for every field item" computerName="Helens-iMac.local" duration="00:00:00.148" startTime="2020-04-30T15:50:24.343Z" endTime="2020-04-30T15:50:24.491Z" testType="13cdc9d9-ddb5-4fa4-a97d-d965ccfc6d4b" outcome="Passed" testListId="8c84fa94-04c1-424b-9868-57a2d4851a1d"/>
    <UnitTestResult testId="41d997f0-816b-4d04-bd2f-e29c6f8b1e51" executionId="ed9106c9-2a8f-4496-ba32-3765ce2c61c7" testName="&lt;Header/> / renders without error" computerName="Helens-iMac.local" duration="00:00:00.134" startTime="2020-04-30T15:50:24.238Z" endTime="2020-04-30T15:50:24.372Z" testType="13cdc9d9-ddb5-4fa4-a97d-d965ccfc6d4b" outcome="Passed" testListId="8c84fa94-04c1-424b-9868-57a2d4851a1d"/>
    <UnitTestResult testId="c7c86a9f-8297-48d8-a495-3d62e0aaa171" executionId="37e3410f-1f96-45b0-b62c-bf013239d5a0" testName="&lt;Header/> / Displays a user name" computerName="Helens-iMac.local" duration="00:00:00.134" startTime="2020-04-30T15:50:24.372Z" endTime="2020-04-30T15:50:24.506Z" testType="13cdc9d9-ddb5-4fa4-a97d-d965ccfc6d4b" outcome="Passed" testListId="8c84fa94-04c1-424b-9868-57a2d4851a1d"/>
    <UnitTestResult testId="e3e3d96c-a5c3-4086-8f05-5c5ed33e4f54" executionId="6dd3ecad-55eb-4f9c-91e1-f68a7a5c404b" testName="&lt;Arrow /> / it renders without error" computerName="Helens-iMac.local" duration="00:00:00.065" startTime="2020-04-30T15:50:24.499Z" endTime="2020-04-30T15:50:24.564Z" testType="13cdc9d9-ddb5-4fa4-a97d-d965ccfc6d4b" outcome="Passed" testListId="8c84fa94-04c1-424b-9868-57a2d4851a1d"/>
    <UnitTestResult testId="284b2757-8543-4a5d-bbb3-0b745fb11b9f" executionId="84c46bdd-585e-4d1c-a986-1365b711f2c8" testName="&lt;Arrow /> / renders without Error when passed a valid set of paths" computerName="Helens-iMac.local" duration="00:00:00.065" startTime="2020-04-30T15:50:24.564Z" endTime="2020-04-30T15:50:24.629Z" testType="13cdc9d9-ddb5-4fa4-a97d-d965ccfc6d4b" outcome="Passed" testListId="8c84fa94-04c1-424b-9868-57a2d4851a1d"/>
    <UnitTestResult testId="ad1e1f9d-9745-47ea-852b-b14be853c7e1" executionId="00d4be68-bd8b-48e8-b809-14bf3ffe737a" testName="&lt;Arrow /> / takes a child path element and renders it" computerName="Helens-iMac.local" duration="00:00:00.065" startTime="2020-04-30T15:50:24.629Z" endTime="2020-04-30T15:50:24.694Z" testType="13cdc9d9-ddb5-4fa4-a97d-d965ccfc6d4b" outcome="Passed" testListId="8c84fa94-04c1-424b-9868-57a2d4851a1d"/>
    <UnitTestResult testId="450c0736-308e-42eb-9523-9891974e0c6b" executionId="27561c65-6350-40fc-a619-5577f50436e0" testName="&lt;FormField/> / it renders without error" computerName="Helens-iMac.local" duration="00:00:00.200" startTime="2020-04-30T15:50:24.518Z" endTime="2020-04-30T15:50:24.718Z" testType="13cdc9d9-ddb5-4fa4-a97d-d965ccfc6d4b" outcome="Passed" testListId="8c84fa94-04c1-424b-9868-57a2d4851a1d"/>
    <UnitTestResult testId="c95b671e-8eac-4f38-a641-da24aee9d96e" executionId="acbb157b-fbdc-4a34-bab9-402d48cd9844" testName="&lt;ScenarioModelling/> / it renders without error" computerName="Helens-iMac.local" duration="00:00:00.079" startTime="2020-04-30T15:50:24.487Z" endTime="2020-04-30T15:50:24.566Z" testType="13cdc9d9-ddb5-4fa4-a97d-d965ccfc6d4b" outcome="Passed" testListId="8c84fa94-04c1-424b-9868-57a2d4851a1d"/>
    <UnitTestResult testId="cb950d0b-c277-4563-9685-ab4cb79d5fe7" executionId="701c878f-3c13-47a7-9f12-f4b633a6e70f" testName="&lt;ScenarioModelling/> / It has a header" computerName="Helens-iMac.local" duration="00:00:00.079" startTime="2020-04-30T15:50:24.566Z" endTime="2020-04-30T15:50:24.645Z" testType="13cdc9d9-ddb5-4fa4-a97d-d965ccfc6d4b" outcome="Passed" testListId="8c84fa94-04c1-424b-9868-57a2d4851a1d"/>
    <UnitTestResult testId="4035c1d9-6b3b-447b-b661-2420b96f958f" executionId="4494ea33-73be-4c69-9e7f-a9a9dfb82385" testName="&lt;ScenarioModelling/> / It has a drop down select container" computerName="Helens-iMac.local" duration="00:00:00.079" startTime="2020-04-30T15:50:24.645Z" endTime="2020-04-30T15:50:24.724Z" testType="13cdc9d9-ddb5-4fa4-a97d-d965ccfc6d4b" outcome="Passed" testListId="8c84fa94-04c1-424b-9868-57a2d4851a1d"/>
    <UnitTestResult testId="80e6e461-7be7-430e-aac5-8ff158723456" executionId="4a245ced-ec6c-47ac-89db-59368856ae4c" testName="getColumnItem / returns the correct columnItem for items on first tier" computerName="Helens-iMac.local" duration="00:00:00.018" startTime="2020-04-30T15:50:24.726Z" endTime="2020-04-30T15:50:24.744Z" testType="13cdc9d9-ddb5-4fa4-a97d-d965ccfc6d4b" outcome="Passed" testListId="8c84fa94-04c1-424b-9868-57a2d4851a1d"/>
    <UnitTestResult testId="6a8e97ec-d2aa-4855-915a-a0f5c6f6a2d0" executionId="46624b04-a52c-475d-aaf9-548a63a0bac8" testName="getColumnItem / return the correct column item for items on the 5th tier" computerName="Helens-iMac.local" duration="00:00:00.018" startTime="2020-04-30T15:50:24.744Z" endTime="2020-04-30T15:50:24.762Z" testType="13cdc9d9-ddb5-4fa4-a97d-d965ccfc6d4b" outcome="Passed" testListId="8c84fa94-04c1-424b-9868-57a2d4851a1d"/>
    <UnitTestResult testId="7884fd0d-28b5-49f5-86b4-5ea37c763a1d" executionId="0888dccd-17bd-4738-85a4-4f6134e4b361" testName="buildColumnItem / When input options is the same length as the column number / it appends a new column item" computerName="Helens-iMac.local" duration="00:00:00.018" startTime="2020-04-30T15:50:24.762Z" endTime="2020-04-30T15:50:24.780Z" testType="13cdc9d9-ddb5-4fa4-a97d-d965ccfc6d4b" outcome="Passed" testListId="8c84fa94-04c1-424b-9868-57a2d4851a1d"/>
    <UnitTestResult testId="3f82e779-85ba-488d-b428-c05173dd64b0" executionId="36e62ac1-7bec-4383-ad6c-0aea96bdee40" testName="buildColumnItem / When input options is the same length as the column number / The new item has column index of 2" computerName="Helens-iMac.local" duration="00:00:00.018" startTime="2020-04-30T15:50:24.780Z" endTime="2020-04-30T15:50:24.798Z" testType="13cdc9d9-ddb5-4fa4-a97d-d965ccfc6d4b" outcome="Passed" testListId="8c84fa94-04c1-424b-9868-57a2d4851a1d"/>
    <UnitTestResult testId="ee1cacfa-fe5f-4a82-8b4e-95fdb943b0d4" executionId="2cfb851a-b4ba-4e43-91ca-53b5ece84853" testName="buildColumnItem / When input options length is greater than selected option / When an item is selected from the first column / it returns a list with 2 elements" computerName="Helens-iMac.local" duration="00:00:00.018" startTime="2020-04-30T15:50:24.798Z" endTime="2020-04-30T15:50:24.816Z" testType="13cdc9d9-ddb5-4fa4-a97d-d965ccfc6d4b" outcome="Passed" testListId="8c84fa94-04c1-424b-9868-57a2d4851a1d"/>
    <UnitTestResult testId="21b1ab8e-41ec-40cd-9fc1-d483bab8d217" executionId="f91eb952-0074-4558-a3a3-cf14af9a238d" testName="buildColumnItem / When input options length is greater than selected option / When an item is selected from the first column / The 2nd element has a idx of 2" computerName="Helens-iMac.local" duration="00:00:00.018" startTime="2020-04-30T15:50:24.816Z" endTime="2020-04-30T15:50:24.834Z" testType="13cdc9d9-ddb5-4fa4-a97d-d965ccfc6d4b" outcome="Passed" testListId="8c84fa94-04c1-424b-9868-57a2d4851a1d"/>
    <UnitTestResult testId="5fc40056-9700-4922-957d-7f95d1a8660d" executionId="1c638edc-1817-417e-8cda-85c23da198d8" testName="Scenario Context / ScenarioReducer / Returns a default state" computerName="Helens-iMac.local" duration="00:00:00.036" startTime="2020-04-30T15:50:24.733Z" endTime="2020-04-30T15:50:24.769Z" testType="13cdc9d9-ddb5-4fa4-a97d-d965ccfc6d4b" outcome="Passed" testListId="8c84fa94-04c1-424b-9868-57a2d4851a1d"/>
    <UnitTestResult testId="035d6ab3-bb58-44b9-b04f-ca5cf892cfcf" executionId="9fd76b34-bd08-4d33-b535-9986e00f2710" testName="Scenario Context / ScenarioReducer / When Type is SHOW_SCENARIOS / Adds scenarioOptions to the state" computerName="Helens-iMac.local" duration="00:00:00.036" startTime="2020-04-30T15:50:24.769Z" endTime="2020-04-30T15:50:24.805Z" testType="13cdc9d9-ddb5-4fa4-a97d-d965ccfc6d4b" outcome="Passed" testListId="8c84fa94-04c1-424b-9868-57a2d4851a1d"/>
    <UnitTestResult testId="e1adcacf-004a-4186-a681-4268a65a3fe5" executionId="664da4f2-e460-4f75-974c-8981b21a2ce7" testName="Scenario Context / Action Creators / showScenarios / It dispatches the showScenarios action" computerName="Helens-iMac.local" duration="00:00:00.036" startTime="2020-04-30T15:50:24.805Z" endTime="2020-04-30T15:50:24.841Z" testType="13cdc9d9-ddb5-4fa4-a97d-d965ccfc6d4b" outcome="Passed" testListId="8c84fa94-04c1-424b-9868-57a2d4851a1d"/>
    <UnitTestResult testId="d27f3b96-82a1-4dc4-840e-040daf59388c" executionId="a549596a-8bb8-4e39-a7ce-fed967402f28" testName="FlowContext / reducer / When type is START_FLOW / it returns some default state" computerName="Helens-iMac.local" duration="00:00:00.031" startTime="2020-04-30T15:50:24.702Z" endTime="2020-04-30T15:50:24.733Z" testType="13cdc9d9-ddb5-4fa4-a97d-d965ccfc6d4b" outcome="Passed" testListId="8c84fa94-04c1-424b-9868-57a2d4851a1d"/>
    <UnitTestResult testId="e70ae0d7-3597-405e-b249-17d276a3dea0" executionId="933d28a0-c7d8-4233-a7b9-f58e0275dace" testName="FlowContext / reducer / action creators / Upload Data / uploadData dispatches UPLOADINGDATA action" computerName="Helens-iMac.local" duration="00:00:00.031" startTime="2020-04-30T15:50:24.733Z" endTime="2020-04-30T15:50:24.764Z" testType="13cdc9d9-ddb5-4fa4-a97d-d965ccfc6d4b" outcome="Passed" testListId="8c84fa94-04c1-424b-9868-57a2d4851a1d"/>
    <UnitTestResult testId="a6404f9c-8d3f-4324-868c-438525c65619" executionId="974688aa-080b-4511-9b1f-5b39b30bcc77" testName="FlowContext / reducer / action creators / Upload Data / uploadData also fires INPUT_DATA action" computerName="Helens-iMac.local" duration="00:00:00.031" startTime="2020-04-30T15:50:24.764Z" endTime="2020-04-30T15:50:24.795Z" testType="13cdc9d9-ddb5-4fa4-a97d-d965ccfc6d4b" outcome="Passed" testListId="8c84fa94-04c1-424b-9868-57a2d4851a1d"/>
    <UnitTestResult testId="1c3168c9-03ac-4a5f-a194-0719589f3c85" executionId="d02672d0-5071-401d-9874-2b4e9b92dca8" testName="FlowContext / reducer / action creators / run data / calls RUN_DATA reducer action" computerName="Helens-iMac.local" duration="00:00:00.031" startTime="2020-04-30T15:50:24.795Z" endTime="2020-04-30T15:50:24.826Z" testType="13cdc9d9-ddb5-4fa4-a97d-d965ccfc6d4b" outcome="Passed" testListId="8c84fa94-04c1-424b-9868-57a2d4851a1d"/>
    <UnitTestResult testId="9811ea9d-328a-420e-8cd7-6e0a50081486" executionId="d486ea7d-97a4-4118-b807-d42fae2e544c" testName="FlowContext / reducer / action creators / inputData / It dispatches the INPUT_DATA action" computerName="Helens-iMac.local" duration="00:00:00.031" startTime="2020-04-30T15:50:24.826Z" endTime="2020-04-30T15:50:24.857Z" testType="13cdc9d9-ddb5-4fa4-a97d-d965ccfc6d4b" outcome="Passed" testListId="8c84fa94-04c1-424b-9868-57a2d4851a1d"/>
    <UnitTestResult testId="6a30b93b-0708-4369-9517-f0480a15f907" executionId="64187807-9fd6-4563-9262-b3c7c56510a5" testName="FlowContext / reducer / action creators / start / It dispatches the START action with a file payload" computerName="Helens-iMac.local" duration="00:00:00.031" startTime="2020-04-30T15:50:24.857Z" endTime="2020-04-30T15:50:24.888Z" testType="13cdc9d9-ddb5-4fa4-a97d-d965ccfc6d4b" outcome="Passed" testListId="8c84fa94-04c1-424b-9868-57a2d4851a1d"/>
  </Results>
</TestRun>